main.c:140:5:main	16	static
main.c:215:6:SystemClock_Config	184	static
main.c:276:13:MX_RTC_Init	8	static
main.c:310:13:MX_USART2_UART_Init	8	static
main.c:343:13:MX_GPIO_Init	48	static
main.c:372:6:vTask1_menu_display	32	static
main.c:384:6:vTask2_cmd_handling	32	static
main.c:408:6:vTask3_cmd_processing	80	static
main.c:444:6:vTask4_uart_write	24	static
main.c:455:6:printmsg	24	static
main.c:462:6:rtos_delay	24	static
main.c:474:6:USART2_IRQHandler	24	static,ignoring_inline_asm
main.c:503:9:getCommandCode	16	static
main.c:508:6:getArguments	16	static
main.c:512:6:make_led_on	8	static
main.c:517:6:make_led_off	8	static
main.c:522:6:led_toggle	16	static
main.c:527:6:led_toggle_start	32	static
main.c:541:6:led_toggle_stop	16	static
main.c:546:6:read_led_status	24	static
main.c:552:6:read_rtc_info	72	static
main.c:567:6:print_error_message	16	static
main.c:583:6:HAL_TIM_PeriodElapsedCallback	16	static
main.c:600:6:Error_Handler	4	static,ignoring_inline_asm
