core_cm4.h:1688:22:__NVIC_EnableIRQ	16	static
core_cm4.h:1762:22:__NVIC_SetPendingIRQ	16	static
core_cm4.h:1816:22:__NVIC_SetPriority	16	static
main.c:87:5:main	16	static
main.c:173:6:SystemClock_Config	184	static
main.c:234:13:MX_RTC_Init	8	static
main.c:268:13:MX_USART2_UART_Init	8	static
main.c:301:13:MX_GPIO_Init	48	static
main.c:330:13:vHandlerTask	16	static
main.c:347:13:vPeriodicTask	16	static
main.c:367:13:prvSetupSoftwareInterrupt	8	static
main.c:380:6:EXTI15_10_IRQHandler	16	static,ignoring_inline_asm
main.c:414:6:printmsg	24	static
main.c:430:6:HAL_TIM_PeriodElapsedCallback	16	static
main.c:447:6:Error_Handler	4	static,ignoring_inline_asm
