Archive member included to satisfy reference by file (symbol)

c:/st/stm32cubeide_1.4.0/stm32cubeide/plugins/com.st.stm32cube.ide.mcu.externaltools.gnu-tools-for-stm32.9-2020-q2-update.win32_2.0.0.202105311346/tools/bin/../lib/gcc/arm-none-eabi/9.3.1/../../../../arm-none-eabi/lib/thumb/v7e-m+fp/hard\libc_nano.a(lib_a-exit.o)
                              c:/st/stm32cubeide_1.4.0/stm32cubeide/plugins/com.st.stm32cube.ide.mcu.externaltools.gnu-tools-for-stm32.9-2020-q2-update.win32_2.0.0.202105311346/tools/bin/../lib/gcc/arm-none-eabi/9.3.1/../../../../arm-none-eabi/lib/thumb/v7e-m+fp/hard/crt0.o (exit)
c:/st/stm32cubeide_1.4.0/stm32cubeide/plugins/com.st.stm32cube.ide.mcu.externaltools.gnu-tools-for-stm32.9-2020-q2-update.win32_2.0.0.202105311346/tools/bin/../lib/gcc/arm-none-eabi/9.3.1/../../../../arm-none-eabi/lib/thumb/v7e-m+fp/hard\libc_nano.a(lib_a-impure.o)
                              c:/st/stm32cubeide_1.4.0/stm32cubeide/plugins/com.st.stm32cube.ide.mcu.externaltools.gnu-tools-for-stm32.9-2020-q2-update.win32_2.0.0.202105311346/tools/bin/../lib/gcc/arm-none-eabi/9.3.1/../../../../arm-none-eabi/lib/thumb/v7e-m+fp/hard\libc_nano.a(lib_a-exit.o) (_global_impure_ptr)
c:/st/stm32cubeide_1.4.0/stm32cubeide/plugins/com.st.stm32cube.ide.mcu.externaltools.gnu-tools-for-stm32.9-2020-q2-update.win32_2.0.0.202105311346/tools/bin/../lib/gcc/arm-none-eabi/9.3.1/../../../../arm-none-eabi/lib/thumb/v7e-m+fp/hard\libc_nano.a(lib_a-init.o)
                              c:/st/stm32cubeide_1.4.0/stm32cubeide/plugins/com.st.stm32cube.ide.mcu.externaltools.gnu-tools-for-stm32.9-2020-q2-update.win32_2.0.0.202105311346/tools/bin/../lib/gcc/arm-none-eabi/9.3.1/../../../../arm-none-eabi/lib/thumb/v7e-m+fp/hard/crt0.o (__libc_init_array)
c:/st/stm32cubeide_1.4.0/stm32cubeide/plugins/com.st.stm32cube.ide.mcu.externaltools.gnu-tools-for-stm32.9-2020-q2-update.win32_2.0.0.202105311346/tools/bin/../lib/gcc/arm-none-eabi/9.3.1/../../../../arm-none-eabi/lib/thumb/v7e-m+fp/hard\libc_nano.a(lib_a-memcmp.o)
                              ./common/ThirdParty/SEGGER/OS/SEGGER_SYSVIEW_FreeRTOS.o (memcmp)
c:/st/stm32cubeide_1.4.0/stm32cubeide/plugins/com.st.stm32cube.ide.mcu.externaltools.gnu-tools-for-stm32.9-2020-q2-update.win32_2.0.0.202105311346/tools/bin/../lib/gcc/arm-none-eabi/9.3.1/../../../../arm-none-eabi/lib/thumb/v7e-m+fp/hard\libc_nano.a(lib_a-memcpy-stub.o)
                              ./common/ThirdParty/FreeRTOS/queue.o (memcpy)
c:/st/stm32cubeide_1.4.0/stm32cubeide/plugins/com.st.stm32cube.ide.mcu.externaltools.gnu-tools-for-stm32.9-2020-q2-update.win32_2.0.0.202105311346/tools/bin/../lib/gcc/arm-none-eabi/9.3.1/../../../../arm-none-eabi/lib/thumb/v7e-m+fp/hard\libc_nano.a(lib_a-memset.o)
                              c:/st/stm32cubeide_1.4.0/stm32cubeide/plugins/com.st.stm32cube.ide.mcu.externaltools.gnu-tools-for-stm32.9-2020-q2-update.win32_2.0.0.202105311346/tools/bin/../lib/gcc/arm-none-eabi/9.3.1/../../../../arm-none-eabi/lib/thumb/v7e-m+fp/hard/crt0.o (memset)
c:/st/stm32cubeide_1.4.0/stm32cubeide/plugins/com.st.stm32cube.ide.mcu.externaltools.gnu-tools-for-stm32.9-2020-q2-update.win32_2.0.0.202105311346/tools/bin/../lib/gcc/arm-none-eabi/9.3.1/../../../../arm-none-eabi/lib/thumb/v7e-m+fp/hard\libc_nano.a(lib_a-sprintf.o)
                              ./Core/Src/main.o (sprintf)
c:/st/stm32cubeide_1.4.0/stm32cubeide/plugins/com.st.stm32cube.ide.mcu.externaltools.gnu-tools-for-stm32.9-2020-q2-update.win32_2.0.0.202105311346/tools/bin/../lib/gcc/arm-none-eabi/9.3.1/../../../../arm-none-eabi/lib/thumb/v7e-m+fp/hard\libc_nano.a(lib_a-strlen.o)
                              ./Core/Src/main.o (strlen)
c:/st/stm32cubeide_1.4.0/stm32cubeide/plugins/com.st.stm32cube.ide.mcu.externaltools.gnu-tools-for-stm32.9-2020-q2-update.win32_2.0.0.202105311346/tools/bin/../lib/gcc/arm-none-eabi/9.3.1/../../../../arm-none-eabi/lib/thumb/v7e-m+fp/hard\libc_nano.a(lib_a-nano-svfprintf.o)
                              c:/st/stm32cubeide_1.4.0/stm32cubeide/plugins/com.st.stm32cube.ide.mcu.externaltools.gnu-tools-for-stm32.9-2020-q2-update.win32_2.0.0.202105311346/tools/bin/../lib/gcc/arm-none-eabi/9.3.1/../../../../arm-none-eabi/lib/thumb/v7e-m+fp/hard\libc_nano.a(lib_a-sprintf.o) (_svfprintf_r)
c:/st/stm32cubeide_1.4.0/stm32cubeide/plugins/com.st.stm32cube.ide.mcu.externaltools.gnu-tools-for-stm32.9-2020-q2-update.win32_2.0.0.202105311346/tools/bin/../lib/gcc/arm-none-eabi/9.3.1/../../../../arm-none-eabi/lib/thumb/v7e-m+fp/hard\libc_nano.a(lib_a-nano-vfprintf_i.o)
                              c:/st/stm32cubeide_1.4.0/stm32cubeide/plugins/com.st.stm32cube.ide.mcu.externaltools.gnu-tools-for-stm32.9-2020-q2-update.win32_2.0.0.202105311346/tools/bin/../lib/gcc/arm-none-eabi/9.3.1/../../../../arm-none-eabi/lib/thumb/v7e-m+fp/hard\libc_nano.a(lib_a-nano-svfprintf.o) (_printf_i)
[...]
Memory Configuration

Name             Origin             Length             Attributes
RAM              0x0000000020000000 0x0000000000020000 xrw
FLASH            0x0000000008000000 0x0000000000080000 xr
*default*        0x0000000000000000 0xffffffffffffffff

Linker script and memory map

LOAD c:/st/stm32cubeide_1.4.0/stm32cubeide/plugins/com.st.stm32cube.ide.mcu.externaltools.gnu-tools-for-stm32.9-2020-q2-update.win32_2.0.0.202105311346/tools/bin/../lib/gcc/arm-none-eabi/9.3.1/thumb/v7e-m+fp/hard/crti.o
LOAD c:/st/stm32cubeide_1.4.0/stm32cubeide/plugins/com.st.stm32cube.ide.mcu.externaltools.gnu-tools-for-stm32.9-2020-q2-update.win32_2.0.0.202105311346/tools/bin/../lib/gcc/arm-none-eabi/9.3.1/thumb/v7e-m+fp/hard/crtbegin.o
LOAD c:/st/stm32cubeide_1.4.0/stm32cubeide/plugins/com.st.stm32cube.ide.mcu.externaltools.gnu-tools-for-stm32.9-2020-q2-update.win32_2.0.0.202105311346/tools/bin/../lib/gcc/arm-none-eabi/9.3.1/../../../../arm-none-eabi/lib/thumb/v7e-m+fp/hard/crt0.o
LOAD ./Core/Src/main.o
LOAD ./Core/Src/stm32f4xx_hal_msp.o
LOAD ./Core/Src/stm32f4xx_hal_timebase_tim.o
LOAD ./Core/Src/stm32f4xx_it.o
LOAD ./Core/Src/system_stm32f4xx.o
LOAD ./Core/Startup/startup_stm32f446retx.o
LOAD ./Drivers/STM32F4xx_HAL_Driver/Src/stm32f4xx_hal.o
LOAD ./Drivers/STM32F4xx_HAL_Driver/Src/stm32f4xx_hal_cortex.o
LOAD ./Drivers/STM32F4xx_HAL_Driver/Src/stm32f4xx_hal_dma.o
LOAD ./Drivers/STM32F4xx_HAL_Driver/Src/stm32f4xx_hal_dma_ex.o
LOAD ./Drivers/STM32F4xx_HAL_Driver/Src/stm32f4xx_hal_exti.o
LOAD ./Drivers/STM32F4xx_HAL_Driver/Src/stm32f4xx_hal_flash.o
LOAD ./Drivers/STM32F4xx_HAL_Driver/Src/stm32f4xx_hal_flash_ex.o
LOAD ./Drivers/STM32F4xx_HAL_Driver/Src/stm32f4xx_hal_flash_ramfunc.o
LOAD ./Drivers/STM32F4xx_HAL_Driver/Src/stm32f4xx_hal_gpio.o
LOAD ./Drivers/STM32F4xx_HAL_Driver/Src/stm32f4xx_hal_pwr.o
LOAD ./Drivers/STM32F4xx_HAL_Driver/Src/stm32f4xx_hal_pwr_ex.o
LOAD ./Drivers/STM32F4xx_HAL_Driver/Src/stm32f4xx_hal_rcc.o
LOAD ./Drivers/STM32F4xx_HAL_Driver/Src/stm32f4xx_hal_rcc_ex.o
LOAD ./Drivers/STM32F4xx_HAL_Driver/Src/stm32f4xx_hal_rtc.o
LOAD ./Drivers/STM32F4xx_HAL_Driver/Src/stm32f4xx_hal_rtc_ex.o
LOAD ./Drivers/STM32F4xx_HAL_Driver/Src/stm32f4xx_hal_tim.o
LOAD ./Drivers/STM32F4xx_HAL_Driver/Src/stm32f4xx_hal_tim_ex.o
LOAD ./Drivers/STM32F4xx_HAL_Driver/Src/stm32f4xx_hal_uart.o
LOAD ./common/ThirdParty/FreeRTOS/croutine.o
LOAD ./common/ThirdParty/FreeRTOS/event_groups.o
LOAD ./common/ThirdParty/FreeRTOS/list.o
LOAD ./common/ThirdParty/FreeRTOS/queue.o
LOAD ./common/ThirdParty/FreeRTOS/stream_buffer.o
LOAD ./common/ThirdParty/FreeRTOS/tasks.o
LOAD ./common/ThirdParty/FreeRTOS/timers.o
LOAD ./common/ThirdParty/FreeRTOS/portable/GCC/ARM_CM4F/port.o
LOAD ./common/ThirdParty/FreeRTOS/portable/MemMang/heap_2.o
LOAD ./common/ThirdParty/SEGGER/Config/SEGGER_SYSVIEW_Config_FreeRTOS.o
LOAD ./common/ThirdParty/SEGGER/OS/SEGGER_SYSVIEW_FreeRTOS.o
LOAD ./common/ThirdParty/SEGGER/Rec/segger_uart.o
LOAD ./common/ThirdParty/SEGGER/SEGGER/SEGGER_RTT.o
LOAD ./common/ThirdParty/SEGGER/SEGGER/SEGGER_RTT_ASM_ARMv7M.o
LOAD ./common/ThirdParty/SEGGER/SEGGER/SEGGER_RTT_printf.o
LOAD ./common/ThirdParty/SEGGER/SEGGER/SEGGER_SYSVIEW.o
LOAD ./common/ThirdParty/SEGGER/SEGGER/Syscalls/SEGGER_RTT_Syscalls_GCC.o
START GROUP
LOAD c:/st/stm32cubeide_1.4.0/stm32cubeide/plugins/com.st.stm32cube.ide.mcu.externaltools.gnu-tools-for-stm32.9-2020-q2-update.win32_2.0.0.202105311346/tools/bin/../lib/gcc/arm-none-eabi/9.3.1/../../../../arm-none-eabi/lib/thumb/v7e-m+fp/hard\libc_nano.a
LOAD c:/st/stm32cubeide_1.4.0/stm32cubeide/plugins/com.st.stm32cube.ide.mcu.externaltools.gnu-tools-for-stm32.9-2020-q2-update.win32_2.0.0.202105311346/tools/bin/../lib/gcc/arm-none-eabi/9.3.1/../../../../arm-none-eabi/lib/thumb/v7e-m+fp/hard\libm.a
END GROUP
START GROUP
LOAD c:/st/stm32cubeide_1.4.0/stm32cubeide/plugins/com.st.stm32cube.ide.mcu.externaltools.gnu-tools-for-stm32.9-2020-q2-update.win32_2.0.0.202105311346/tools/bin/../lib/gcc/arm-none-eabi/9.3.1/thumb/v7e-m+fp/hard\libgcc.a
LOAD c:/st/stm32cubeide_1.4.0/stm32cubeide/plugins/com.st.stm32cube.ide.mcu.externaltools.gnu-tools-for-stm32.9-2020-q2-update.win32_2.0.0.202105311346/tools/bin/../lib/gcc/arm-none-eabi/9.3.1/../../../../arm-none-eabi/lib/thumb/v7e-m+fp/hard\libc_nano.a
END GROUP
START GROUP
LOAD c:/st/stm32cubeide_1.4.0/stm32cubeide/plugins/com.st.stm32cube.ide.mcu.externaltools.gnu-tools-for-stm32.9-2020-q2-update.win32_2.0.0.202105311346/tools/bin/../lib/gcc/arm-none-eabi/9.3.1/thumb/v7e-m+fp/hard\libgcc.a
LOAD c:/st/stm32cubeide_1.4.0/stm32cubeide/plugins/com.st.stm32cube.ide.mcu.externaltools.gnu-tools-for-stm32.9-2020-q2-update.win32_2.0.0.202105311346/tools/bin/../lib/gcc/arm-none-eabi/9.3.1/../../../../arm-none-eabi/lib/thumb/v7e-m+fp/hard\libc_nano.a
LOAD c:/st/stm32cubeide_1.4.0/stm32cubeide/plugins/com.st.stm32cube.ide.mcu.externaltools.gnu-tools-for-stm32.9-2020-q2-update.win32_2.0.0.202105311346/tools/bin/../lib/gcc/arm-none-eabi/9.3.1/../../../../arm-none-eabi/lib/thumb/v7e-m+fp/hard\libnosys.a
END GROUP
START GROUP
LOAD c:/st/stm32cubeide_1.4.0/stm32cubeide/plugins/com.st.stm32cube.ide.mcu.externaltools.gnu-tools-for-stm32.9-2020-q2-update.win32_2.0.0.202105311346/tools/bin/../lib/gcc/arm-none-eabi/9.3.1/thumb/v7e-m+fp/hard\libgcc.a
LOAD c:/st/stm32cubeide_1.4.0/stm32cubeide/plugins/com.st.stm32cube.ide.mcu.externaltools.gnu-tools-for-stm32.9-2020-q2-update.win32_2.0.0.202105311346/tools/bin/../lib/gcc/arm-none-eabi/9.3.1/../../../../arm-none-eabi/lib/thumb/v7e-m+fp/hard\libc_nano.a
LOAD c:/st/stm32cubeide_1.4.0/stm32cubeide/plugins/com.st.stm32cube.ide.mcu.externaltools.gnu-tools-for-stm32.9-2020-q2-update.win32_2.0.0.202105311346/tools/bin/../lib/gcc/arm-none-eabi/9.3.1/../../../../arm-none-eabi/lib/thumb/v7e-m+fp/hard\libnosys.a
END GROUP
LOAD c:/st/stm32cubeide_1.4.0/stm32cubeide/plugins/com.st.stm32cube.ide.mcu.externaltools.gnu-tools-for-stm32.9-2020-q2-update.win32_2.0.0.202105311346/tools/bin/../lib/gcc/arm-none-eabi/9.3.1/thumb/v7e-m+fp/hard/crtend.o
LOAD c:/st/stm32cubeide_1.4.0/stm32cubeide/plugins/com.st.stm32cube.ide.mcu.externaltools.gnu-tools-for-stm32.9-2020-q2-update.win32_2.0.0.202105311346/tools/bin/../lib/gcc/arm-none-eabi/9.3.1/thumb/v7e-m+fp/hard/crtn.o
                0x0000000020020000                _estack = (ORIGIN (RAM) + LENGTH (RAM))
                0x0000000000000200                _Min_Heap_Size = 0x200
                0x0000000000000400                _Min_Stack_Size = 0x400

.isr_vector     0x0000000008000000      0x1c4
                0x0000000008000000                . = ALIGN (0x4)
 *(.isr_vector)
 .isr_vector    0x0000000008000000      0x1c4 ./Core/Startup/startup_stm32f446retx.o
                0x0000000008000000                g_pfnVectors
                0x00000000080001c4                . = ALIGN (0x4)

.text           0x00000000080001d0     0x8678
                0x00000000080001d0                . = ALIGN (0x4)
 *(.text)
 .text          0x00000000080001d0       0x40 c:/st/stm32cubeide_1.4.0/stm32cubeide/plugins/com.st.stm32cube.ide.mcu.externaltools.gnu-tools-for-stm32.9-2020-q2-update.win32_2.0.0.202105311346/tools/bin/../lib/gcc/arm-none-eabi/9.3.1/thumb/v7e-m+fp/hard/crtbegin.o
 .text          0x0000000008000210       0x94 ./common/ThirdParty/SEGGER/SEGGER/SEGGER_RTT_ASM_ARMv7M.o
                0x0000000008000210                SEGGER_RTT_ASM_WriteSkipNoLock
 .text          0x00000000080002a4       0x10 c:/st/stm32cubeide_1.4.0/stm32cubeide/plugins/com.st.stm32cube.ide.mcu.externaltools.gnu-tools-for-stm32.9-2020-q2-update.win32_2.0.0.202105311346/tools/bin/../lib/gcc/arm-none-eabi/9.3.1/../../../../arm-none-eabi/lib/thumb/v7e-m+fp/hard\libc_nano.a(lib_a-strlen.o)
                0x00000000080002a4                strlen
 *fill*         0x00000000080002b4        0xc 
 .text          0x00000000080002c0       0xa0 c:/st/stm32cubeide_1.4.0/stm32cubeide/plugins/com.st.stm32cube.ide.mcu.externaltools.gnu-tools-for-stm32.9-2020-q2-update.win32_2.0.0.202105311346/tools/bin/../lib/gcc/arm-none-eabi/9.3.1/../../../../arm-none-eabi/lib/thumb/v7e-m+fp/hard\libc_nano.a(lib_a-memchr.o)
                0x00000000080002c0                memchr
 .text          0x0000000008000360       0x30 c:/st/stm32cubeide_1.4.0/stm32cubeide/plugins/com.st.stm32cube.ide.mcu.externaltools.gnu-tools-for-stm32.9-2020-q2-update.win32_2.0.0.202105311346/tools/bin/../lib/gcc/arm-none-eabi/9.3.1/thumb/v7e-m+fp/hard\libgcc.a(_aeabi_uldivmod.o)
                0x0000000008000360                __aeabi_uldivmod
 .text          0x0000000008000390      0x2c4 c:/st/stm32cubeide_1.4.0/stm32cubeide/plugins/com.st.stm32cube.ide.mcu.externaltools.gnu-tools-for-stm32.9-2020-q2-update.win32_2.0.0.202105311346/tools/bin/../lib/gcc/arm-none-eabi/9.3.1/thumb/v7e-m+fp/hard\libgcc.a(_udivmoddi4.o)
                0x0000000008000390                __udivmoddi4
 .text          0x0000000008000654        0x4 c:/st/stm32cubeide_1.4.0/stm32cubeide/plugins/com.st.stm32cube.ide.mcu.externaltools.gnu-tools-for-stm32.9-2020-q2-update.win32_2.0.0.202105311346/tools/bin/../lib/gcc/arm-none-eabi/9.3.1/thumb/v7e-m+fp/hard\libgcc.a(_dvmd_tls.o)
                0x0000000008000654                __aeabi_idiv0
                0x0000000008000654                __aeabi_ldiv0
 *(.text*)
 .text.main     0x0000000008000658       0xe4 ./Core/Src/main.o
                0x0000000008000658                main
 .text.SystemClock_Config
                0x000000000800073c      0x130 ./Core/Src/main.o
                0x000000000800073c                SystemClock_Config
 .text.MX_RTC_Init
                0x000000000800086c       0x4c ./Core/Src/main.o
 .text.MX_USART2_UART_Init
                0x00000000080008b8       0x54 ./Core/Src/main.o
 .text.MX_GPIO_Init
                0x000000000800090c       0xe0 ./Core/Src/main.o
 .text.vTask1   0x00000000080009ec       0x54 ./Core/Src/main.o
                0x00000000080009ec                vTask1
 .text.vTask2   0x0000000008000a40       0x54 ./Core/Src/main.o
                0x0000000008000a40                vTask2
 .text.printmsg
                0x0000000008000a94       0x44 ./Core/Src/main.o
                0x0000000008000a94                printmsg
 .text.HAL_TIM_PeriodElapsedCallback
                0x0000000008000ad8       0x24 ./Core/Src/main.o
                0x0000000008000ad8                HAL_TIM_PeriodElapsedCallback
 .text.Error_Handler
                0x0000000008000afc        0xa ./Core/Src/main.o
                0x0000000008000afc                Error_Handler
 *fill*         0x0000000008000b06        0x2 
 .text.HAL_MspInit
                0x0000000008000b08       0x50 ./Core/Src/stm32f4xx_hal_msp.o
                0x0000000008000b08                HAL_MspInit
 .text.HAL_RTC_MspInit
                0x0000000008000b58       0x2c ./Core/Src/stm32f4xx_hal_msp.o
                0x0000000008000b58                HAL_RTC_MspInit
 .text.HAL_UART_MspInit
                0x0000000008000b84       0xa0 ./Core/Src/stm32f4xx_hal_msp.o
                0x0000000008000b84                HAL_UART_MspInit
 .text.HAL_InitTick
                0x0000000008000c24       0xb4 ./Core/Src/stm32f4xx_hal_timebase_tim.o
                0x0000000008000c24                HAL_InitTick
 .text.NMI_Handler
                0x0000000008000cd8        0x6 ./Core/Src/stm32f4xx_it.o
                0x0000000008000cd8                NMI_Handler
 .text.HardFault_Handler
                0x0000000008000cde        0x6 ./Core/Src/stm32f4xx_it.o
                0x0000000008000cde                HardFault_Handler
 .text.MemManage_Handler
                0x0000000008000ce4        0x6 ./Core/Src/stm32f4xx_it.o
                0x0000000008000ce4                MemManage_Handler
 .text.BusFault_Handler
                0x0000000008000cea        0x6 ./Core/Src/stm32f4xx_it.o
                0x0000000008000cea                BusFault_Handler
 .text.UsageFault_Handler
                0x0000000008000cf0        0x6 ./Core/Src/stm32f4xx_it.o
                0x0000000008000cf0                UsageFault_Handler
 .text.DebugMon_Handler
                0x0000000008000cf6        0xe ./Core/Src/stm32f4xx_it.o
                0x0000000008000cf6                DebugMon_Handler
 .text.TIM6_DAC_IRQHandler
                0x0000000008000d04       0x14 ./Core/Src/stm32f4xx_it.o
                0x0000000008000d04                TIM6_DAC_IRQHandler
 .text.SystemInit
                0x0000000008000d18       0x24 ./Core/Src/system_stm32f4xx.o
                0x0000000008000d18                SystemInit
 .text.Reset_Handler
                0x0000000008000d3c       0x50 ./Core/Startup/startup_stm32f446retx.o
                0x0000000008000d3c                Reset_Handler
 .text.Default_Handler
                0x0000000008000d8c        0x2 ./Core/Startup/startup_stm32f446retx.o
                0x0000000008000d8c                RTC_Alarm_IRQHandler
                0x0000000008000d8c                EXTI2_IRQHandler
                0x0000000008000d8c                TIM8_CC_IRQHandler
                0x0000000008000d8c                FMPI2C1_EV_IRQHandler
                0x0000000008000d8c                SPI4_IRQHandler
                0x0000000008000d8c                TIM1_CC_IRQHandler
                0x0000000008000d8c                DMA2_Stream5_IRQHandler
                0x0000000008000d8c                DMA1_Stream5_IRQHandler
                0x0000000008000d8c                PVD_IRQHandler
                0x0000000008000d8c                SDIO_IRQHandler
                0x0000000008000d8c                TAMP_STAMP_IRQHandler
                0x0000000008000d8c                CAN2_RX1_IRQHandler
                0x0000000008000d8c                EXTI3_IRQHandler
                0x0000000008000d8c                TIM8_TRG_COM_TIM14_IRQHandler
                0x0000000008000d8c                TIM1_UP_TIM10_IRQHandler
                0x0000000008000d8c                TIM8_UP_TIM13_IRQHandler
                0x0000000008000d8c                I2C3_ER_IRQHandler
                0x0000000008000d8c                EXTI0_IRQHandler
                0x0000000008000d8c                I2C2_EV_IRQHandler
                0x0000000008000d8c                DMA1_Stream2_IRQHandler
                0x0000000008000d8c                CAN1_RX0_IRQHandler
                0x0000000008000d8c                FPU_IRQHandler
                0x0000000008000d8c                OTG_HS_WKUP_IRQHandler
                0x0000000008000d8c                CAN2_SCE_IRQHandler
                0x0000000008000d8c                DMA2_Stream2_IRQHandler
                0x0000000008000d8c                SPI1_IRQHandler
                0x0000000008000d8c                TIM1_BRK_TIM9_IRQHandler
                0x0000000008000d8c                DCMI_IRQHandler
                0x0000000008000d8c                CAN2_RX0_IRQHandler
                0x0000000008000d8c                DMA2_Stream3_IRQHandler
                0x0000000008000d8c                SAI2_IRQHandler
                0x0000000008000d8c                USART6_IRQHandler
                0x0000000008000d8c                USART3_IRQHandler
                0x0000000008000d8c                CAN1_RX1_IRQHandler
                0x0000000008000d8c                UART5_IRQHandler
                0x0000000008000d8c                DMA2_Stream0_IRQHandler
                0x0000000008000d8c                TIM4_IRQHandler
                0x0000000008000d8c                QUADSPI_IRQHandler
                0x0000000008000d8c                I2C1_EV_IRQHandler
                0x0000000008000d8c                DMA1_Stream6_IRQHandler
                0x0000000008000d8c                DMA1_Stream1_IRQHandler
                0x0000000008000d8c                UART4_IRQHandler
                0x0000000008000d8c                TIM3_IRQHandler
                0x0000000008000d8c                RCC_IRQHandler
                0x0000000008000d8c                TIM8_BRK_TIM12_IRQHandler
                0x0000000008000d8c                Default_Handler
                0x0000000008000d8c                CEC_IRQHandler
                0x0000000008000d8c                EXTI15_10_IRQHandler
                0x0000000008000d8c                ADC_IRQHandler
                0x0000000008000d8c                DMA1_Stream7_IRQHandler
                0x0000000008000d8c                TIM7_IRQHandler
                0x0000000008000d8c                CAN2_TX_IRQHandler
                0x0000000008000d8c                TIM5_IRQHandler
                0x0000000008000d8c                DMA2_Stream7_IRQHandler
                0x0000000008000d8c                I2C3_EV_IRQHandler
                0x0000000008000d8c                EXTI9_5_IRQHandler
                0x0000000008000d8c                RTC_WKUP_IRQHandler
                0x0000000008000d8c                SPDIF_RX_IRQHandler
                0x0000000008000d8c                SPI2_IRQHandler
                0x0000000008000d8c                OTG_HS_EP1_IN_IRQHandler
                0x0000000008000d8c                DMA1_Stream0_IRQHandler
                0x0000000008000d8c                CAN1_TX_IRQHandler
                0x0000000008000d8c                FMPI2C1_ER_IRQHandler
                0x0000000008000d8c                EXTI4_IRQHandler
                0x0000000008000d8c                OTG_HS_EP1_OUT_IRQHandler
                0x0000000008000d8c                WWDG_IRQHandler
                0x0000000008000d8c                TIM2_IRQHandler
                0x0000000008000d8c                OTG_FS_WKUP_IRQHandler
                0x0000000008000d8c                TIM1_TRG_COM_TIM11_IRQHandler
                0x0000000008000d8c                OTG_HS_IRQHandler
                0x0000000008000d8c                EXTI1_IRQHandler
                0x0000000008000d8c                I2C2_ER_IRQHandler
                0x0000000008000d8c                DMA2_Stream1_IRQHandler
                0x0000000008000d8c                CAN1_SCE_IRQHandler
                0x0000000008000d8c                FLASH_IRQHandler
                0x0000000008000d8c                DMA2_Stream4_IRQHandler
                0x0000000008000d8c                USART1_IRQHandler
                0x0000000008000d8c                OTG_FS_IRQHandler
                0x0000000008000d8c                SPI3_IRQHandler
                0x0000000008000d8c                DMA1_Stream4_IRQHandler
                0x0000000008000d8c                I2C1_ER_IRQHandler
                0x0000000008000d8c                FMC_IRQHandler
                0x0000000008000d8c                DMA2_Stream6_IRQHandler
                0x0000000008000d8c                SAI1_IRQHandler
                0x0000000008000d8c                DMA1_Stream3_IRQHandler
 *fill*         0x0000000008000d8e        0x2 
 .text.HAL_Init
                0x0000000008000d90       0x44 ./Drivers/STM32F4xx_HAL_Driver/Src/stm32f4xx_hal.o
                0x0000000008000d90                HAL_Init
 .text.HAL_IncTick
                0x0000000008000dd4       0x28 ./Drivers/STM32F4xx_HAL_Driver/Src/stm32f4xx_hal.o
                0x0000000008000dd4                HAL_IncTick
 .text.HAL_GetTick
                0x0000000008000dfc       0x18 ./Drivers/STM32F4xx_HAL_Driver/Src/stm32f4xx_hal.o
                0x0000000008000dfc                HAL_GetTick
 .text.__NVIC_SetPriorityGrouping
                0x0000000008000e14       0x48 ./Drivers/STM32F4xx_HAL_Driver/Src/stm32f4xx_hal_cortex.o
 .text.__NVIC_GetPriorityGrouping
                0x0000000008000e5c       0x1c ./Drivers/STM32F4xx_HAL_Driver/Src/stm32f4xx_hal_cortex.o
 .text.__NVIC_EnableIRQ
                0x0000000008000e78       0x3c ./Drivers/STM32F4xx_HAL_Driver/Src/stm32f4xx_hal_cortex.o
 .text.__NVIC_SetPriority
                0x0000000008000eb4       0x54 ./Drivers/STM32F4xx_HAL_Driver/Src/stm32f4xx_hal_cortex.o
 .text.NVIC_EncodePriority
                0x0000000008000f08       0x66 ./Drivers/STM32F4xx_HAL_Driver/Src/stm32f4xx_hal_cortex.o
 .text.HAL_NVIC_SetPriorityGrouping
                0x0000000008000f6e       0x16 ./Drivers/STM32F4xx_HAL_Driver/Src/stm32f4xx_hal_cortex.o
                0x0000000008000f6e                HAL_NVIC_SetPriorityGrouping
 .text.HAL_NVIC_SetPriority
                0x0000000008000f84       0x38 ./Drivers/STM32F4xx_HAL_Driver/Src/stm32f4xx_hal_cortex.o
                0x0000000008000f84                HAL_NVIC_SetPriority
 .text.HAL_NVIC_EnableIRQ
                0x0000000008000fbc       0x1c ./Drivers/STM32F4xx_HAL_Driver/Src/stm32f4xx_hal_cortex.o
                0x0000000008000fbc                HAL_NVIC_EnableIRQ
 .text.HAL_GPIO_Init
                0x0000000008000fd8      0x328 ./Drivers/STM32F4xx_HAL_Driver/Src/stm32f4xx_hal_gpio.o
                0x0000000008000fd8                HAL_GPIO_Init
 .text.HAL_GPIO_WritePin
                0x0000000008001300       0x32 ./Drivers/STM32F4xx_HAL_Driver/Src/stm32f4xx_hal_gpio.o
                0x0000000008001300                HAL_GPIO_WritePin
 *fill*         0x0000000008001332        0x2 
 .text.HAL_PWREx_EnableOverDrive
                0x0000000008001334       0xa0 ./Drivers/STM32F4xx_HAL_Driver/Src/stm32f4xx_hal_pwr_ex.o
                0x0000000008001334                HAL_PWREx_EnableOverDrive
 .text.HAL_RCC_ClockConfig
                0x00000000080013d4      0x1cc ./Drivers/STM32F4xx_HAL_Driver/Src/stm32f4xx_hal_rcc.o
                0x00000000080013d4                HAL_RCC_ClockConfig
 .text.HAL_RCC_GetHCLKFreq
                0x00000000080015a0       0x18 ./Drivers/STM32F4xx_HAL_Driver/Src/stm32f4xx_hal_rcc.o
                0x00000000080015a0                HAL_RCC_GetHCLKFreq
 .text.HAL_RCC_GetPCLK1Freq
                0x00000000080015b8       0x28 ./Drivers/STM32F4xx_HAL_Driver/Src/stm32f4xx_hal_rcc.o
                0x00000000080015b8                HAL_RCC_GetPCLK1Freq
 .text.HAL_RCC_GetPCLK2Freq
                0x00000000080015e0       0x28 ./Drivers/STM32F4xx_HAL_Driver/Src/stm32f4xx_hal_rcc.o
                0x00000000080015e0                HAL_RCC_GetPCLK2Freq
 .text.HAL_RCC_GetClockConfig
                0x0000000008001608       0x64 ./Drivers/STM32F4xx_HAL_Driver/Src/stm32f4xx_hal_rcc.o
                0x0000000008001608                HAL_RCC_GetClockConfig
 .text.HAL_RCCEx_PeriphCLKConfig
                0x000000000800166c      0x654 ./Drivers/STM32F4xx_HAL_Driver/Src/stm32f4xx_hal_rcc_ex.o
                0x000000000800166c                HAL_RCCEx_PeriphCLKConfig
 .text.HAL_RCC_GetSysClockFreq
                0x0000000008001cc0      0x364 ./Drivers/STM32F4xx_HAL_Driver/Src/stm32f4xx_hal_rcc_ex.o
                0x0000000008001cc0                HAL_RCC_GetSysClockFreq
 .text.HAL_RCC_OscConfig
                0x0000000008002024      0x53c ./Drivers/STM32F4xx_HAL_Driver/Src/stm32f4xx_hal_rcc_ex.o
                0x0000000008002024                HAL_RCC_OscConfig
 .text.HAL_RTC_Init
                0x0000000008002560      0x122 ./Drivers/STM32F4xx_HAL_Driver/Src/stm32f4xx_hal_rtc.o
                0x0000000008002560                HAL_RTC_Init
 .text.HAL_RTC_WaitForSynchro
                0x0000000008002682       0x50 ./Drivers/STM32F4xx_HAL_Driver/Src/stm32f4xx_hal_rtc.o
                0x0000000008002682                HAL_RTC_WaitForSynchro
 .text.RTC_EnterInitMode
                0x00000000080026d2       0x58 ./Drivers/STM32F4xx_HAL_Driver/Src/stm32f4xx_hal_rtc.o
                0x00000000080026d2                RTC_EnterInitMode
 .text.HAL_TIM_Base_Init
                0x000000000800272a       0x9e ./Drivers/STM32F4xx_HAL_Driver/Src/stm32f4xx_hal_tim.o
                0x000000000800272a                HAL_TIM_Base_Init
 .text.HAL_TIM_Base_MspInit
                0x00000000080027c8       0x14 ./Drivers/STM32F4xx_HAL_Driver/Src/stm32f4xx_hal_tim.o
                0x00000000080027c8                HAL_TIM_Base_MspInit
 .text.HAL_TIM_Base_Start_IT
                0x00000000080027dc       0xe0 ./Drivers/STM32F4xx_HAL_Driver/Src/stm32f4xx_hal_tim.o
                0x00000000080027dc                HAL_TIM_Base_Start_IT
 .text.HAL_TIM_IRQHandler
                0x00000000080028bc      0x210 ./Drivers/STM32F4xx_HAL_Driver/Src/stm32f4xx_hal_tim.o
                0x00000000080028bc                HAL_TIM_IRQHandler
 .text.HAL_TIM_OC_DelayElapsedCallback
                0x0000000008002acc       0x14 ./Drivers/STM32F4xx_HAL_Driver/Src/stm32f4xx_hal_tim.o
                0x0000000008002acc                HAL_TIM_OC_DelayElapsedCallback
 .text.HAL_TIM_IC_CaptureCallback
                0x0000000008002ae0       0x14 ./Drivers/STM32F4xx_HAL_Driver/Src/stm32f4xx_hal_tim.o
                0x0000000008002ae0                HAL_TIM_IC_CaptureCallback
 .text.HAL_TIM_PWM_PulseFinishedCallback
                0x0000000008002af4       0x14 ./Drivers/STM32F4xx_HAL_Driver/Src/stm32f4xx_hal_tim.o
                0x0000000008002af4                HAL_TIM_PWM_PulseFinishedCallback
 .text.HAL_TIM_TriggerCallback
                0x0000000008002b08       0x14 ./Drivers/STM32F4xx_HAL_Driver/Src/stm32f4xx_hal_tim.o
                0x0000000008002b08                HAL_TIM_TriggerCallback
 .text.TIM_Base_SetConfig
                0x0000000008002b1c      0x140 ./Drivers/STM32F4xx_HAL_Driver/Src/stm32f4xx_hal_tim.o
                0x0000000008002b1c                TIM_Base_SetConfig
 .text.HAL_TIMEx_CommutCallback
                0x0000000008002c5c       0x14 ./Drivers/STM32F4xx_HAL_Driver/Src/stm32f4xx_hal_tim_ex.o
                0x0000000008002c5c                HAL_TIMEx_CommutCallback
 .text.HAL_TIMEx_BreakCallback
                0x0000000008002c70       0x14 ./Drivers/STM32F4xx_HAL_Driver/Src/stm32f4xx_hal_tim_ex.o
                0x0000000008002c70                HAL_TIMEx_BreakCallback
 .text.HAL_UART_Init
                0x0000000008002c84       0x9a ./Drivers/STM32F4xx_HAL_Driver/Src/stm32f4xx_hal_uart.o
                0x0000000008002c84                HAL_UART_Init
 .text.HAL_UART_Transmit
                0x0000000008002d1e      0x124 ./Drivers/STM32F4xx_HAL_Driver/Src/stm32f4xx_hal_uart.o
                0x0000000008002d1e                HAL_UART_Transmit
 .text.UART_WaitOnFlagUntilTimeout
                0x0000000008002e42       0x94 ./Drivers/STM32F4xx_HAL_Driver/Src/stm32f4xx_hal_uart.o
 *fill*         0x0000000008002ed6        0x2 
 .text.UART_SetConfig
                0x0000000008002ed8      0x390 ./Drivers/STM32F4xx_HAL_Driver/Src/stm32f4xx_hal_uart.o
 .text.vListInitialise
                0x0000000008003268       0x40 ./common/ThirdParty/FreeRTOS/list.o
                0x0000000008003268                vListInitialise
 .text.vListInitialiseItem
                0x00000000080032a8       0x1a ./common/ThirdParty/FreeRTOS/list.o
                0x00000000080032a8                vListInitialiseItem
 .text.vListInsertEnd
                0x00000000080032c2       0x48 ./common/ThirdParty/FreeRTOS/list.o
                0x00000000080032c2                vListInsertEnd
 .text.vListInsert
                0x000000000800330a       0x72 ./common/ThirdParty/FreeRTOS/list.o
                0x000000000800330a                vListInsert
 .text.uxListRemove
                0x000000000800337c       0x54 ./common/ThirdParty/FreeRTOS/list.o
                0x000000000800337c                uxListRemove
 .text.xQueueGenericReset
                0x00000000080033d0       0xd0 ./common/ThirdParty/FreeRTOS/queue.o
                0x00000000080033d0                xQueueGenericReset
 .text.xQueueGenericCreate
                0x00000000080034a0       0xbe ./common/ThirdParty/FreeRTOS/queue.o
                0x00000000080034a0                xQueueGenericCreate
 .text.prvInitialiseNewQueue
                0x000000000800355e       0x52 ./common/ThirdParty/FreeRTOS/queue.o
 .text.xQueueGenericSend
                0x00000000080035b0      0x24c ./common/ThirdParty/FreeRTOS/queue.o
                0x00000000080035b0                xQueueGenericSend
 .text.xQueueGenericSendFromISR
                0x00000000080037fc      0x17c ./common/ThirdParty/FreeRTOS/queue.o
                0x00000000080037fc                xQueueGenericSendFromISR
 .text.xQueueReceive
                0x0000000008003978      0x220 ./common/ThirdParty/FreeRTOS/queue.o
                0x0000000008003978                xQueueReceive
 .text.xQueueSemaphoreTake
                0x0000000008003b98      0x278 ./common/ThirdParty/FreeRTOS/queue.o
                0x0000000008003b98                xQueueSemaphoreTake
 .text.prvGetDisinheritPriorityAfterTimeout
                0x0000000008003e10       0x30 ./common/ThirdParty/FreeRTOS/queue.o
 .text.prvCopyDataToQueue
                0x0000000008003e40       0xd4 ./common/ThirdParty/FreeRTOS/queue.o
 .text.prvCopyDataFromQueue
                0x0000000008003f14       0x4c ./common/ThirdParty/FreeRTOS/queue.o
 .text.prvUnlockQueue
                0x0000000008003f60       0xa4 ./common/ThirdParty/FreeRTOS/queue.o
 .text.prvIsQueueEmpty
                0x0000000008004004       0x2c ./common/ThirdParty/FreeRTOS/queue.o
 .text.prvIsQueueFull
                0x0000000008004030       0x30 ./common/ThirdParty/FreeRTOS/queue.o
 .text.vQueueAddToRegistry
                0x0000000008004060       0x64 ./common/ThirdParty/FreeRTOS/queue.o
                0x0000000008004060                vQueueAddToRegistry
 .text.vQueueWaitForMessageRestricted
                0x00000000080040c4       0x68 ./common/ThirdParty/FreeRTOS/queue.o
                0x00000000080040c4                vQueueWaitForMessageRestricted
 .text.xTaskCreate
                0x000000000800412c       0x82 ./common/ThirdParty/FreeRTOS/tasks.o
                0x000000000800412c                xTaskCreate
 .text.prvInitialiseNewTask
                0x00000000080041ae      0x12c ./common/ThirdParty/FreeRTOS/tasks.o
 *fill*         0x00000000080042da        0x2 
 .text.prvAddNewTaskToReadyList
                0x00000000080042dc      0x118 ./common/ThirdParty/FreeRTOS/tasks.o
 .text.vTaskDelay
                0x00000000080043f4       0x70 ./common/ThirdParty/FreeRTOS/tasks.o
                0x00000000080043f4                vTaskDelay
 .text.vTaskStartScheduler
                0x0000000008004464       0xc4 ./common/ThirdParty/FreeRTOS/tasks.o
                0x0000000008004464                vTaskStartScheduler
 .text.vTaskSuspendAll
                0x0000000008004528       0x1c ./common/ThirdParty/FreeRTOS/tasks.o
                0x0000000008004528                vTaskSuspendAll
 .text.xTaskResumeAll
                0x0000000008004544      0x140 ./common/ThirdParty/FreeRTOS/tasks.o
                0x0000000008004544                xTaskResumeAll
 .text.xTaskGetTickCount
                0x0000000008004684       0x20 ./common/ThirdParty/FreeRTOS/tasks.o
                0x0000000008004684                xTaskGetTickCount
 .text.xTaskGetTickCountFromISR
                0x00000000080046a4       0x24 ./common/ThirdParty/FreeRTOS/tasks.o
                0x00000000080046a4                xTaskGetTickCountFromISR
 .text.xTaskIncrementTick
                0x00000000080046c8      0x178 ./common/ThirdParty/FreeRTOS/tasks.o
                0x00000000080046c8                xTaskIncrementTick
 .text.vTaskSwitchContext
                0x0000000008004840       0xd4 ./common/ThirdParty/FreeRTOS/tasks.o
                0x0000000008004840                vTaskSwitchContext
 .text.vTaskPlaceOnEventList
                0x0000000008004914       0x48 ./common/ThirdParty/FreeRTOS/tasks.o
                0x0000000008004914                vTaskPlaceOnEventList
 .text.vTaskPlaceOnEventListRestricted
                0x000000000800495c       0x5c ./common/ThirdParty/FreeRTOS/tasks.o
                0x000000000800495c                vTaskPlaceOnEventListRestricted
 .text.xTaskRemoveFromEventList
                0x00000000080049b8       0xcc ./common/ThirdParty/FreeRTOS/tasks.o
                0x00000000080049b8                xTaskRemoveFromEventList
 .text.vTaskInternalSetTimeOutState
                0x0000000008004a84       0x2c ./common/ThirdParty/FreeRTOS/tasks.o
                0x0000000008004a84                vTaskInternalSetTimeOutState
 .text.xTaskCheckForTimeOut
                0x0000000008004ab0       0xcc ./common/ThirdParty/FreeRTOS/tasks.o
                0x0000000008004ab0                xTaskCheckForTimeOut
 .text.vTaskMissedYield
                0x0000000008004b7c       0x18 ./common/ThirdParty/FreeRTOS/tasks.o
                0x0000000008004b7c                vTaskMissedYield
 .text.prvIdleTask
                0x0000000008004b94       0x30 ./common/ThirdParty/FreeRTOS/tasks.o
 .text.prvInitialiseTaskLists
                0x0000000008004bc4       0x80 ./common/ThirdParty/FreeRTOS/tasks.o
 .text.prvCheckTasksWaitingTermination
                0x0000000008004c44       0x5c ./common/ThirdParty/FreeRTOS/tasks.o
 .text.prvDeleteTCB
                0x0000000008004ca0       0x20 ./common/ThirdParty/FreeRTOS/tasks.o
 .text.prvResetNextTaskUnblockTime
                0x0000000008004cc0       0x38 ./common/ThirdParty/FreeRTOS/tasks.o
 .text.xTaskGetSchedulerState
                0x0000000008004cf8       0x3c ./common/ThirdParty/FreeRTOS/tasks.o
                0x0000000008004cf8                xTaskGetSchedulerState
 .text.xTaskPriorityInherit
                0x0000000008004d34       0xf4 ./common/ThirdParty/FreeRTOS/tasks.o
                0x0000000008004d34                xTaskPriorityInherit
 .text.xTaskPriorityDisinherit
                0x0000000008004e28      0x100 ./common/ThirdParty/FreeRTOS/tasks.o
                0x0000000008004e28                xTaskPriorityDisinherit
 .text.vTaskPriorityDisinheritAfterTimeout
                0x0000000008004f28      0x130 ./common/ThirdParty/FreeRTOS/tasks.o
                0x0000000008004f28                vTaskPriorityDisinheritAfterTimeout
 .text.pvTaskIncrementMutexHeldCount
                0x0000000008005058       0x28 ./common/ThirdParty/FreeRTOS/tasks.o
                0x0000000008005058                pvTaskIncrementMutexHeldCount
 .text.prvAddCurrentTaskToDelayedList
                0x0000000008005080       0xf0 ./common/ThirdParty/FreeRTOS/tasks.o
 .text.xTimerCreateTimerTask
                0x0000000008005170       0x64 ./common/ThirdParty/FreeRTOS/timers.o
                0x0000000008005170                xTimerCreateTimerTask
 .text.xTimerGenericCommand
                0x00000000080051d4       0x9c ./common/ThirdParty/FreeRTOS/timers.o
                0x00000000080051d4                xTimerGenericCommand
 .text.prvProcessExpiredTimer
                0x0000000008005270       0x98 ./common/ThirdParty/FreeRTOS/timers.o
 .text.prvTimerTask
                0x0000000008005308       0x24 ./common/ThirdParty/FreeRTOS/timers.o
 .text.prvProcessTimerOrBlockTask
                0x000000000800532c       0x9c ./common/ThirdParty/FreeRTOS/timers.o
 .text.prvGetNextExpireTime
                0x00000000080053c8       0x48 ./common/ThirdParty/FreeRTOS/timers.o
 .text.prvSampleTimeNow
                0x0000000008005410       0x40 ./common/ThirdParty/FreeRTOS/timers.o
 .text.prvInsertTimerInActiveList
                0x0000000008005450       0x84 ./common/ThirdParty/FreeRTOS/timers.o
 .text.prvProcessReceivedCommands
                0x00000000080054d4      0x18c ./common/ThirdParty/FreeRTOS/timers.o
 .text.prvSwitchTimerLists
                0x0000000008005660       0xc8 ./common/ThirdParty/FreeRTOS/timers.o
 .text.prvCheckForValidListAndQueue
                0x0000000008005728       0x6c ./common/ThirdParty/FreeRTOS/timers.o
 .text.pxPortInitialiseStack
                0x0000000008005794       0x68 ./common/ThirdParty/FreeRTOS/portable/GCC/ARM_CM4F/port.o
                0x0000000008005794                pxPortInitialiseStack
 .text.prvTaskExitError
                0x00000000080057fc       0x58 ./common/ThirdParty/FreeRTOS/portable/GCC/ARM_CM4F/port.o
 *fill*         0x0000000008005854        0xc 
 .text.SVC_Handler
                0x0000000008005860       0x28 ./common/ThirdParty/FreeRTOS/portable/GCC/ARM_CM4F/port.o
                0x0000000008005860                SVC_Handler
 .text.prvPortStartFirstTask
                0x0000000008005888       0x2c ./common/ThirdParty/FreeRTOS/portable/GCC/ARM_CM4F/port.o
 .text.xPortStartScheduler
                0x00000000080058b4      0x144 ./common/ThirdParty/FreeRTOS/portable/GCC/ARM_CM4F/port.o
                0x00000000080058b4                xPortStartScheduler
 .text.vPortEnterCritical
                0x00000000080059f8       0x60 ./common/ThirdParty/FreeRTOS/portable/GCC/ARM_CM4F/port.o
                0x00000000080059f8                vPortEnterCritical
 .text.vPortExitCritical
                0x0000000008005a58       0x54 ./common/ThirdParty/FreeRTOS/portable/GCC/ARM_CM4F/port.o
                0x0000000008005a58                vPortExitCritical
 *fill*         0x0000000008005aac        0x4 
 .text.PendSV_Handler
                0x0000000008005ab0       0x68 ./common/ThirdParty/FreeRTOS/portable/GCC/ARM_CM4F/port.o
                0x0000000008005ab0                PendSV_Handler
 .text.SysTick_Handler
                0x0000000008005b18       0x54 ./common/ThirdParty/FreeRTOS/portable/GCC/ARM_CM4F/port.o
                0x0000000008005b18                SysTick_Handler
 .text.vPortSetupTimerInterrupt
                0x0000000008005b6c       0x48 ./common/ThirdParty/FreeRTOS/portable/GCC/ARM_CM4F/port.o
                0x0000000008005b6c                vPortSetupTimerInterrupt
 .text.vPortEnableVFP
                0x0000000008005bb4       0x18 ./common/ThirdParty/FreeRTOS/portable/GCC/ARM_CM4F/port.o
 .text.vPortValidateInterruptPriority
                0x0000000008005bcc       0x80 ./common/ThirdParty/FreeRTOS/portable/GCC/ARM_CM4F/port.o
                0x0000000008005bcc                vPortValidateInterruptPriority
 .text.pvPortMalloc
                0x0000000008005c4c      0x15c ./common/ThirdParty/FreeRTOS/portable/MemMang/heap_2.o
                0x0000000008005c4c                pvPortMalloc
 .text.vPortFree
                0x0000000008005da8       0x74 ./common/ThirdParty/FreeRTOS/portable/MemMang/heap_2.o
                0x0000000008005da8                vPortFree
 .text.prvHeapInit
                0x0000000008005e1c       0x54 ./common/ThirdParty/FreeRTOS/portable/MemMang/heap_2.o
 .text._cbSendSystemDesc
                0x0000000008005e70       0x1c ./common/ThirdParty/SEGGER/Config/SEGGER_SYSVIEW_Config_FreeRTOS.o
 .text.SEGGER_SYSVIEW_Conf
                0x0000000008005e8c       0x2c ./common/ThirdParty/SEGGER/Config/SEGGER_SYSVIEW_Config_FreeRTOS.o
                0x0000000008005e8c                SEGGER_SYSVIEW_Conf
 .text._cbSendTaskList
                0x0000000008005eb8       0x90 ./common/ThirdParty/SEGGER/OS/SEGGER_SYSVIEW_FreeRTOS.o
 .text._cbGetTime
                0x0000000008005f48       0x78 ./common/ThirdParty/SEGGER/OS/SEGGER_SYSVIEW_FreeRTOS.o
 .text.SYSVIEW_AddTask
                0x0000000008005fc0       0xd0 ./common/ThirdParty/SEGGER/OS/SEGGER_SYSVIEW_FreeRTOS.o
                0x0000000008005fc0                SYSVIEW_AddTask
 .text.SYSVIEW_SendTaskInfo
                0x0000000008006090       0x42 ./common/ThirdParty/SEGGER/OS/SEGGER_SYSVIEW_FreeRTOS.o
                0x0000000008006090                SYSVIEW_SendTaskInfo
 *fill*         0x00000000080060d2        0x2 
 .text.__NVIC_EnableIRQ
                0x00000000080060d4       0x3c ./common/ThirdParty/SEGGER/Rec/segger_uart.o
 .text.__NVIC_SetPriority
                0x0000000008006110       0x54 ./common/ThirdParty/SEGGER/Rec/segger_uart.o
 .text._StartSysView
                0x0000000008006164       0x1e ./common/ThirdParty/SEGGER/Rec/segger_uart.o
 *fill*         0x0000000008006182        0x2 
 .text._cbOnUARTRx
                0x0000000008006184       0x40 ./common/ThirdParty/SEGGER/Rec/segger_uart.o
 .text._cbOnUARTTx
                0x00000000080061c4       0x64 ./common/ThirdParty/SEGGER/Rec/segger_uart.o
 .text.SEGGER_UART_init
                0x0000000008006228       0x24 ./common/ThirdParty/SEGGER/Rec/segger_uart.o
                0x0000000008006228                SEGGER_UART_init
 .text.USART2_IRQHandler
                0x000000000800624c       0x94 ./common/ThirdParty/SEGGER/Rec/segger_uart.o
                0x000000000800624c                USART2_IRQHandler
 .text.HIF_UART_EnableTXEInterrupt
                0x00000000080062e0       0x20 ./common/ThirdParty/SEGGER/Rec/segger_uart.o
                0x00000000080062e0                HIF_UART_EnableTXEInterrupt
 .text.HIF_UART_Init
                0x0000000008006300       0xf4 ./common/ThirdParty/SEGGER/Rec/segger_uart.o
                0x0000000008006300                HIF_UART_Init
 .text._DoInit  0x00000000080063f4       0xb0 ./common/ThirdParty/SEGGER/SEGGER/SEGGER_RTT.o
 .text._WriteBlocking
                0x00000000080064a4       0xba ./common/ThirdParty/SEGGER/SEGGER/SEGGER_RTT.o
 .text._WriteNoCheck
                0x000000000800655e       0x90 ./common/ThirdParty/SEGGER/SEGGER/SEGGER_RTT.o
 .text._GetAvailWriteSpace
                0x00000000080065ee       0x46 ./common/ThirdParty/SEGGER/SEGGER/SEGGER_RTT.o
 .text.SEGGER_RTT_ReadUpBufferNoLock
                0x0000000008006634      0x10c ./common/ThirdParty/SEGGER/SEGGER/SEGGER_RTT.o
                0x0000000008006634                SEGGER_RTT_ReadUpBufferNoLock
 .text.SEGGER_RTT_ReadNoLock
                0x0000000008006740      0x10c ./common/ThirdParty/SEGGER/SEGGER/SEGGER_RTT.o
                0x0000000008006740                SEGGER_RTT_ReadNoLock
 .text.SEGGER_RTT_WriteDownBufferNoLock
                0x000000000800684c       0xa0 ./common/ThirdParty/SEGGER/SEGGER/SEGGER_RTT.o
                0x000000000800684c                SEGGER_RTT_WriteDownBufferNoLock
 .text.SEGGER_RTT_WriteDownBuffer
                0x00000000080068ec       0x4c ./common/ThirdParty/SEGGER/SEGGER/SEGGER_RTT.o
                0x00000000080068ec                SEGGER_RTT_WriteDownBuffer
 .text.SEGGER_RTT_AllocUpBuffer
                0x0000000008006938      0x108 ./common/ThirdParty/SEGGER/SEGGER/SEGGER_RTT.o
                0x0000000008006938                SEGGER_RTT_AllocUpBuffer
 .text.SEGGER_RTT_ConfigDownBuffer
                0x0000000008006a40       0x98 ./common/ThirdParty/SEGGER/SEGGER/SEGGER_RTT.o
                0x0000000008006a40                SEGGER_RTT_ConfigDownBuffer
 .text._EncodeStr
                0x0000000008006ad8       0xa0 ./common/ThirdParty/SEGGER/SEGGER/SEGGER_SYSVIEW.o
 .text._PreparePacket
                0x0000000008006b78       0x18 ./common/ThirdParty/SEGGER/SEGGER/SEGGER_SYSVIEW.o
 .text._HandleIncomingPacket
                0x0000000008006b90       0xe4 ./common/ThirdParty/SEGGER/SEGGER/SEGGER_SYSVIEW.o
 .text._TrySendOverflowPacket
                0x0000000008006c74       0xe8 ./common/ThirdParty/SEGGER/SEGGER/SEGGER_SYSVIEW.o
 .text._SendPacket
                0x0000000008006d5c      0x1d0 ./common/ThirdParty/SEGGER/SEGGER/SEGGER_SYSVIEW.o
 .text.SEGGER_SYSVIEW_Init
                0x0000000008006f2c       0x88 ./common/ThirdParty/SEGGER/SEGGER/SEGGER_SYSVIEW.o
                0x0000000008006f2c                SEGGER_SYSVIEW_Init
 .text.SEGGER_SYSVIEW_SetRAMBase
                0x0000000008006fb4       0x20 ./common/ThirdParty/SEGGER/SEGGER/SEGGER_SYSVIEW.o
                0x0000000008006fb4                SEGGER_SYSVIEW_SetRAMBase
 .text.SEGGER_SYSVIEW_RecordVoid
                0x0000000008006fd4       0x3c ./common/ThirdParty/SEGGER/SEGGER/SEGGER_SYSVIEW.o
                0x0000000008006fd4                SEGGER_SYSVIEW_RecordVoid
 .text.SEGGER_SYSVIEW_RecordU32
                0x0000000008007010       0x78 ./common/ThirdParty/SEGGER/SEGGER/SEGGER_SYSVIEW.o
                0x0000000008007010                SEGGER_SYSVIEW_RecordU32
 .text.SEGGER_SYSVIEW_RecordU32x2
                0x0000000008007088       0xb4 ./common/ThirdParty/SEGGER/SEGGER/SEGGER_SYSVIEW.o
                0x0000000008007088                SEGGER_SYSVIEW_RecordU32x2
 .text.SEGGER_SYSVIEW_RecordU32x3
                0x000000000800713c       0xec ./common/ThirdParty/SEGGER/SEGGER/SEGGER_SYSVIEW.o
                0x000000000800713c                SEGGER_SYSVIEW_RecordU32x3
 .text.SEGGER_SYSVIEW_RecordU32x4
                0x0000000008007228      0x124 ./common/ThirdParty/SEGGER/SEGGER/SEGGER_SYSVIEW.o
                0x0000000008007228                SEGGER_SYSVIEW_RecordU32x4
 .text.SEGGER_SYSVIEW_Start
                0x000000000800734c      0x178 ./common/ThirdParty/SEGGER/SEGGER/SEGGER_SYSVIEW.o
                0x000000000800734c                SEGGER_SYSVIEW_Start
 .text.SEGGER_SYSVIEW_Stop
                0x00000000080074c4       0x4c ./common/ThirdParty/SEGGER/SEGGER/SEGGER_SYSVIEW.o
                0x00000000080074c4                SEGGER_SYSVIEW_Stop
 .text.SEGGER_SYSVIEW_GetSysDesc
                0x0000000008007510      0x134 ./common/ThirdParty/SEGGER/SEGGER/SEGGER_SYSVIEW.o
                0x0000000008007510                SEGGER_SYSVIEW_GetSysDesc
 .text.SEGGER_SYSVIEW_SendTaskInfo
                0x0000000008007644      0x1c8 ./common/ThirdParty/SEGGER/SEGGER/SEGGER_SYSVIEW.o
                0x0000000008007644                SEGGER_SYSVIEW_SendTaskInfo
 .text.SEGGER_SYSVIEW_SendTaskList
                0x000000000800780c       0x28 ./common/ThirdParty/SEGGER/SEGGER/SEGGER_SYSVIEW.o
                0x000000000800780c                SEGGER_SYSVIEW_SendTaskList
 .text.SEGGER_SYSVIEW_SendSysDesc
                0x0000000008007834       0x48 ./common/ThirdParty/SEGGER/SEGGER/SEGGER_SYSVIEW.o
                0x0000000008007834                SEGGER_SYSVIEW_SendSysDesc
 .text.SEGGER_SYSVIEW_RecordSystime
                0x000000000800787c       0x64 ./common/ThirdParty/SEGGER/SEGGER/SEGGER_SYSVIEW.o
                0x000000000800787c                SEGGER_SYSVIEW_RecordSystime
 .text.SEGGER_SYSVIEW_RecordEnterISR
                0x00000000080078e0       0x84 ./common/ThirdParty/SEGGER/SEGGER/SEGGER_SYSVIEW.o
                0x00000000080078e0                SEGGER_SYSVIEW_RecordEnterISR
 .text.SEGGER_SYSVIEW_RecordExitISR
                0x0000000008007964       0x38 ./common/ThirdParty/SEGGER/SEGGER/SEGGER_SYSVIEW.o
                0x0000000008007964                SEGGER_SYSVIEW_RecordExitISR
 .text.SEGGER_SYSVIEW_RecordExitISRToScheduler
                0x000000000800799c       0x38 ./common/ThirdParty/SEGGER/SEGGER/SEGGER_SYSVIEW.o
                0x000000000800799c                SEGGER_SYSVIEW_RecordExitISRToScheduler
 .text.SEGGER_SYSVIEW_OnIdle
                0x00000000080079d4       0x38 ./common/ThirdParty/SEGGER/SEGGER/SEGGER_SYSVIEW.o
                0x00000000080079d4                SEGGER_SYSVIEW_OnIdle
 .text.SEGGER_SYSVIEW_OnTaskCreate
                0x0000000008007a0c       0x84 ./common/ThirdParty/SEGGER/SEGGER/SEGGER_SYSVIEW.o
                0x0000000008007a0c                SEGGER_SYSVIEW_OnTaskCreate
 .text.SEGGER_SYSVIEW_OnTaskStartExec
                0x0000000008007a90       0x84 ./common/ThirdParty/SEGGER/SEGGER/SEGGER_SYSVIEW.o
                0x0000000008007a90                SEGGER_SYSVIEW_OnTaskStartExec
 .text.SEGGER_SYSVIEW_OnTaskStartReady
                0x0000000008007b14       0x84 ./common/ThirdParty/SEGGER/SEGGER/SEGGER_SYSVIEW.o
                0x0000000008007b14                SEGGER_SYSVIEW_OnTaskStartReady
 .text.SEGGER_SYSVIEW_OnTaskStopReady
                0x0000000008007b98       0xc0 ./common/ThirdParty/SEGGER/SEGGER/SEGGER_SYSVIEW.o
                0x0000000008007b98                SEGGER_SYSVIEW_OnTaskStopReady
 .text.SEGGER_SYSVIEW_ShrinkId
                0x0000000008007c58       0x20 ./common/ThirdParty/SEGGER/SEGGER/SEGGER_SYSVIEW.o
                0x0000000008007c58                SEGGER_SYSVIEW_ShrinkId
 .text.SEGGER_SYSVIEW_SendModule
                0x0000000008007c78      0x100 ./common/ThirdParty/SEGGER/SEGGER/SEGGER_SYSVIEW.o
                0x0000000008007c78                SEGGER_SYSVIEW_SendModule
 .text.SEGGER_SYSVIEW_SendModuleDescription
                0x0000000008007d78       0x3c ./common/ThirdParty/SEGGER/SEGGER/SEGGER_SYSVIEW.o
                0x0000000008007d78                SEGGER_SYSVIEW_SendModuleDescription
 .text.SEGGER_SYSVIEW_SendNumModules
                0x0000000008007db4       0x7c ./common/ThirdParty/SEGGER/SEGGER/SEGGER_SYSVIEW.o
                0x0000000008007db4                SEGGER_SYSVIEW_SendNumModules
 .text.SEGGER_SYSVIEW_Warn
                0x0000000008007e30       0xb8 ./common/ThirdParty/SEGGER/SEGGER/SEGGER_SYSVIEW.o
                0x0000000008007e30                SEGGER_SYSVIEW_Warn
 .text.SEGGER_SYSVIEW_IsStarted
                0x0000000008007ee8       0x5c ./common/ThirdParty/SEGGER/SEGGER/SEGGER_SYSVIEW.o
                0x0000000008007ee8                SEGGER_SYSVIEW_IsStarted
 .text.__libc_init_array
                0x0000000008007f44       0x48 c:/st/stm32cubeide_1.4.0/stm32cubeide/plugins/com.st.stm32cube.ide.mcu.externaltools.gnu-tools-for-stm32.9-2020-q2-update.win32_2.0.0.202105311346/tools/bin/../lib/gcc/arm-none-eabi/9.3.1/../../../../arm-none-eabi/lib/thumb/v7e-m+fp/hard\libc_nano.a(lib_a-init.o)
                0x0000000008007f44                __libc_init_array
 .text.memcmp   0x0000000008007f8c       0x1c c:/st/stm32cubeide_1.4.0/stm32cubeide/plugins/com.st.stm32cube.ide.mcu.externaltools.gnu-tools-for-stm32.9-2020-q2-update.win32_2.0.0.202105311346/tools/bin/../lib/gcc/arm-none-eabi/9.3.1/../../../../arm-none-eabi/lib/thumb/v7e-m+fp/hard\libc_nano.a(lib_a-memcmp.o)
                0x0000000008007f8c                memcmp
 .text.memcpy   0x0000000008007fa8       0x1c c:/st/stm32cubeide_1.4.0/stm32cubeide/plugins/com.st.stm32cube.ide.mcu.externaltools.gnu-tools-for-stm32.9-2020-q2-update.win32_2.0.0.202105311346/tools/bin/../lib/gcc/arm-none-eabi/9.3.1/../../../../arm-none-eabi/lib/thumb/v7e-m+fp/hard\libc_nano.a(lib_a-memcpy-stub.o)
                0x0000000008007fa8                memcpy
 .text.memset   0x0000000008007fc4       0x10 c:/st/stm32cubeide_1.4.0/stm32cubeide/plugins/com.st.stm32cube.ide.mcu.externaltools.gnu-tools-for-stm32.9-2020-q2-update.win32_2.0.0.202105311346/tools/bin/../lib/gcc/arm-none-eabi/9.3.1/../../../../arm-none-eabi/lib/thumb/v7e-m+fp/hard\libc_nano.a(lib_a-memset.o)
                0x0000000008007fc4                memset
 .text.sprintf  0x0000000008007fd4       0x40 c:/st/stm32cubeide_1.4.0/stm32cubeide/plugins/com.st.stm32cube.ide.mcu.externaltools.gnu-tools-for-stm32.9-2020-q2-update.win32_2.0.0.202105311346/tools/bin/../lib/gcc/arm-none-eabi/9.3.1/../../../../arm-none-eabi/lib/thumb/v7e-m+fp/hard\libc_nano.a(lib_a-sprintf.o)
                0x0000000008007fd4                siprintf
                0x0000000008007fd4                sprintf
 .text.__ssputs_r
                0x0000000008008014       0xb6 c:/st/stm32cubeide_1.4.0/stm32cubeide/plugins/com.st.stm32cube.ide.mcu.externaltools.gnu-tools-for-stm32.9-2020-q2-update.win32_2.0.0.202105311346/tools/bin/../lib/gcc/arm-none-eabi/9.3.1/../../../../arm-none-eabi/lib/thumb/v7e-m+fp/hard\libc_nano.a(lib_a-nano-svfprintf.o)
                0x0000000008008014                __ssputs_r
 *fill*         0x00000000080080ca        0x2 
 .text._svfprintf_r
                0x00000000080080cc      0x200 c:/st/stm32cubeide_1.4.0/stm32cubeide/plugins/com.st.stm32cube.ide.mcu.externaltools.gnu-tools-for-stm32.9-2020-q2-update.win32_2.0.0.202105311346/tools/bin/../lib/gcc/arm-none-eabi/9.3.1/../../../../arm-none-eabi/lib/thumb/v7e-m+fp/hard\libc_nano.a(lib_a-nano-svfprintf.o)
                0x00000000080080cc                _svfiprintf_r
                0x00000000080080cc                _svfprintf_r
 .text._printf_common
                0x00000000080082cc       0xda c:/st/stm32cubeide_1.4.0/stm32cubeide/plugins/com.st.stm32cube.ide.mcu.externaltools.gnu-tools-for-stm32.9-2020-q2-update.win32_2.0.0.202105311346/tools/bin/../lib/gcc/arm-none-eabi/9.3.1/../../../../arm-none-eabi/lib/thumb/v7e-m+fp/hard\libc_nano.a(lib_a-nano-vfprintf_i.o)
                0x00000000080082cc                _printf_common
 *fill*         0x00000000080083a6        0x2 
 .text._printf_i
                0x00000000080083a8      0x24c c:/st/stm32cubeide_1.4.0/stm32cubeide/plugins/com.st.stm32cube.ide.mcu.externaltools.gnu-tools-for-stm32.9-2020-q2-update.win32_2.0.0.202105311346/tools/bin/../lib/gcc/arm-none-eabi/9.3.1/../../../../arm-none-eabi/lib/thumb/v7e-m+fp/hard\libc_nano.a(lib_a-nano-vfprintf_i.o)
                0x00000000080083a8                _printf_i
 .text.memmove  0x00000000080085f4       0x34 c:/st/stm32cubeide_1.4.0/stm32cubeide/plugins/com.st.stm32cube.ide.mcu.externaltools.gnu-tools-for-stm32.9-2020-q2-update.win32_2.0.0.202105311346/tools/bin/../lib/gcc/arm-none-eabi/9.3.1/../../../../arm-none-eabi/lib/thumb/v7e-m+fp/hard\libc_nano.a(lib_a-memmove.o)
                0x00000000080085f4                memmove
 .text._free_r  0x0000000008008628       0xa0 c:/st/stm32cubeide_1.4.0/stm32cubeide/plugins/com.st.stm32cube.ide.mcu.externaltools.gnu-tools-for-stm32.9-2020-q2-update.win32_2.0.0.202105311346/tools/bin/../lib/gcc/arm-none-eabi/9.3.1/../../../../arm-none-eabi/lib/thumb/v7e-m+fp/hard\libc_nano.a(lib_a-nano-freer.o)
                0x0000000008008628                _free_r
 .text._malloc_r
                0x00000000080086c8       0xb4 c:/st/stm32cubeide_1.4.0/stm32cubeide/plugins/com.st.stm32cube.ide.mcu.externaltools.gnu-tools-for-stm32.9-2020-q2-update.win32_2.0.0.202105311346/tools/bin/../lib/gcc/arm-none-eabi/9.3.1/../../../../arm-none-eabi/lib/thumb/v7e-m+fp/hard\libc_nano.a(lib_a-nano-mallocr.o)
                0x00000000080086c8                _malloc_r
 .text._realloc_r
                0x000000000800877c       0x4c c:/st/stm32cubeide_1.4.0/stm32cubeide/plugins/com.st.stm32cube.ide.mcu.externaltools.gnu-tools-for-stm32.9-2020-q2-update.win32_2.0.0.202105311346/tools/bin/../lib/gcc/arm-none-eabi/9.3.1/../../../../arm-none-eabi/lib/thumb/v7e-m+fp/hard\libc_nano.a(lib_a-nano-reallocr.o)
                0x000000000800877c                _realloc_r
 .text._sbrk_r  0x00000000080087c8       0x20 c:/st/stm32cubeide_1.4.0/stm32cubeide/plugins/com.st.stm32cube.ide.mcu.externaltools.gnu-tools-for-stm32.9-2020-q2-update.win32_2.0.0.202105311346/tools/bin/../lib/gcc/arm-none-eabi/9.3.1/../../../../arm-none-eabi/lib/thumb/v7e-m+fp/hard\libc_nano.a(lib_a-sbrkr.o)
                0x00000000080087c8                _sbrk_r
 .text.__malloc_lock
                0x00000000080087e8        0xc c:/st/stm32cubeide_1.4.0/stm32cubeide/plugins/com.st.stm32cube.ide.mcu.externaltools.gnu-tools-for-stm32.9-2020-q2-update.win32_2.0.0.202105311346/tools/bin/../lib/gcc/arm-none-eabi/9.3.1/../../../../arm-none-eabi/lib/thumb/v7e-m+fp/hard\libc_nano.a(lib_a-mlock.o)
                0x00000000080087e8                __malloc_lock
 .text.__malloc_unlock
                0x00000000080087f4        0xc c:/st/stm32cubeide_1.4.0/stm32cubeide/plugins/com.st.stm32cube.ide.mcu.externaltools.gnu-tools-for-stm32.9-2020-q2-update.win32_2.0.0.202105311346/tools/bin/../lib/gcc/arm-none-eabi/9.3.1/../../../../arm-none-eabi/lib/thumb/v7e-m+fp/hard\libc_nano.a(lib_a-mlock.o)
                0x00000000080087f4                __malloc_unlock
 .text._malloc_usable_size_r
                0x0000000008008800       0x10 c:/st/stm32cubeide_1.4.0/stm32cubeide/plugins/com.st.stm32cube.ide.mcu.externaltools.gnu-tools-for-stm32.9-2020-q2-update.win32_2.0.0.202105311346/tools/bin/../lib/gcc/arm-none-eabi/9.3.1/../../../../arm-none-eabi/lib/thumb/v7e-m+fp/hard\libc_nano.a(lib_a-nano-msizer.o)
                0x0000000008008800                _malloc_usable_size_r
 .text.__retarget_lock_acquire_recursive
                0x0000000008008810        0x2 c:/st/stm32cubeide_1.4.0/stm32cubeide/plugins/com.st.stm32cube.ide.mcu.externaltools.gnu-tools-for-stm32.9-2020-q2-update.win32_2.0.0.202105311346/tools/bin/../lib/gcc/arm-none-eabi/9.3.1/../../../../arm-none-eabi/lib/thumb/v7e-m+fp/hard\libc_nano.a(lib_a-lock.o)
                0x0000000008008810                __retarget_lock_acquire_recursive
 .text.__retarget_lock_release_recursive
                0x0000000008008812        0x2 c:/st/stm32cubeide_1.4.0/stm32cubeide/plugins/com.st.stm32cube.ide.mcu.externaltools.gnu-tools-for-stm32.9-2020-q2-update.win32_2.0.0.202105311346/tools/bin/../lib/gcc/arm-none-eabi/9.3.1/../../../../arm-none-eabi/lib/thumb/v7e-m+fp/hard\libc_nano.a(lib_a-lock.o)
                0x0000000008008812                __retarget_lock_release_recursive
 .text._sbrk    0x0000000008008814       0x1c c:/st/stm32cubeide_1.4.0/stm32cubeide/plugins/com.st.stm32cube.ide.mcu.externaltools.gnu-tools-for-stm32.9-2020-q2-update.win32_2.0.0.202105311346/tools/bin/../lib/gcc/arm-none-eabi/9.3.1/../../../../arm-none-eabi/lib/thumb/v7e-m+fp/hard\libnosys.a(sbrk.o)
                0x0000000008008814                _sbrk
 *(.glue_7)
 .glue_7        0x0000000008008830        0x0 linker stubs
 *(.glue_7t)
 .glue_7t       0x0000000008008830        0x0 linker stubs
 *(.eh_frame)
 .eh_frame      0x0000000008008830        0x0 c:/st/stm32cubeide_1.4.0/stm32cubeide/plugins/com.st.stm32cube.ide.mcu.externaltools.gnu-tools-for-stm32.9-2020-q2-update.win32_2.0.0.202105311346/tools/bin/../lib/gcc/arm-none-eabi/9.3.1/thumb/v7e-m+fp/hard/crtbegin.o
 *(.init)
 .init          0x0000000008008830        0x4 c:/st/stm32cubeide_1.4.0/stm32cubeide/plugins/com.st.stm32cube.ide.mcu.externaltools.gnu-tools-for-stm32.9-2020-q2-update.win32_2.0.0.202105311346/tools/bin/../lib/gcc/arm-none-eabi/9.3.1/thumb/v7e-m+fp/hard/crti.o
                0x0000000008008830                _init
 .init          0x0000000008008834        0x8 c:/st/stm32cubeide_1.4.0/stm32cubeide/plugins/com.st.stm32cube.ide.mcu.externaltools.gnu-tools-for-stm32.9-2020-q2-update.win32_2.0.0.202105311346/tools/bin/../lib/gcc/arm-none-eabi/9.3.1/thumb/v7e-m+fp/hard/crtn.o
 *(.fini)
 .fini          0x000000000800883c        0x4 c:/st/stm32cubeide_1.4.0/stm32cubeide/plugins/com.st.stm32cube.ide.mcu.externaltools.gnu-tools-for-stm32.9-2020-q2-update.win32_2.0.0.202105311346/tools/bin/../lib/gcc/arm-none-eabi/9.3.1/thumb/v7e-m+fp/hard/crti.o
                0x000000000800883c                _fini
 .fini          0x0000000008008840        0x8 c:/st/stm32cubeide_1.4.0/stm32cubeide/plugins/com.st.stm32cube.ide.mcu.externaltools.gnu-tools-for-stm32.9-2020-q2-update.win32_2.0.0.202105311346/tools/bin/../lib/gcc/arm-none-eabi/9.3.1/thumb/v7e-m+fp/hard/crtn.o
                0x0000000008008848                . = ALIGN (0x4)
                0x0000000008008848                _etext = .

.vfp11_veneer   0x0000000008008848        0x0
 .vfp11_veneer  0x0000000008008848        0x0 linker stubs

.v4_bx          0x0000000008008848        0x0
 .v4_bx         0x0000000008008848        0x0 linker stubs

.iplt           0x0000000008008848        0x0
 .iplt          0x0000000008008848        0x0 c:/st/stm32cubeide_1.4.0/stm32cubeide/plugins/com.st.stm32cube.ide.mcu.externaltools.gnu-tools-for-stm32.9-2020-q2-update.win32_2.0.0.202105311346/tools/bin/../lib/gcc/arm-none-eabi/9.3.1/thumb/v7e-m+fp/hard/crtbegin.o

.rodata         0x0000000008008848      0x1d4
                0x0000000008008848                . = ALIGN (0x4)
 *(.rodata)
 .rodata        0x0000000008008848       0x90 ./Core/Src/main.o
 .rodata        0x00000000080088d8        0x5 ./common/ThirdParty/FreeRTOS/tasks.o
 *fill*         0x00000000080088dd        0x3 
 .rodata        0x00000000080088e0        0xd ./common/ThirdParty/FreeRTOS/timers.o
 *fill*         0x00000000080088ed        0x3 
 .rodata        0x00000000080088f0       0x4d ./common/ThirdParty/SEGGER/Config/SEGGER_SYSVIEW_Config_FreeRTOS.o
 *fill*         0x000000000800893d        0x3 
 .rodata        0x0000000008008940       0x58 ./common/ThirdParty/SEGGER/OS/SEGGER_SYSVIEW_FreeRTOS.o
 .rodata        0x0000000008008998       0x17 ./common/ThirdParty/SEGGER/SEGGER/SEGGER_RTT.o
 *fill*         0x00000000080089af        0x1 
 .rodata        0x00000000080089b0        0x8 ./common/ThirdParty/SEGGER/SEGGER/SEGGER_SYSVIEW.o
 *(.rodata*)
 .rodata.AHBPrescTable
                0x00000000080089b8       0x10 ./Core/Src/system_stm32f4xx.o
                0x00000000080089b8                AHBPrescTable
 .rodata.APBPrescTable
                0x00000000080089c8        0x8 ./Core/Src/system_stm32f4xx.o
                0x00000000080089c8                APBPrescTable
 .rodata.SYSVIEW_X_OS_TraceAPI
                0x00000000080089d0        0x8 ./common/ThirdParty/SEGGER/OS/SEGGER_SYSVIEW_FreeRTOS.o
                0x00000000080089d0                SYSVIEW_X_OS_TraceAPI
 .rodata._abHelloMsg
                0x00000000080089d8        0x4 ./common/ThirdParty/SEGGER/Rec/segger_uart.o
 .rodata._abSync
                0x00000000080089dc        0xa ./common/ThirdParty/SEGGER/SEGGER/SEGGER_SYSVIEW.o
 .rodata._svfprintf_r.str1.1
                0x00000000080089e6       0x11 c:/st/stm32cubeide_1.4.0/stm32cubeide/plugins/com.st.stm32cube.ide.mcu.externaltools.gnu-tools-for-stm32.9-2020-q2-update.win32_2.0.0.202105311346/tools/bin/../lib/gcc/arm-none-eabi/9.3.1/../../../../arm-none-eabi/lib/thumb/v7e-m+fp/hard\libc_nano.a(lib_a-nano-svfprintf.o)
 .rodata._printf_i.str1.1
                0x00000000080089f7       0x22 c:/st/stm32cubeide_1.4.0/stm32cubeide/plugins/com.st.stm32cube.ide.mcu.externaltools.gnu-tools-for-stm32.9-2020-q2-update.win32_2.0.0.202105311346/tools/bin/../lib/gcc/arm-none-eabi/9.3.1/../../../../arm-none-eabi/lib/thumb/v7e-m+fp/hard\libc_nano.a(lib_a-nano-vfprintf_i.o)
                0x0000000008008a1c                . = ALIGN (0x4)
 *fill*         0x0000000008008a19        0x3 

.ARM.extab      0x0000000008008a1c        0x0
                0x0000000008008a1c                . = ALIGN (0x4)
 *(.ARM.extab* .gnu.linkonce.armextab.*)
                0x0000000008008a1c                . = ALIGN (0x4)

.ARM            0x0000000008008a1c        0x8
                0x0000000008008a1c                . = ALIGN (0x4)
                0x0000000008008a1c                __exidx_start = .
 *(.ARM.exidx*)
 .ARM.exidx     0x0000000008008a1c        0x8 c:/st/stm32cubeide_1.4.0/stm32cubeide/plugins/com.st.stm32cube.ide.mcu.externaltools.gnu-tools-for-stm32.9-2020-q2-update.win32_2.0.0.202105311346/tools/bin/../lib/gcc/arm-none-eabi/9.3.1/thumb/v7e-m+fp/hard\libgcc.a(_udivmoddi4.o)
                0x0000000008008a24                __exidx_end = .
                0x0000000008008a24                . = ALIGN (0x4)

.rel.dyn        0x0000000008008a24        0x0
 .rel.iplt      0x0000000008008a24        0x0 c:/st/stm32cubeide_1.4.0/stm32cubeide/plugins/com.st.stm32cube.ide.mcu.externaltools.gnu-tools-for-stm32.9-2020-q2-update.win32_2.0.0.202105311346/tools/bin/../lib/gcc/arm-none-eabi/9.3.1/thumb/v7e-m+fp/hard/crtbegin.o

.preinit_array  0x0000000008008a24        0x0
                0x0000000008008a24                . = ALIGN (0x4)
                0x0000000008008a24                PROVIDE (__preinit_array_start = .)
 *(.preinit_array*)
                0x0000000008008a24                PROVIDE (__preinit_array_end = .)
                0x0000000008008a24                . = ALIGN (0x4)

.init_array     0x0000000008008a24        0x4
                0x0000000008008a24                . = ALIGN (0x4)
                0x0000000008008a24                PROVIDE (__init_array_start = .)
 *(SORT_BY_NAME(.init_array.*))
 *(.init_array*)
 .init_array    0x0000000008008a24        0x4 c:/st/stm32cubeide_1.4.0/stm32cubeide/plugins/com.st.stm32cube.ide.mcu.externaltools.gnu-tools-for-stm32.9-2020-q2-update.win32_2.0.0.202105311346/tools/bin/../lib/gcc/arm-none-eabi/9.3.1/thumb/v7e-m+fp/hard/crtbegin.o
                0x0000000008008a28                PROVIDE (__init_array_end = .)
                0x0000000008008a28                . = ALIGN (0x4)

.fini_array     0x0000000008008a28        0x4
                0x0000000008008a28                . = ALIGN (0x4)
                [!provide]                        PROVIDE (__fini_array_start = .)
 *(SORT_BY_NAME(.fini_array.*))
 *(.fini_array*)
 .fini_array    0x0000000008008a28        0x4 c:/st/stm32cubeide_1.4.0/stm32cubeide/plugins/com.st.stm32cube.ide.mcu.externaltools.gnu-tools-for-stm32.9-2020-q2-update.win32_2.0.0.202105311346/tools/bin/../lib/gcc/arm-none-eabi/9.3.1/thumb/v7e-m+fp/hard/crtbegin.o
                [!provide]                        PROVIDE (__fini_array_end = .)
                0x0000000008008a2c                . = ALIGN (0x4)
                0x0000000008008a2c                _sidata = LOADADDR (.data)

.data           0x0000000020000000       0x84 load address 0x0000000008008a2c
                0x0000000020000000                . = ALIGN (0x4)
                0x0000000020000000                _sdata = .
 *(.data)
 *(.data*)
 .data.SystemCoreClock
                0x0000000020000000        0x4 ./Core/Src/system_stm32f4xx.o
                0x0000000020000000                SystemCoreClock
 .data.uwTickPrio
                0x0000000020000004        0x4 ./Drivers/STM32F4xx_HAL_Driver/Src/stm32f4xx_hal.o
                0x0000000020000004                uwTickPrio
 .data.uwTickFreq
                0x0000000020000008        0x1 ./Drivers/STM32F4xx_HAL_Driver/Src/stm32f4xx_hal.o
                0x0000000020000008                uwTickFreq
 *fill*         0x0000000020000009        0x3 
 .data.uxTopUsedPriority
                0x000000002000000c        0x4 ./common/ThirdParty/FreeRTOS/tasks.o
                0x000000002000000c                uxTopUsedPriority
 .data.uxCriticalNesting
                0x0000000020000010        0x4 ./common/ThirdParty/FreeRTOS/portable/GCC/ARM_CM4F/port.o
 .data.xFreeBytesRemaining
                0x0000000020000014        0x4 ./common/ThirdParty/FreeRTOS/portable/MemMang/heap_2.o
 .data._SVInfo  0x0000000020000018        0x8 ./common/ThirdParty/SEGGER/Rec/segger_uart.o
 .data._impure_ptr
                0x0000000020000020        0x4 c:/st/stm32cubeide_1.4.0/stm32cubeide/plugins/com.st.stm32cube.ide.mcu.externaltools.gnu-tools-for-stm32.9-2020-q2-update.win32_2.0.0.202105311346/tools/bin/../lib/gcc/arm-none-eabi/9.3.1/../../../../arm-none-eabi/lib/thumb/v7e-m+fp/hard\libc_nano.a(lib_a-impure.o)
                0x0000000020000020                _impure_ptr
 .data.impure_data
                0x0000000020000024       0x60 c:/st/stm32cubeide_1.4.0/stm32cubeide/plugins/com.st.stm32cube.ide.mcu.externaltools.gnu-tools-for-stm32.9-2020-q2-update.win32_2.0.0.202105311346/tools/bin/../lib/gcc/arm-none-eabi/9.3.1/../../../../arm-none-eabi/lib/thumb/v7e-m+fp/hard\libc_nano.a(lib_a-impure.o)
 *(.RamFunc)
 *(.RamFunc*)
                0x0000000020000084                . = ALIGN (0x4)
                0x0000000020000084                _edata = .

.igot.plt       0x0000000020000084        0x0 load address 0x0000000008008ab0
 .igot.plt      0x0000000020000084        0x0 c:/st/stm32cubeide_1.4.0/stm32cubeide/plugins/com.st.stm32cube.ide.mcu.externaltools.gnu-tools-for-stm32.9-2020-q2-update.win32_2.0.0.202105311346/tools/bin/../lib/gcc/arm-none-eabi/9.3.1/thumb/v7e-m+fp/hard/crtbegin.o
                0x0000000020000084                . = ALIGN (0x4)

.bss            0x0000000020000084    0x14604 load address 0x0000000008008ab0
                0x0000000020000084                _sbss = .
                0x0000000020000084                __bss_start__ = _sbss
 *(.bss)
 .bss           0x0000000020000084       0x1c c:/st/stm32cubeide_1.4.0/stm32cubeide/plugins/com.st.stm32cube.ide.mcu.externaltools.gnu-tools-for-stm32.9-2020-q2-update.win32_2.0.0.202105311346/tools/bin/../lib/gcc/arm-none-eabi/9.3.1/thumb/v7e-m+fp/hard/crtbegin.o
 *(.bss*)
 .bss.usr_msg   0x00000000200000a0       0xfa ./Core/Src/main.o
                0x00000000200000a0                usr_msg
 *fill*         0x000000002000019a        0x2 
 .bss.pxCurrentTCB
                0x000000002000019c        0x4 ./common/ThirdParty/FreeRTOS/tasks.o
                0x000000002000019c                pxCurrentTCB
 .bss.pxReadyTasksLists
                0x00000000200001a0       0x64 ./common/ThirdParty/FreeRTOS/tasks.o
 .bss.xDelayedTaskList1
                0x0000000020000204       0x14 ./common/ThirdParty/FreeRTOS/tasks.o
 .bss.xDelayedTaskList2
                0x0000000020000218       0x14 ./common/ThirdParty/FreeRTOS/tasks.o
 .bss.pxDelayedTaskList
                0x000000002000022c        0x4 ./common/ThirdParty/FreeRTOS/tasks.o
 .bss.pxOverflowDelayedTaskList
                0x0000000020000230        0x4 ./common/ThirdParty/FreeRTOS/tasks.o
 .bss.xPendingReadyList
                0x0000000020000234       0x14 ./common/ThirdParty/FreeRTOS/tasks.o
 .bss.xTasksWaitingTermination
                0x0000000020000248       0x14 ./common/ThirdParty/FreeRTOS/tasks.o
 .bss.uxDeletedTasksWaitingCleanUp
                0x000000002000025c        0x4 ./common/ThirdParty/FreeRTOS/tasks.o
 .bss.xSuspendedTaskList
                0x0000000020000260       0x14 ./common/ThirdParty/FreeRTOS/tasks.o
 .bss.uxCurrentNumberOfTasks
                0x0000000020000274        0x4 ./common/ThirdParty/FreeRTOS/tasks.o
 .bss.xTickCount
                0x0000000020000278        0x4 ./common/ThirdParty/FreeRTOS/tasks.o
 .bss.uxTopReadyPriority
                0x000000002000027c        0x4 ./common/ThirdParty/FreeRTOS/tasks.o
 .bss.xSchedulerRunning
                0x0000000020000280        0x4 ./common/ThirdParty/FreeRTOS/tasks.o
 .bss.xPendedTicks
                0x0000000020000284        0x4 ./common/ThirdParty/FreeRTOS/tasks.o
 .bss.xYieldPending
                0x0000000020000288        0x4 ./common/ThirdParty/FreeRTOS/tasks.o
 .bss.xNumOfOverflows
                0x000000002000028c        0x4 ./common/ThirdParty/FreeRTOS/tasks.o
 .bss.uxTaskNumber
                0x0000000020000290        0x4 ./common/ThirdParty/FreeRTOS/tasks.o
 .bss.xNextTaskUnblockTime
                0x0000000020000294        0x4 ./common/ThirdParty/FreeRTOS/tasks.o
 .bss.xIdleTaskHandle
                0x0000000020000298        0x4 ./common/ThirdParty/FreeRTOS/tasks.o
 .bss.uxSchedulerSuspended
                0x000000002000029c        0x4 ./common/ThirdParty/FreeRTOS/tasks.o
 .bss.xActiveTimerList1
                0x00000000200002a0       0x14 ./common/ThirdParty/FreeRTOS/timers.o
 .bss.xActiveTimerList2
                0x00000000200002b4       0x14 ./common/ThirdParty/FreeRTOS/timers.o
 .bss.pxCurrentTimerList
                0x00000000200002c8        0x4 ./common/ThirdParty/FreeRTOS/timers.o
 .bss.pxOverflowTimerList
                0x00000000200002cc        0x4 ./common/ThirdParty/FreeRTOS/timers.o
 .bss.xTimerQueue
                0x00000000200002d0        0x4 ./common/ThirdParty/FreeRTOS/timers.o
 .bss.xTimerTaskHandle
                0x00000000200002d4        0x4 ./common/ThirdParty/FreeRTOS/timers.o
 .bss.xLastTime.7328
                0x00000000200002d8        0x4 ./common/ThirdParty/FreeRTOS/timers.o
 .bss.ucMaxSysCallPriority
                0x00000000200002dc        0x1 ./common/ThirdParty/FreeRTOS/portable/GCC/ARM_CM4F/port.o
 *fill*         0x00000000200002dd        0x3 
 .bss.ulMaxPRIGROUPValue
                0x00000000200002e0        0x4 ./common/ThirdParty/FreeRTOS/portable/GCC/ARM_CM4F/port.o
 .bss.ucHeap    0x00000000200002e4    0x12c00 ./common/ThirdParty/FreeRTOS/portable/MemMang/heap_2.o
 .bss.xStart    0x0000000020012ee4        0x8 ./common/ThirdParty/FreeRTOS/portable/MemMang/heap_2.o
 .bss.xEnd      0x0000000020012eec        0x8 ./common/ThirdParty/FreeRTOS/portable/MemMang/heap_2.o
 .bss.xHeapHasBeenInitialised.7016
                0x0000000020012ef4        0x4 ./common/ThirdParty/FreeRTOS/portable/MemMang/heap_2.o
 .bss._aTasks   0x0000000020012ef8       0xa0 ./common/ThirdParty/SEGGER/OS/SEGGER_SYSVIEW_FreeRTOS.o
 .bss._NumTasks
                0x0000000020012f98        0x4 ./common/ThirdParty/SEGGER/OS/SEGGER_SYSVIEW_FreeRTOS.o
 .bss._cbOnRx   0x0000000020012f9c        0x4 ./common/ThirdParty/SEGGER/Rec/segger_uart.o
 .bss._cbOnTx   0x0000000020012fa0        0x4 ./common/ThirdParty/SEGGER/Rec/segger_uart.o
 .bss._acUpBuffer
                0x0000000020012fa4      0x400 ./common/ThirdParty/SEGGER/SEGGER/SEGGER_RTT.o
 .bss._acDownBuffer
                0x00000000200133a4       0x10 ./common/ThirdParty/SEGGER/SEGGER/SEGGER_RTT.o
 .bss._UpBuffer
                0x00000000200133b4     0x1000 ./common/ThirdParty/SEGGER/SEGGER/SEGGER_SYSVIEW.o
 .bss._DownBuffer
                0x00000000200143b4        0x8 ./common/ThirdParty/SEGGER/SEGGER/SEGGER_SYSVIEW.o
 .bss._SYSVIEW_Globals
                0x00000000200143bc       0x28 ./common/ThirdParty/SEGGER/SEGGER/SEGGER_SYSVIEW.o
 .bss._pFirstModule
                0x00000000200143e4        0x4 ./common/ThirdParty/SEGGER/SEGGER/SEGGER_SYSVIEW.o
 .bss._NumModules
                0x00000000200143e8        0x1 ./common/ThirdParty/SEGGER/SEGGER/SEGGER_SYSVIEW.o
 *fill*         0x00000000200143e9        0x3 
 .bss._aPacket  0x00000000200143ec       0xe3 ./common/ThirdParty/SEGGER/SEGGER/SEGGER_SYSVIEW.o
 *fill*         0x00000000200144cf        0x1 
 .bss.__malloc_free_list
                0x00000000200144d0        0x4 c:/st/stm32cubeide_1.4.0/stm32cubeide/plugins/com.st.stm32cube.ide.mcu.externaltools.gnu-tools-for-stm32.9-2020-q2-update.win32_2.0.0.202105311346/tools/bin/../lib/gcc/arm-none-eabi/9.3.1/../../../../arm-none-eabi/lib/thumb/v7e-m+fp/hard\libc_nano.a(lib_a-nano-mallocr.o)
                0x00000000200144d0                __malloc_free_list
 .bss.__malloc_sbrk_start
                0x00000000200144d4        0x4 c:/st/stm32cubeide_1.4.0/stm32cubeide/plugins/com.st.stm32cube.ide.mcu.externaltools.gnu-tools-for-stm32.9-2020-q2-update.win32_2.0.0.202105311346/tools/bin/../lib/gcc/arm-none-eabi/9.3.1/../../../../arm-none-eabi/lib/thumb/v7e-m+fp/hard\libc_nano.a(lib_a-nano-mallocr.o)
                0x00000000200144d4                __malloc_sbrk_start
 .bss.heap_end.5507
                0x00000000200144d8        0x4 c:/st/stm32cubeide_1.4.0/stm32cubeide/plugins/com.st.stm32cube.ide.mcu.externaltools.gnu-tools-for-stm32.9-2020-q2-update.win32_2.0.0.202105311346/tools/bin/../lib/gcc/arm-none-eabi/9.3.1/../../../../arm-none-eabi/lib/thumb/v7e-m+fp/hard\libnosys.a(sbrk.o)
 *(COMMON)
 COMMON         0x00000000200144dc       0x68 ./Core/Src/main.o
                0x00000000200144dc                xBinarySemaphore
                0x00000000200144e0                hrtc
                0x0000000020014500                huart2
 COMMON         0x0000000020014544       0x48 ./Core/Src/stm32f4xx_hal_timebase_tim.o
                0x0000000020014544                htim6
 COMMON         0x000000002001458c        0x4 ./Drivers/STM32F4xx_HAL_Driver/Src/stm32f4xx_hal.o
                0x000000002001458c                uwTick
 COMMON         0x0000000020014590       0x40 ./common/ThirdParty/FreeRTOS/queue.o
                0x0000000020014590                xQueueRegistry
 COMMON         0x00000000200145d0       0xa8 ./common/ThirdParty/SEGGER/SEGGER/SEGGER_RTT.o
                0x00000000200145d0                _SEGGER_RTT
 COMMON         0x0000000020014678        0x4 c:/st/stm32cubeide_1.4.0/stm32cubeide/plugins/com.st.stm32cube.ide.mcu.externaltools.gnu-tools-for-stm32.9-2020-q2-update.win32_2.0.0.202105311346/tools/bin/../lib/gcc/arm-none-eabi/9.3.1/../../../../arm-none-eabi/lib/thumb/v7e-m+fp/hard\libc_nano.a(lib_a-reent.o)
                0x0000000020014678                errno
 COMMON         0x000000002001467c        0x9 c:/st/stm32cubeide_1.4.0/stm32cubeide/plugins/com.st.stm32cube.ide.mcu.externaltools.gnu-tools-for-stm32.9-2020-q2-update.win32_2.0.0.202105311346/tools/bin/../lib/gcc/arm-none-eabi/9.3.1/../../../../arm-none-eabi/lib/thumb/v7e-m+fp/hard\libc_nano.a(lib_a-lock.o)
                0x000000002001467c                __lock___atexit_recursive_mutex
                0x000000002001467d                __lock___arc4random_mutex
                0x000000002001467e                __lock___env_recursive_mutex
                0x000000002001467f                __lock___sinit_recursive_mutex
                0x0000000020014680                __lock___malloc_recursive_mutex
                0x0000000020014681                __lock___at_quick_exit_mutex
                0x0000000020014682                __lock___dd_hash_mutex
                0x0000000020014683                __lock___tz_mutex
                0x0000000020014684                __lock___sfp_recursive_mutex
                0x0000000020014688                . = ALIGN (0x4)
 *fill*         0x0000000020014685        0x3 
                0x0000000020014688                _ebss = .
                0x0000000020014688                __bss_end__ = _ebss

._user_heap_stack
                0x0000000020014688      0x600 load address 0x0000000008008ab0
                0x0000000020014688                . = ALIGN (0x8)
                0x0000000020014688                PROVIDE (end = .)
                [!provide]                        PROVIDE (_end = .)
                0x0000000020014888                . = (. + _Min_Heap_Size)
 *fill*         0x0000000020014688      0x200 
                0x0000000020014c88                . = (. + _Min_Stack_Size)
 *fill*         0x0000000020014888      0x400 
                0x0000000020014c88                . = ALIGN (0x8)

/DISCARD/
 libc.a(*)
 libm.a(*)
 libgcc.a(*)

.ARM.attributes
                0x0000000000000000       0x30
 *(.ARM.attributes)
 .ARM.attributes
                0x0000000000000000       0x1e c:/st/stm32cubeide_1.4.0/stm32cubeide/plugins/com.st.stm32cube.ide.mcu.externaltools.gnu-tools-for-stm32.9-2020-q2-update.win32_2.0.0.202105311346/tools/bin/../lib/gcc/arm-none-eabi/9.3.1/thumb/v7e-m+fp/hard/crti.o
 .ARM.attributes
                0x000000000000001e       0x34 c:/st/stm32cubeide_1.4.0/stm32cubeide/plugins/com.st.stm32cube.ide.mcu.externaltools.gnu-tools-for-stm32.9-2020-q2-update.win32_2.0.0.202105311346/tools/bin/../lib/gcc/arm-none-eabi/9.3.1/thumb/v7e-m+fp/hard/crtbegin.o
 .ARM.attributes
                0x0000000000000052       0x34 ./Core/Src/main.o
 .ARM.attributes
                0x0000000000000086       0x34 ./Core/Src/stm32f4xx_hal_msp.o
 .ARM.attributes
                0x00000000000000ba       0x34 ./Core/Src/stm32f4xx_hal_timebase_tim.o
 .ARM.attributes
                0x00000000000000ee       0x34 ./Core/Src/stm32f4xx_it.o
 .ARM.attributes
                0x0000000000000122       0x34 ./Core/Src/system_stm32f4xx.o
 .ARM.attributes
                0x0000000000000156       0x21 ./Core/Startup/startup_stm32f446retx.o
 .ARM.attributes
                0x0000000000000177       0x34 ./Drivers/STM32F4xx_HAL_Driver/Src/stm32f4xx_hal.o
 .ARM.attributes
                0x00000000000001ab       0x34 ./Drivers/STM32F4xx_HAL_Driver/Src/stm32f4xx_hal_cortex.o
 .ARM.attributes
                0x00000000000001df       0x34 ./Drivers/STM32F4xx_HAL_Driver/Src/stm32f4xx_hal_gpio.o
 .ARM.attributes
                0x0000000000000213       0x34 ./Drivers/STM32F4xx_HAL_Driver/Src/stm32f4xx_hal_pwr_ex.o
 .ARM.attributes
                0x0000000000000247       0x34 ./Drivers/STM32F4xx_HAL_Driver/Src/stm32f4xx_hal_rcc.o
 .ARM.attributes
                0x000000000000027b       0x34 ./Drivers/STM32F4xx_HAL_Driver/Src/stm32f4xx_hal_rcc_ex.o
 .ARM.attributes
                0x00000000000002af       0x34 ./Drivers/STM32F4xx_HAL_Driver/Src/stm32f4xx_hal_rtc.o
 .ARM.attributes
                0x00000000000002e3       0x34 ./Drivers/STM32F4xx_HAL_Driver/Src/stm32f4xx_hal_tim.o
 .ARM.attributes
                0x0000000000000317       0x34 ./Drivers/STM32F4xx_HAL_Driver/Src/stm32f4xx_hal_tim_ex.o
 .ARM.attributes
                0x000000000000034b       0x34 ./Drivers/STM32F4xx_HAL_Driver/Src/stm32f4xx_hal_uart.o
 .ARM.attributes
                0x000000000000037f       0x34 ./common/ThirdParty/FreeRTOS/list.o
 .ARM.attributes
                0x00000000000003b3       0x34 ./common/ThirdParty/FreeRTOS/queue.o
 .ARM.attributes
                0x00000000000003e7       0x34 ./common/ThirdParty/FreeRTOS/tasks.o
 .ARM.attributes
                0x000000000000041b       0x34 ./common/ThirdParty/FreeRTOS/timers.o
 .ARM.attributes
                0x000000000000044f       0x34 ./common/ThirdParty/FreeRTOS/portable/GCC/ARM_CM4F/port.o
 .ARM.attributes
                0x0000000000000483       0x34 ./common/ThirdParty/FreeRTOS/portable/MemMang/heap_2.o
 .ARM.attributes
                0x00000000000004b7       0x34 ./common/ThirdParty/SEGGER/Config/SEGGER_SYSVIEW_Config_FreeRTOS.o
 .ARM.attributes
                0x00000000000004eb       0x34 ./common/ThirdParty/SEGGER/OS/SEGGER_SYSVIEW_FreeRTOS.o
 .ARM.attributes
                0x000000000000051f       0x34 ./common/ThirdParty/SEGGER/Rec/segger_uart.o
 .ARM.attributes
                0x0000000000000553       0x34 ./common/ThirdParty/SEGGER/SEGGER/SEGGER_RTT.o
 .ARM.attributes
                0x0000000000000587       0x20 ./common/ThirdParty/SEGGER/SEGGER/SEGGER_RTT_ASM_ARMv7M.o
 .ARM.attributes
                0x00000000000005a7       0x34 ./common/ThirdParty/SEGGER/SEGGER/SEGGER_SYSVIEW.o
 .ARM.attributes
                0x00000000000005db       0x32 c:/st/stm32cubeide_1.4.0/stm32cubeide/plugins/com.st.stm32cube.ide.mcu.externaltools.gnu-tools-for-stm32.9-2020-q2-update.win32_2.0.0.202105311346/tools/bin/../lib/gcc/arm-none-eabi/9.3.1/../../../../arm-none-eabi/lib/thumb/v7e-m+fp/hard\libc_nano.a(lib_a-impure.o)
 .ARM.attributes
                0x000000000000060d       0x34 c:/st/stm32cubeide_1.4.0/stm32cubeide/plugins/com.st.stm32cube.ide.mcu.externaltools.gnu-tools-for-stm32.9-2020-q2-update.win32_2.0.0.202105311346/tools/bin/../lib/gcc/arm-none-eabi/9.3.1/../../../../arm-none-eabi/lib/thumb/v7e-m+fp/hard\libc_nano.a(lib_a-init.o)
 .ARM.attributes
                0x0000000000000641       0x34 c:/st/stm32cubeide_1.4.0/stm32cubeide/plugins/com.st.stm32cube.ide.mcu.externaltools.gnu-tools-for-stm32.9-2020-q2-update.win32_2.0.0.202105311346/tools/bin/../lib/gcc/arm-none-eabi/9.3.1/../../../../arm-none-eabi/lib/thumb/v7e-m+fp/hard\libc_nano.a(lib_a-memcmp.o)
 .ARM.attributes
                0x0000000000000675       0x34 c:/st/stm32cubeide_1.4.0/stm32cubeide/plugins/com.st.stm32cube.ide.mcu.externaltools.gnu-tools-for-stm32.9-2020-q2-update.win32_2.0.0.202105311346/tools/bin/../lib/gcc/arm-none-eabi/9.3.1/../../../../arm-none-eabi/lib/thumb/v7e-m+fp/hard\libc_nano.a(lib_a-memcpy-stub.o)
 .ARM.attributes
                0x00000000000006a9       0x34 c:/st/stm32cubeide_1.4.0/stm32cubeide/plugins/com.st.stm32cube.ide.mcu.externaltools.gnu-tools-for-stm32.9-2020-q2-update.win32_2.0.0.202105311346/tools/bin/../lib/gcc/arm-none-eabi/9.3.1/../../../../arm-none-eabi/lib/thumb/v7e-m+fp/hard\libc_nano.a(lib_a-memset.o)
 .ARM.attributes
                0x00000000000006dd       0x34 c:/st/stm32cubeide_1.4.0/stm32cubeide/plugins/com.st.stm32cube.ide.mcu.externaltools.gnu-tools-for-stm32.9-2020-q2-update.win32_2.0.0.202105311346/tools/bin/../lib/gcc/arm-none-eabi/9.3.1/../../../../arm-none-eabi/lib/thumb/v7e-m+fp/hard\libc_nano.a(lib_a-sprintf.o)
 .ARM.attributes
                0x0000000000000711       0x17 c:/st/stm32cubeide_1.4.0/stm32cubeide/plugins/com.st.stm32cube.ide.mcu.externaltools.gnu-tools-for-stm32.9-2020-q2-update.win32_2.0.0.202105311346/tools/bin/../lib/gcc/arm-none-eabi/9.3.1/../../../../arm-none-eabi/lib/thumb/v7e-m+fp/hard\libc_nano.a(lib_a-strlen.o)
 .ARM.attributes
                0x0000000000000728       0x34 c:/st/stm32cubeide_1.4.0/stm32cubeide/plugins/com.st.stm32cube.ide.mcu.externaltools.gnu-tools-for-stm32.9-2020-q2-update.win32_2.0.0.202105311346/tools/bin/../lib/gcc/arm-none-eabi/9.3.1/../../../../arm-none-eabi/lib/thumb/v7e-m+fp/hard\libc_nano.a(lib_a-nano-svfprintf.o)
 .ARM.attributes
                0x000000000000075c       0x34 c:/st/stm32cubeide_1.4.0/stm32cubeide/plugins/com.st.stm32cube.ide.mcu.externaltools.gnu-tools-for-stm32.9-2020-q2-update.win32_2.0.0.202105311346/tools/bin/../lib/gcc/arm-none-eabi/9.3.1/../../../../arm-none-eabi/lib/thumb/v7e-m+fp/hard\libc_nano.a(lib_a-nano-vfprintf_i.o)
 .ARM.attributes
                0x0000000000000790       0x1c c:/st/stm32cubeide_1.4.0/stm32cubeide/plugins/com.st.stm32cube.ide.mcu.externaltools.gnu-tools-for-stm32.9-2020-q2-update.win32_2.0.0.202105311346/tools/bin/../lib/gcc/arm-none-eabi/9.3.1/../../../../arm-none-eabi/lib/thumb/v7e-m+fp/hard\libc_nano.a(lib_a-memchr.o)
 .ARM.attributes
                0x00000000000007ac       0x34 c:/st/stm32cubeide_1.4.0/stm32cubeide/plugins/com.st.stm32cube.ide.mcu.externaltools.gnu-tools-for-stm32.9-2020-q2-update.win32_2.0.0.202105311346/tools/bin/../lib/gcc/arm-none-eabi/9.3.1/../../../../arm-none-eabi/lib/thumb/v7e-m+fp/hard\libc_nano.a(lib_a-memmove.o)
 .ARM.attributes
                0x00000000000007e0       0x34 c:/st/stm32cubeide_1.4.0/stm32cubeide/plugins/com.st.stm32cube.ide.mcu.externaltools.gnu-tools-for-stm32.9-2020-q2-update.win32_2.0.0.202105311346/tools/bin/../lib/gcc/arm-none-eabi/9.3.1/../../../../arm-none-eabi/lib/thumb/v7e-m+fp/hard\libc_nano.a(lib_a-nano-freer.o)
 .ARM.attributes
                0x0000000000000814       0x34 c:/st/stm32cubeide_1.4.0/stm32cubeide/plugins/com.st.stm32cube.ide.mcu.externaltools.gnu-tools-for-stm32.9-2020-q2-update.win32_2.0.0.202105311346/tools/bin/../lib/gcc/arm-none-eabi/9.3.1/../../../../arm-none-eabi/lib/thumb/v7e-m+fp/hard\libc_nano.a(lib_a-nano-mallocr.o)
 .ARM.attributes
                0x0000000000000848       0x34 c:/st/stm32cubeide_1.4.0/stm32cubeide/plugins/com.st.stm32cube.ide.mcu.externaltools.gnu-tools-for-stm32.9-2020-q2-update.win32_2.0.0.202105311346/tools/bin/../lib/gcc/arm-none-eabi/9.3.1/../../../../arm-none-eabi/lib/thumb/v7e-m+fp/hard\libc_nano.a(lib_a-nano-reallocr.o)
 .ARM.attributes
                0x000000000000087c       0x34 c:/st/stm32cubeide_1.4.0/stm32cubeide/plugins/com.st.stm32cube.ide.mcu.externaltools.gnu-tools-for-stm32.9-2020-q2-update.win32_2.0.0.202105311346/tools/bin/../lib/gcc/arm-none-eabi/9.3.1/../../../../arm-none-eabi/lib/thumb/v7e-m+fp/hard\libc_nano.a(lib_a-sbrkr.o)
 .ARM.attributes
                0x00000000000008b0       0x34 c:/st/stm32cubeide_1.4.0/stm32cubeide/plugins/com.st.stm32cube.ide.mcu.externaltools.gnu-tools-for-stm32.9-2020-q2-update.win32_2.0.0.202105311346/tools/bin/../lib/gcc/arm-none-eabi/9.3.1/../../../../arm-none-eabi/lib/thumb/v7e-m+fp/hard\libc_nano.a(lib_a-mlock.o)
 .ARM.attributes
                0x00000000000008e4       0x34 c:/st/stm32cubeide_1.4.0/stm32cubeide/plugins/com.st.stm32cube.ide.mcu.externaltools.gnu-tools-for-stm32.9-2020-q2-update.win32_2.0.0.202105311346/tools/bin/../lib/gcc/arm-none-eabi/9.3.1/../../../../arm-none-eabi/lib/thumb/v7e-m+fp/hard\libc_nano.a(lib_a-nano-msizer.o)
 .ARM.attributes
                0x0000000000000918       0x34 c:/st/stm32cubeide_1.4.0/stm32cubeide/plugins/com.st.stm32cube.ide.mcu.externaltools.gnu-tools-for-stm32.9-2020-q2-update.win32_2.0.0.202105311346/tools/bin/../lib/gcc/arm-none-eabi/9.3.1/../../../../arm-none-eabi/lib/thumb/v7e-m+fp/hard\libc_nano.a(lib_a-reent.o)
 .ARM.attributes
                0x000000000000094c       0x34 c:/st/stm32cubeide_1.4.0/stm32cubeide/plugins/com.st.stm32cube.ide.mcu.externaltools.gnu-tools-for-stm32.9-2020-q2-update.win32_2.0.0.202105311346/tools/bin/../lib/gcc/arm-none-eabi/9.3.1/../../../../arm-none-eabi/lib/thumb/v7e-m+fp/hard\libc_nano.a(lib_a-lock.o)
 .ARM.attributes
                0x0000000000000980       0x1e c:/st/stm32cubeide_1.4.0/stm32cubeide/plugins/com.st.stm32cube.ide.mcu.externaltools.gnu-tools-for-stm32.9-2020-q2-update.win32_2.0.0.202105311346/tools/bin/../lib/gcc/arm-none-eabi/9.3.1/thumb/v7e-m+fp/hard\libgcc.a(_aeabi_uldivmod.o)
 .ARM.attributes
                0x000000000000099e       0x34 c:/st/stm32cubeide_1.4.0/stm32cubeide/plugins/com.st.stm32cube.ide.mcu.externaltools.gnu-tools-for-stm32.9-2020-q2-update.win32_2.0.0.202105311346/tools/bin/../lib/gcc/arm-none-eabi/9.3.1/thumb/v7e-m+fp/hard\libgcc.a(_udivmoddi4.o)
 .ARM.attributes
                0x00000000000009d2       0x1e c:/st/stm32cubeide_1.4.0/stm32cubeide/plugins/com.st.stm32cube.ide.mcu.externaltools.gnu-tools-for-stm32.9-2020-q2-update.win32_2.0.0.202105311346/tools/bin/../lib/gcc/arm-none-eabi/9.3.1/thumb/v7e-m+fp/hard\libgcc.a(_dvmd_tls.o)
 .ARM.attributes
                0x00000000000009f0       0x34 c:/st/stm32cubeide_1.4.0/stm32cubeide/plugins/com.st.stm32cube.ide.mcu.externaltools.gnu-tools-for-stm32.9-2020-q2-update.win32_2.0.0.202105311346/tools/bin/../lib/gcc/arm-none-eabi/9.3.1/../../../../arm-none-eabi/lib/thumb/v7e-m+fp/hard\libnosys.a(sbrk.o)
 .ARM.attributes
                0x0000000000000a24       0x1e c:/st/stm32cubeide_1.4.0/stm32cubeide/plugins/com.st.stm32cube.ide.mcu.externaltools.gnu-tools-for-stm32.9-2020-q2-update.win32_2.0.0.202105311346/tools/bin/../lib/gcc/arm-none-eabi/9.3.1/thumb/v7e-m+fp/hard/crtn.o
OUTPUT(011Mutex_Using_Binary_Semaphore.elf elf32-littlearm)
LOAD linker stubs
LOAD c:/st/stm32cubeide_1.4.0/stm32cubeide/plugins/com.st.stm32cube.ide.mcu.externaltools.gnu-tools-for-stm32.9-2020-q2-update.win32_2.0.0.202105311346/tools/bin/../lib/gcc/arm-none-eabi/9.3.1/../../../../arm-none-eabi/lib/thumb/v7e-m+fp/hard\libc.a
LOAD c:/st/stm32cubeide_1.4.0/stm32cubeide/plugins/com.st.stm32cube.ide.mcu.externaltools.gnu-tools-for-stm32.9-2020-q2-update.win32_2.0.0.202105311346/tools/bin/../lib/gcc/arm-none-eabi/9.3.1/../../../../arm-none-eabi/lib/thumb/v7e-m+fp/hard\libm.a
LOAD c:/st/stm32cubeide_1.4.0/stm32cubeide/plugins/com.st.stm32cube.ide.mcu.externaltools.gnu-tools-for-stm32.9-2020-q2-update.win32_2.0.0.202105311346/tools/bin/../lib/gcc/arm-none-eabi/9.3.1/thumb/v7e-m+fp/hard\libgcc.a

.debug_info     0x0000000000000000    0x1fd38
 .debug_info    0x0000000000000000     0x2073 ./Core/Src/main.o
 .debug_info    0x0000000000002073     0x18dd ./Core/Src/stm32f4xx_hal_msp.o
 .debug_info    0x0000000000003950      0xcc2 ./Core/Src/stm32f4xx_hal_timebase_tim.o
 .debug_info    0x0000000000004612     0x12eb ./Core/Src/stm32f4xx_it.o
 .debug_info    0x00000000000058fd      0x5dc ./Core/Src/system_stm32f4xx.o
 .debug_info    0x0000000000005ed9       0x22 ./Core/Startup/startup_stm32f446retx.o
 .debug_info    0x0000000000005efb      0xa08 ./Drivers/STM32F4xx_HAL_Driver/Src/stm32f4xx_hal.o
 .debug_info    0x0000000000006903      0xef5 ./Drivers/STM32F4xx_HAL_Driver/Src/stm32f4xx_hal_cortex.o
 .debug_info    0x00000000000077f8      0x892 ./Drivers/STM32F4xx_HAL_Driver/Src/stm32f4xx_hal_gpio.o
 .debug_info    0x000000000000808a      0x7ca ./Drivers/STM32F4xx_HAL_Driver/Src/stm32f4xx_hal_pwr_ex.o
 .debug_info    0x0000000000008854      0x9db ./Drivers/STM32F4xx_HAL_Driver/Src/stm32f4xx_hal_rcc.o
 .debug_info    0x000000000000922f      0xa86 ./Drivers/STM32F4xx_HAL_Driver/Src/stm32f4xx_hal_rcc_ex.o
 .debug_info    0x0000000000009cb5      0xd41 ./Drivers/STM32F4xx_HAL_Driver/Src/stm32f4xx_hal_rtc.o
 .debug_info    0x000000000000a9f6     0x2a90 ./Drivers/STM32F4xx_HAL_Driver/Src/stm32f4xx_hal_tim.o
 .debug_info    0x000000000000d486     0x1522 ./Drivers/STM32F4xx_HAL_Driver/Src/stm32f4xx_hal_tim_ex.o
 .debug_info    0x000000000000e9a8     0x1665 ./Drivers/STM32F4xx_HAL_Driver/Src/stm32f4xx_hal_uart.o
 .debug_info    0x000000000001000d      0xb9a ./common/ThirdParty/FreeRTOS/list.o
 .debug_info    0x0000000000010ba7     0x1ffc ./common/ThirdParty/FreeRTOS/queue.o
 .debug_info    0x0000000000012ba3     0x2b57 ./common/ThirdParty/FreeRTOS/tasks.o
 .debug_info    0x00000000000156fa     0x157f ./common/ThirdParty/FreeRTOS/timers.o
 .debug_info    0x0000000000016c79      0x5b1 ./common/ThirdParty/FreeRTOS/portable/GCC/ARM_CM4F/port.o
 .debug_info    0x000000000001722a      0xbff ./common/ThirdParty/FreeRTOS/portable/MemMang/heap_2.o
 .debug_info    0x0000000000017e29      0x131 ./common/ThirdParty/SEGGER/Config/SEGGER_SYSVIEW_Config_FreeRTOS.o
 .debug_info    0x0000000000017f5a      0xc58 ./common/ThirdParty/SEGGER/OS/SEGGER_SYSVIEW_FreeRTOS.o
 .debug_info    0x0000000000018bb2     0x13b8 ./common/ThirdParty/SEGGER/Rec/segger_uart.o
 .debug_info    0x0000000000019f6a     0x1dc1 ./common/ThirdParty/SEGGER/SEGGER/SEGGER_RTT.o
 .debug_info    0x000000000001bd2b       0x26 ./common/ThirdParty/SEGGER/SEGGER/SEGGER_RTT_ASM_ARMv7M.o
 .debug_info    0x000000000001bd51     0x3fe7 ./common/ThirdParty/SEGGER/SEGGER/SEGGER_SYSVIEW.o

.debug_abbrev   0x0000000000000000     0x3dae
 .debug_abbrev  0x0000000000000000      0x2ff ./Core/Src/main.o
 .debug_abbrev  0x00000000000002ff      0x23d ./Core/Src/stm32f4xx_hal_msp.o
 .debug_abbrev  0x000000000000053c      0x1bf ./Core/Src/stm32f4xx_hal_timebase_tim.o
 .debug_abbrev  0x00000000000006fb      0x1f3 ./Core/Src/stm32f4xx_it.o
 .debug_abbrev  0x00000000000008ee      0x145 ./Core/Src/system_stm32f4xx.o
 .debug_abbrev  0x0000000000000a33       0x12 ./Core/Startup/startup_stm32f446retx.o
 .debug_abbrev  0x0000000000000a45      0x1ed ./Drivers/STM32F4xx_HAL_Driver/Src/stm32f4xx_hal.o
 .debug_abbrev  0x0000000000000c32      0x33c ./Drivers/STM32F4xx_HAL_Driver/Src/stm32f4xx_hal_cortex.o
 .debug_abbrev  0x0000000000000f6e      0x1f1 ./Drivers/STM32F4xx_HAL_Driver/Src/stm32f4xx_hal_gpio.o
 .debug_abbrev  0x000000000000115f      0x1da ./Drivers/STM32F4xx_HAL_Driver/Src/stm32f4xx_hal_pwr_ex.o
 .debug_abbrev  0x0000000000001339      0x275 ./Drivers/STM32F4xx_HAL_Driver/Src/stm32f4xx_hal_rcc.o
 .debug_abbrev  0x00000000000015ae      0x1e2 ./Drivers/STM32F4xx_HAL_Driver/Src/stm32f4xx_hal_rcc_ex.o
 .debug_abbrev  0x0000000000001790      0x1e4 ./Drivers/STM32F4xx_HAL_Driver/Src/stm32f4xx_hal_rtc.o
 .debug_abbrev  0x0000000000001974      0x25e ./Drivers/STM32F4xx_HAL_Driver/Src/stm32f4xx_hal_tim.o
 .debug_abbrev  0x0000000000001bd2      0x266 ./Drivers/STM32F4xx_HAL_Driver/Src/stm32f4xx_hal_tim_ex.o
 .debug_abbrev  0x0000000000001e38      0x28b ./Drivers/STM32F4xx_HAL_Driver/Src/stm32f4xx_hal_uart.o
 .debug_abbrev  0x00000000000020c3      0x1f7 ./common/ThirdParty/FreeRTOS/list.o
 .debug_abbrev  0x00000000000022ba      0x333 ./common/ThirdParty/FreeRTOS/queue.o
 .debug_abbrev  0x00000000000025ed      0x3a9 ./common/ThirdParty/FreeRTOS/tasks.o
 .debug_abbrev  0x0000000000002996      0x2fd ./common/ThirdParty/FreeRTOS/timers.o
 .debug_abbrev  0x0000000000002c93      0x231 ./common/ThirdParty/FreeRTOS/portable/GCC/ARM_CM4F/port.o
 .debug_abbrev  0x0000000000002ec4      0x2b0 ./common/ThirdParty/FreeRTOS/portable/MemMang/heap_2.o
 .debug_abbrev  0x0000000000003174       0xc1 ./common/ThirdParty/SEGGER/Config/SEGGER_SYSVIEW_Config_FreeRTOS.o
 .debug_abbrev  0x0000000000003235      0x219 ./common/ThirdParty/SEGGER/OS/SEGGER_SYSVIEW_FreeRTOS.o
 .debug_abbrev  0x000000000000344e      0x2e0 ./common/ThirdParty/SEGGER/Rec/segger_uart.o
 .debug_abbrev  0x000000000000372e      0x2e1 ./common/ThirdParty/SEGGER/SEGGER/SEGGER_RTT.o
 .debug_abbrev  0x0000000000003a0f       0x14 ./common/ThirdParty/SEGGER/SEGGER/SEGGER_RTT_ASM_ARMv7M.o
 .debug_abbrev  0x0000000000003a23      0x38b ./common/ThirdParty/SEGGER/SEGGER/SEGGER_SYSVIEW.o

.debug_aranges  0x0000000000000000     0x1728
 .debug_aranges