Archive member included to satisfy reference by file (symbol)

c:/st/stm32cubeide_1.4.0/stm32cubeide/plugins/com.st.stm32cube.ide.mcu.externaltools.gnu-tools-for-stm32.9-2020-q2-update.win32_2.0.0.202105311346/tools/bin/../lib/gcc/arm-none-eabi/9.3.1/../../../../arm-none-eabi/lib/thumb/v7e-m+fp/hard\libc_nano.a(lib_a-errno.o)
                              ./Core/Src/syscalls.o (__errno)
c:/st/stm32cubeide_1.4.0/stm32cubeide/plugins/com.st.stm32cube.ide.mcu.externaltools.gnu-tools-for-stm32.9-2020-q2-update.win32_2.0.0.202105311346/tools/bin/../lib/gcc/arm-none-eabi/9.3.1/../../../../arm-none-eabi/lib/thumb/v7e-m+fp/hard\libc_nano.a(lib_a-exit.o)
                              c:/st/stm32cubeide_1.4.0/stm32cubeide/plugins/com.st.stm32cube.ide.mcu.externaltools.gnu-tools-for-stm32.9-2020-q2-update.win32_2.0.0.202105311346/tools/bin/../lib/gcc/arm-none-eabi/9.3.1/../../../../arm-none-eabi/lib/thumb/v7e-m+fp/hard/crt0.o (exit)
c:/st/stm32cubeide_1.4.0/stm32cubeide/plugins/com.st.stm32cube.ide.mcu.externaltools.gnu-tools-for-stm32.9-2020-q2-update.win32_2.0.0.202105311346/tools/bin/../lib/gcc/arm-none-eabi/9.3.1/../../../../arm-none-eabi/lib/thumb/v7e-m+fp/hard\libc_nano.a(lib_a-impure.o)
                              c:/st/stm32cubeide_1.4.0/stm32cubeide/plugins/com.st.stm32cube.ide.mcu.externaltools.gnu-tools-for-stm32.9-2020-q2-update.win32_2.0.0.202105311346/tools/bin/../lib/gcc/arm-none-eabi/9.3.1/../../../../arm-none-eabi/lib/thumb/v7e-m+fp/hard\libc_nano.a(lib_a-exit.o) (_global_impure_ptr)
c:/st/stm32cubeide_1.4.0/stm32cubeide/plugins/com.st.stm32cube.ide.mcu.externaltools.gnu-tools-for-stm32.9-2020-q2-update.win32_2.0.0.202105311346/tools/bin/../lib/gcc/arm-none-eabi/9.3.1/../../../../arm-none-eabi/lib/thumb/v7e-m+fp/hard\libc_nano.a(lib_a-init.o)
                              c:/st/stm32cubeide_1.4.0/stm32cubeide/plugins/com.st.stm32cube.ide.mcu.externaltools.gnu-tools-for-stm32.9-2020-q2-update.win32_2.0.0.202105311346/tools/bin/../lib/gcc/arm-none-eabi/9.3.1/../../../../arm-none-eabi/lib/thumb/v7e-m+fp/hard/crt0.o (__libc_init_array)
c:/st/stm32cubeide_1.4.0/stm32cubeide/plugins/com.st.stm32cube.ide.mcu.externaltools.gnu-tools-for-stm32.9-2020-q2-update.win32_2.0.0.202105311346/tools/bin/../lib/gcc/arm-none-eabi/9.3.1/../../../../arm-none-eabi/lib/thumb/v7e-m+fp/hard\libc_nano.a(lib_a-memcmp.o)
                              ./common/ThirdParty/SEGGER/OS/SEGGER_SYSVIEW_FreeRTOS.o (memcmp)
c:/st/stm32cubeide_1.4.0/stm32cubeide/plugins/com.st.stm32cube.ide.mcu.externaltools.gnu-tools-for-stm32.9-2020-q2-update.win32_2.0.0.202105311346/tools/bin/../lib/gcc/arm-none-eabi/9.3.1/../../../../arm-none-eabi/lib/thumb/v7e-m+fp/hard\libc_nano.a(lib_a-memcpy-stub.o)
                              ./common/ThirdParty/FreeRTOS/queue.o (memcpy)
c:/st/stm32cubeide_1.4.0/stm32cubeide/plugins/com.st.stm32cube.ide.mcu.externaltools.gnu-tools-for-stm32.9-2020-q2-update.win32_2.0.0.202105311346/tools/bin/../lib/gcc/arm-none-eabi/9.3.1/../../../../arm-none-eabi/lib/thumb/v7e-m+fp/hard\libc_nano.a(lib_a-memset.o)
                              c:/st/stm32cubeide_1.4.0/stm32cubeide/plugins/com.st.stm32cube.ide.mcu.externaltools.gnu-tools-for-stm32.9-2020-q2-update.win32_2.0.0.202105311346/tools/bin/../lib/gcc/arm-none-eabi/9.3.1/../../../../arm-none-eabi/lib/thumb/v7e-m+fp/hard/crt0.o (memset)
c:/st/stm32cubeide_1.4.0/stm32cubeide/plugins/com.st.stm32cube.ide.mcu.externaltools.gnu-tools-for-stm32.9-2020-q2-update.win32_2.0.0.202105311346/tools/bin/../lib/gcc/arm-none-eabi/9.3.1/../../../../arm-none-eabi/lib/thumb/v7e-m+fp/hard\libc_nano.a(lib_a-strlen.o)
                              ./common/ThirdParty/FreeRTOS/tasks.o (strlen)
c:/st/stm32cubeide_1.4.0/stm32cubeide/plugins/com.st.stm32cube.ide.mcu.externaltools.gnu-tools-for-stm32.9-2020-q2-update.win32_2.0.0.202105311346/tools/bin/../lib/gcc/arm-none-eabi/9.3.1/thumb/v7e-m+fp/hard\libgcc.a(_aeabi_uldivmod.o)
                              ./Drivers/STM32F4xx_HAL_Driver/Src/stm32f4xx_hal_rcc.o (__aeabi_uldivmod)
c:/st/stm32cubeide_1.4.0/stm32cubeide/plugins/com.st.stm32cube.ide.mcu.externaltools.gnu-tools-for-stm32.9-2020-q2-update.win32_2.0.0.202105311346/tools/bin/../lib/gcc/arm-none-eabi/9.3.1/thumb/v7e-m+fp/hard\libgcc.a(_udivmoddi4.o)
                              c:/st/stm32cubeide_1.4.0/stm32cubeide/plugins/com.st.stm32cube.ide.mcu.externaltools.gnu-tools-for-stm32.9-2020-q2-update.win32_2.0.0.202105311346/tools/bin/../lib/gcc/arm-none-eabi/9.3.1/thumb/v7e-m+fp/hard\libgcc.a(_aeabi_uldivmod.o) (__udivmoddi4)
c:/st/stm32cubeide_1.4.0/stm32cubeide/plugins/com.st.stm32cube.ide.mcu.externaltools.gnu-tools-for-stm32.9-2020-q2-update.win32_2.0.0.202105311346/tools/bin/../lib/gcc/arm-none-eabi/9.3.1/thumb/v7e-m+fp/hard\libgcc.a(_dvmd_tls.o)
[...]
Memory Configuration

Name             Origin             Length             Attributes
RAM              0x0000000020000000 0x0000000000020000 xrw
FLASH            0x0000000008000000 0x0000000000080000 xr
*default*        0x0000000000000000 0xffffffffffffffff

Linker script and memory map

LOAD c:/st/stm32cubeide_1.4.0/stm32cubeide/plugins/com.st.stm32cube.ide.mcu.externaltools.gnu-tools-for-stm32.9-2020-q2-update.win32_2.0.0.202105311346/tools/bin/../lib/gcc/arm-none-eabi/9.3.1/thumb/v7e-m+fp/hard/crti.o
LOAD c:/st/stm32cubeide_1.4.0/stm32cubeide/plugins/com.st.stm32cube.ide.mcu.externaltools.gnu-tools-for-stm32.9-2020-q2-update.win32_2.0.0.202105311346/tools/bin/../lib/gcc/arm-none-eabi/9.3.1/thumb/v7e-m+fp/hard/crtbegin.o
LOAD c:/st/stm32cubeide_1.4.0/stm32cubeide/plugins/com.st.stm32cube.ide.mcu.externaltools.gnu-tools-for-stm32.9-2020-q2-update.win32_2.0.0.202105311346/tools/bin/../lib/gcc/arm-none-eabi/9.3.1/../../../../arm-none-eabi/lib/thumb/v7e-m+fp/hard/crt0.o
LOAD ./Core/Src/main.o
LOAD ./Core/Src/stm32f4xx_hal_msp.o
LOAD ./Core/Src/stm32f4xx_hal_timebase_tim.o
LOAD ./Core/Src/stm32f4xx_it.o
LOAD ./Core/Src/syscalls.o
LOAD ./Core/Src/system_stm32f4xx.o
LOAD ./Core/Startup/startup_stm32f446retx.o
LOAD ./Drivers/STM32F4xx_HAL_Driver/Src/stm32f4xx_hal.o
LOAD ./Drivers/STM32F4xx_HAL_Driver/Src/stm32f4xx_hal_cortex.o
LOAD ./Drivers/STM32F4xx_HAL_Driver/Src/stm32f4xx_hal_dma.o
LOAD ./Drivers/STM32F4xx_HAL_Driver/Src/stm32f4xx_hal_dma_ex.o
LOAD ./Drivers/STM32F4xx_HAL_Driver/Src/stm32f4xx_hal_exti.o
LOAD ./Drivers/STM32F4xx_HAL_Driver/Src/stm32f4xx_hal_flash.o
LOAD ./Drivers/STM32F4xx_HAL_Driver/Src/stm32f4xx_hal_flash_ex.o
LOAD ./Drivers/STM32F4xx_HAL_Driver/Src/stm32f4xx_hal_flash_ramfunc.o
LOAD ./Drivers/STM32F4xx_HAL_Driver/Src/stm32f4xx_hal_gpio.o
LOAD ./Drivers/STM32F4xx_HAL_Driver/Src/stm32f4xx_hal_pwr.o
LOAD ./Drivers/STM32F4xx_HAL_Driver/Src/stm32f4xx_hal_pwr_ex.o
LOAD ./Drivers/STM32F4xx_HAL_Driver/Src/stm32f4xx_hal_rcc.o
LOAD ./Drivers/STM32F4xx_HAL_Driver/Src/stm32f4xx_hal_rcc_ex.o
LOAD ./Drivers/STM32F4xx_HAL_Driver/Src/stm32f4xx_hal_tim.o
LOAD ./Drivers/STM32F4xx_HAL_Driver/Src/stm32f4xx_hal_tim_ex.o
LOAD ./common/ThirdParty/FreeRTOS/croutine.o
LOAD ./common/ThirdParty/FreeRTOS/event_groups.o
LOAD ./common/ThirdParty/FreeRTOS/list.o
LOAD ./common/ThirdParty/FreeRTOS/queue.o
LOAD ./common/ThirdParty/FreeRTOS/stream_buffer.o
LOAD ./common/ThirdParty/FreeRTOS/tasks.o
LOAD ./common/ThirdParty/FreeRTOS/timers.o
LOAD ./common/ThirdParty/FreeRTOS/portable/GCC/ARM_CM4F/port.o
LOAD ./common/ThirdParty/FreeRTOS/portable/MemMang/heap_2.o
LOAD ./common/ThirdParty/SEGGER/Config/SEGGER_SYSVIEW_Config_FreeRTOS.o
LOAD ./common/ThirdParty/SEGGER/OS/SEGGER_SYSVIEW_FreeRTOS.o
LOAD ./common/ThirdParty/SEGGER/Rec/segger_uart.o
LOAD ./common/ThirdParty/SEGGER/SEGGER/SEGGER_RTT.o
LOAD ./common/ThirdParty/SEGGER/SEGGER/SEGGER_RTT_ASM_ARMv7M.o
LOAD ./common/ThirdParty/SEGGER/SEGGER/SEGGER_RTT_printf.o
LOAD ./common/ThirdParty/SEGGER/SEGGER/SEGGER_SYSVIEW.o
LOAD ./common/ThirdParty/SEGGER/SEGGER/Syscalls/SEGGER_RTT_Syscalls_GCC.o
START GROUP
LOAD c:/st/stm32cubeide_1.4.0/stm32cubeide/plugins/com.st.stm32cube.ide.mcu.externaltools.gnu-tools-for-stm32.9-2020-q2-update.win32_2.0.0.202105311346/tools/bin/../lib/gcc/arm-none-eabi/9.3.1/../../../../arm-none-eabi/lib/thumb/v7e-m+fp/hard\libc_nano.a
LOAD c:/st/stm32cubeide_1.4.0/stm32cubeide/plugins/com.st.stm32cube.ide.mcu.externaltools.gnu-tools-for-stm32.9-2020-q2-update.win32_2.0.0.202105311346/tools/bin/../lib/gcc/arm-none-eabi/9.3.1/../../../../arm-none-eabi/lib/thumb/v7e-m+fp/hard\libm.a
END GROUP
START GROUP
LOAD c:/st/stm32cubeide_1.4.0/stm32cubeide/plugins/com.st.stm32cube.ide.mcu.externaltools.gnu-tools-for-stm32.9-2020-q2-update.win32_2.0.0.202105311346/tools/bin/../lib/gcc/arm-none-eabi/9.3.1/thumb/v7e-m+fp/hard\libgcc.a
LOAD c:/st/stm32cubeide_1.4.0/stm32cubeide/plugins/com.st.stm32cube.ide.mcu.externaltools.gnu-tools-for-stm32.9-2020-q2-update.win32_2.0.0.202105311346/tools/bin/../lib/gcc/arm-none-eabi/9.3.1/../../../../arm-none-eabi/lib/thumb/v7e-m+fp/hard\libc_nano.a
END GROUP
START GROUP
LOAD c:/st/stm32cubeide_1.4.0/stm32cubeide/plugins/com.st.stm32cube.ide.mcu.externaltools.gnu-tools-for-stm32.9-2020-q2-update.win32_2.0.0.202105311346/tools/bin/../lib/gcc/arm-none-eabi/9.3.1/thumb/v7e-m+fp/hard\libgcc.a
LOAD c:/st/stm32cubeide_1.4.0/stm32cubeide/plugins/com.st.stm32cube.ide.mcu.externaltools.gnu-tools-for-stm32.9-2020-q2-update.win32_2.0.0.202105311346/tools/bin/../lib/gcc/arm-none-eabi/9.3.1/../../../../arm-none-eabi/lib/thumb/v7e-m+fp/hard\libc_nano.a
LOAD c:/st/stm32cubeide_1.4.0/stm32cubeide/plugins/com.st.stm32cube.ide.mcu.externaltools.gnu-tools-for-stm32.9-2020-q2-update.win32_2.0.0.202105311346/tools/bin/../lib/gcc/arm-none-eabi/9.3.1/../../../../arm-none-eabi/lib/thumb/v7e-m+fp/hard\libnosys.a
END GROUP
START GROUP
LOAD c:/st/stm32cubeide_1.4.0/stm32cubeide/plugins/com.st.stm32cube.ide.mcu.externaltools.gnu-tools-for-stm32.9-2020-q2-update.win32_2.0.0.202105311346/tools/bin/../lib/gcc/arm-none-eabi/9.3.1/thumb/v7e-m+fp/hard\libgcc.a
LOAD c:/st/stm32cubeide_1.4.0/stm32cubeide/plugins/com.st.stm32cube.ide.mcu.externaltools.gnu-tools-for-stm32.9-2020-q2-update.win32_2.0.0.202105311346/tools/bin/../lib/gcc/arm-none-eabi/9.3.1/../../../../arm-none-eabi/lib/thumb/v7e-m+fp/hard\libc_nano.a
LOAD c:/st/stm32cubeide_1.4.0/stm32cubeide/plugins/com.st.stm32cube.ide.mcu.externaltools.gnu-tools-for-stm32.9-2020-q2-update.win32_2.0.0.202105311346/tools/bin/../lib/gcc/arm-none-eabi/9.3.1/../../../../arm-none-eabi/lib/thumb/v7e-m+fp/hard\libnosys.a
END GROUP
LOAD c:/st/stm32cubeide_1.4.0/stm32cubeide/plugins/com.st.stm32cube.ide.mcu.externaltools.gnu-tools-for-stm32.9-2020-q2-update.win32_2.0.0.202105311346/tools/bin/../lib/gcc/arm-none-eabi/9.3.1/thumb/v7e-m+fp/hard/crtend.o
LOAD c:/st/stm32cubeide_1.4.0/stm32cubeide/plugins/com.st.stm32cube.ide.mcu.externaltools.gnu-tools-for-stm32.9-2020-q2-update.win32_2.0.0.202105311346/tools/bin/../lib/gcc/arm-none-eabi/9.3.1/thumb/v7e-m+fp/hard/crtn.o
                0x0000000020020000                _estack = (ORIGIN (RAM) + LENGTH (RAM))
                0x0000000000000200                _Min_Heap_Size = 0x200
                0x0000000000000400                _Min_Stack_Size = 0x400

.isr_vector     0x0000000008000000      0x1c4
                0x0000000008000000                . = ALIGN (0x4)
 *(.isr_vector)
 .isr_vector    0x0000000008000000      0x1c4 ./Core/Startup/startup_stm32f446retx.o
                0x0000000008000000                g_pfnVectors
                0x00000000080001c4                . = ALIGN (0x4)

.text           0x00000000080001d0     0x558c
                0x00000000080001d0                . = ALIGN (0x4)
 *(.text)
 .text          0x00000000080001d0       0x40 c:/st/stm32cubeide_1.4.0/stm32cubeide/plugins/com.st.stm32cube.ide.mcu.externaltools.gnu-tools-for-stm32.9-2020-q2-update.win32_2.0.0.202105311346/tools/bin/../lib/gcc/arm-none-eabi/9.3.1/thumb/v7e-m+fp/hard/crtbegin.o
 .text          0x0000000008000210       0x94 ./common/ThirdParty/SEGGER/SEGGER/SEGGER_RTT_ASM_ARMv7M.o
                0x0000000008000210                SEGGER_RTT_ASM_WriteSkipNoLock
 .text          0x00000000080002a4       0x10 c:/st/stm32cubeide_1.4.0/stm32cubeide/plugins/com.st.stm32cube.ide.mcu.externaltools.gnu-tools-for-stm32.9-2020-q2-update.win32_2.0.0.202105311346/tools/bin/../lib/gcc/arm-none-eabi/9.3.1/../../../../arm-none-eabi/lib/thumb/v7e-m+fp/hard\libc_nano.a(lib_a-strlen.o)
                0x00000000080002a4                strlen
 .text          0x00000000080002b4       0x30 c:/st/stm32cubeide_1.4.0/stm32cubeide/plugins/com.st.stm32cube.ide.mcu.externaltools.gnu-tools-for-stm32.9-2020-q2-update.win32_2.0.0.202105311346/tools/bin/../lib/gcc/arm-none-eabi/9.3.1/thumb/v7e-m+fp/hard\libgcc.a(_aeabi_uldivmod.o)
                0x00000000080002b4                __aeabi_uldivmod
 .text          0x00000000080002e4      0x2c4 c:/st/stm32cubeide_1.4.0/stm32cubeide/plugins/com.st.stm32cube.ide.mcu.externaltools.gnu-tools-for-stm32.9-2020-q2-update.win32_2.0.0.202105311346/tools/bin/../lib/gcc/arm-none-eabi/9.3.1/thumb/v7e-m+fp/hard\libgcc.a(_udivmoddi4.o)
                0x00000000080002e4                __udivmoddi4
 .text          0x00000000080005a8        0x4 c:/st/stm32cubeide_1.4.0/stm32cubeide/plugins/com.st.stm32cube.ide.mcu.externaltools.gnu-tools-for-stm32.9-2020-q2-update.win32_2.0.0.202105311346/tools/bin/../lib/gcc/arm-none-eabi/9.3.1/thumb/v7e-m+fp/hard\libgcc.a(_dvmd_tls.o)
                0x00000000080005a8                __aeabi_idiv0
                0x00000000080005a8                __aeabi_ldiv0
 *(.text*)
 .text.main     0x00000000080005ac       0xac ./Core/Src/main.o
                0x00000000080005ac                main
 .text.SystemClock_Config
                0x0000000008000658       0xe4 ./Core/Src/main.o
                0x0000000008000658                SystemClock_Config
 .text.MX_GPIO_Init
                0x000000000800073c      0x13c ./Core/Src/main.o
 .text.switch_priority
                0x0000000008000878       0x90 ./Core/Src/main.o
                0x0000000008000878                switch_priority
 .text.task1_handler
                0x0000000008000908       0x20 ./Core/Src/main.o
 .text.task2_handler
                0x0000000008000928       0x24 ./Core/Src/main.o
 .text.button_interrupt_handler
                0x000000000800094c       0x1c ./Core/Src/main.o
                0x000000000800094c                button_interrupt_handler
 .text.HAL_TIM_PeriodElapsedCallback
                0x0000000008000968       0x24 ./Core/Src/main.o
                0x0000000008000968                HAL_TIM_PeriodElapsedCallback
 .text.Error_Handler
                0x000000000800098c        0xa ./Core/Src/main.o
                0x000000000800098c                Error_Handler
 *fill*         0x0000000008000996        0x2 
 .text.HAL_MspInit
                0x0000000008000998       0x50 ./Core/Src/stm32f4xx_hal_msp.o
                0x0000000008000998                HAL_MspInit
 .text.HAL_InitTick
                0x00000000080009e8       0xb4 ./Core/Src/stm32f4xx_hal_timebase_tim.o
                0x00000000080009e8                HAL_InitTick
 .text.NMI_Handler
                0x0000000008000a9c        0x6 ./Core/Src/stm32f4xx_it.o
                0x0000000008000a9c                NMI_Handler
 .text.HardFault_Handler
                0x0000000008000aa2        0x6 ./Core/Src/stm32f4xx_it.o
                0x0000000008000aa2                HardFault_Handler
 .text.MemManage_Handler
                0x0000000008000aa8        0x6 ./Core/Src/stm32f4xx_it.o
                0x0000000008000aa8                MemManage_Handler
 .text.BusFault_Handler
                0x0000000008000aae        0x6 ./Core/Src/stm32f4xx_it.o
                0x0000000008000aae                BusFault_Handler
 .text.UsageFault_Handler
                0x0000000008000ab4        0x6 ./Core/Src/stm32f4xx_it.o
                0x0000000008000ab4                UsageFault_Handler
 .text.DebugMon_Handler
                0x0000000008000aba        0xe ./Core/Src/stm32f4xx_it.o
                0x0000000008000aba                DebugMon_Handler
 .text.EXTI15_10_IRQHandler
                0x0000000008000ac8       0x14 ./Core/Src/stm32f4xx_it.o
                0x0000000008000ac8                EXTI15_10_IRQHandler
 .text.TIM6_DAC_IRQHandler
                0x0000000008000adc       0x14 ./Core/Src/stm32f4xx_it.o
                0x0000000008000adc                TIM6_DAC_IRQHandler
 .text.SystemInit
                0x0000000008000af0       0x24 ./Core/Src/system_stm32f4xx.o
                0x0000000008000af0                SystemInit
 .text.Reset_Handler
                0x0000000008000b14       0x50 ./Core/Startup/startup_stm32f446retx.o
                0x0000000008000b14                Reset_Handler
 .text.Default_Handler
                0x0000000008000b64        0x2 ./Core/Startup/startup_stm32f446retx.o
                0x0000000008000b64                RTC_Alarm_IRQHandler
                0x0000000008000b64                EXTI2_IRQHandler
                0x0000000008000b64                TIM8_CC_IRQHandler
                0x0000000008000b64                FMPI2C1_EV_IRQHandler
                0x0000000008000b64                SPI4_IRQHandler
                0x0000000008000b64                TIM1_CC_IRQHandler
                0x0000000008000b64                DMA2_Stream5_IRQHandler
                0x0000000008000b64                DMA1_Stream5_IRQHandler
                0x0000000008000b64                PVD_IRQHandler
                0x0000000008000b64                SDIO_IRQHandler
                0x0000000008000b64                TAMP_STAMP_IRQHandler
                0x0000000008000b64                CAN2_RX1_IRQHandler
                0x0000000008000b64                EXTI3_IRQHandler
                0x0000000008000b64                TIM8_TRG_COM_TIM14_IRQHandler
                0x0000000008000b64                TIM1_UP_TIM10_IRQHandler
                0x0000000008000b64                TIM8_UP_TIM13_IRQHandler
                0x0000000008000b64                I2C3_ER_IRQHandler
                0x0000000008000b64                EXTI0_IRQHandler
                0x0000000008000b64                I2C2_EV_IRQHandler
                0x0000000008000b64                DMA1_Stream2_IRQHandler
                0x0000000008000b64                CAN1_RX0_IRQHandler
                0x0000000008000b64                FPU_IRQHandler
                0x0000000008000b64                OTG_HS_WKUP_IRQHandler
                0x0000000008000b64                CAN2_SCE_IRQHandler
                0x0000000008000b64                DMA2_Stream2_IRQHandler
                0x0000000008000b64                SPI1_IRQHandler
                0x0000000008000b64                TIM1_BRK_TIM9_IRQHandler
                0x0000000008000b64                DCMI_IRQHandler
                0x0000000008000b64                CAN2_RX0_IRQHandler
                0x0000000008000b64                DMA2_Stream3_IRQHandler
                0x0000000008000b64                SAI2_IRQHandler
                0x0000000008000b64                USART6_IRQHandler
                0x0000000008000b64                USART3_IRQHandler
                0x0000000008000b64                CAN1_RX1_IRQHandler
                0x0000000008000b64                UART5_IRQHandler
                0x0000000008000b64                DMA2_Stream0_IRQHandler
                0x0000000008000b64                TIM4_IRQHandler
                0x0000000008000b64                QUADSPI_IRQHandler
                0x0000000008000b64                I2C1_EV_IRQHandler
                0x0000000008000b64                DMA1_Stream6_IRQHandler
                0x0000000008000b64                DMA1_Stream1_IRQHandler
                0x0000000008000b64                UART4_IRQHandler
                0x0000000008000b64                TIM3_IRQHandler
                0x0000000008000b64                RCC_IRQHandler
                0x0000000008000b64                TIM8_BRK_TIM12_IRQHandler
                0x0000000008000b64                Default_Handler
                0x0000000008000b64                CEC_IRQHandler
                0x0000000008000b64                ADC_IRQHandler
                0x0000000008000b64                DMA1_Stream7_IRQHandler
                0x0000000008000b64                TIM7_IRQHandler
                0x0000000008000b64                CAN2_TX_IRQHandler
                0x0000000008000b64                TIM5_IRQHandler
                0x0000000008000b64                DMA2_Stream7_IRQHandler
                0x0000000008000b64                I2C3_EV_IRQHandler
                0x0000000008000b64                EXTI9_5_IRQHandler
                0x0000000008000b64                RTC_WKUP_IRQHandler
                0x0000000008000b64                SPDIF_RX_IRQHandler
                0x0000000008000b64                SPI2_IRQHandler
                0x0000000008000b64                OTG_HS_EP1_IN_IRQHandler
                0x0000000008000b64                DMA1_Stream0_IRQHandler
                0x0000000008000b64                CAN1_TX_IRQHandler
                0x0000000008000b64                FMPI2C1_ER_IRQHandler
                0x0000000008000b64                EXTI4_IRQHandler
                0x0000000008000b64                OTG_HS_EP1_OUT_IRQHandler
                0x0000000008000b64                WWDG_IRQHandler
                0x0000000008000b64                TIM2_IRQHandler
                0x0000000008000b64                OTG_FS_WKUP_IRQHandler
                0x0000000008000b64                TIM1_TRG_COM_TIM11_IRQHandler
                0x0000000008000b64                OTG_HS_IRQHandler
                0x0000000008000b64                EXTI1_IRQHandler
                0x0000000008000b64                I2C2_ER_IRQHandler
                0x0000000008000b64                DMA2_Stream1_IRQHandler
                0x0000000008000b64                CAN1_SCE_IRQHandler
                0x0000000008000b64                FLASH_IRQHandler
                0x0000000008000b64                DMA2_Stream4_IRQHandler
                0x0000000008000b64                USART1_IRQHandler
                0x0000000008000b64                OTG_FS_IRQHandler
                0x0000000008000b64                SPI3_IRQHandler
                0x0000000008000b64                DMA1_Stream4_IRQHandler
                0x0000000008000b64                I2C1_ER_IRQHandler
                0x0000000008000b64                FMC_IRQHandler
                0x0000000008000b64                DMA2_Stream6_IRQHandler
                0x0000000008000b64                SAI1_IRQHandler
                0x0000000008000b64                DMA1_Stream3_IRQHandler
 *fill*         0x0000000008000b66        0x2 
 .text.HAL_Init
                0x0000000008000b68       0x44 ./Drivers/STM32F4xx_HAL_Driver/Src/stm32f4xx_hal.o
                0x0000000008000b68                HAL_Init
 .text.HAL_IncTick
                0x0000000008000bac       0x28 ./Drivers/STM32F4xx_HAL_Driver/Src/stm32f4xx_hal.o
                0x0000000008000bac                HAL_IncTick
 .text.HAL_GetTick
                0x0000000008000bd4       0x18 ./Drivers/STM32F4xx_HAL_Driver/Src/stm32f4xx_hal.o
                0x0000000008000bd4                HAL_GetTick
 .text.HAL_Delay
                0x0000000008000bec       0x48 ./Drivers/STM32F4xx_HAL_Driver/Src/stm32f4xx_hal.o
                0x0000000008000bec                HAL_Delay
 .text.__NVIC_SetPriorityGrouping
                0x0000000008000c34       0x48 ./Drivers/STM32F4xx_HAL_Driver/Src/stm32f4xx_hal_cortex.o
 .text.__NVIC_GetPriorityGrouping
                0x0000000008000c7c       0x1c ./Drivers/STM32F4xx_HAL_Driver/Src/stm32f4xx_hal_cortex.o
 .text.__NVIC_EnableIRQ
                0x0000000008000c98       0x3c ./Drivers/STM32F4xx_HAL_Driver/Src/stm32f4xx_hal_cortex.o
 .text.__NVIC_SetPriority
                0x0000000008000cd4       0x54 ./Drivers/STM32F4xx_HAL_Driver/Src/stm32f4xx_hal_cortex.o
 .text.NVIC_EncodePriority
                0x0000000008000d28       0x66 ./Drivers/STM32F4xx_HAL_Driver/Src/stm32f4xx_hal_cortex.o
 .text.HAL_NVIC_SetPriorityGrouping
                0x0000000008000d8e       0x16 ./Drivers/STM32F4xx_HAL_Driver/Src/stm32f4xx_hal_cortex.o
                0x0000000008000d8e                HAL_NVIC_SetPriorityGrouping
 .text.HAL_NVIC_SetPriority
                0x0000000008000da4       0x38 ./Drivers/STM32F4xx_HAL_Driver/Src/stm32f4xx_hal_cortex.o
                0x0000000008000da4                HAL_NVIC_SetPriority
 .text.HAL_NVIC_EnableIRQ
                0x0000000008000ddc       0x1c ./Drivers/STM32F4xx_HAL_Driver/Src/stm32f4xx_hal_cortex.o
                0x0000000008000ddc                HAL_NVIC_EnableIRQ
 .text.HAL_GPIO_Init
                0x0000000008000df8      0x328 ./Drivers/STM32F4xx_HAL_Driver/Src/stm32f4xx_hal_gpio.o
                0x0000000008000df8                HAL_GPIO_Init
 .text.HAL_GPIO_WritePin
                0x0000000008001120       0x32 ./Drivers/STM32F4xx_HAL_Driver/Src/stm32f4xx_hal_gpio.o
                0x0000000008001120                HAL_GPIO_WritePin
 .text.HAL_GPIO_TogglePin
                0x0000000008001152       0x34 ./Drivers/STM32F4xx_HAL_Driver/Src/stm32f4xx_hal_gpio.o
                0x0000000008001152                HAL_GPIO_TogglePin
 *fill*         0x0000000008001186        0x2 
 .text.HAL_GPIO_EXTI_IRQHandler
                0x0000000008001188       0x30 ./Drivers/STM32F4xx_HAL_Driver/Src/stm32f4xx_hal_gpio.o
                0x0000000008001188                HAL_GPIO_EXTI_IRQHandler
 .text.HAL_GPIO_EXTI_Callback
                0x00000000080011b8       0x16 ./Drivers/STM32F4xx_HAL_Driver/Src/stm32f4xx_hal_gpio.o
                0x00000000080011b8                HAL_GPIO_EXTI_Callback
 *fill*         0x00000000080011ce        0x2 
 .text.HAL_PWREx_EnableOverDrive
                0x00000000080011d0       0xa0 ./Drivers/STM32F4xx_HAL_Driver/Src/stm32f4xx_hal_pwr_ex.o
                0x00000000080011d0                HAL_PWREx_EnableOverDrive
 .text.HAL_RCC_ClockConfig
                0x0000000008001270      0x1cc ./Drivers/STM32F4xx_HAL_Driver/Src/stm32f4xx_hal_rcc.o
                0x0000000008001270                HAL_RCC_ClockConfig
 .text.HAL_RCC_GetHCLKFreq
                0x000000000800143c       0x18 ./Drivers/STM32F4xx_HAL_Driver/Src/stm32f4xx_hal_rcc.o
                0x000000000800143c                HAL_RCC_GetHCLKFreq
 .text.HAL_RCC_GetPCLK1Freq
                0x0000000008001454       0x28 ./Drivers/STM32F4xx_HAL_Driver/Src/stm32f4xx_hal_rcc.o
                0x0000000008001454                HAL_RCC_GetPCLK1Freq
 .text.HAL_RCC_GetClockConfig
                0x000000000800147c       0x64 ./Drivers/STM32F4xx_HAL_Driver/Src/stm32f4xx_hal_rcc.o
                0x000000000800147c                HAL_RCC_GetClockConfig
 .text.HAL_RCC_GetSysClockFreq
                0x00000000080014e0      0x364 ./Drivers/STM32F4xx_HAL_Driver/Src/stm32f4xx_hal_rcc_ex.o
                0x00000000080014e0                HAL_RCC_GetSysClockFreq
 .text.HAL_RCC_OscConfig
                0x0000000008001844      0x53c ./Drivers/STM32F4xx_HAL_Driver/Src/stm32f4xx_hal_rcc_ex.o
                0x0000000008001844                HAL_RCC_OscConfig
 .text.HAL_TIM_Base_Init
                0x0000000008001d80       0x9e ./Drivers/STM32F4xx_HAL_Driver/Src/stm32f4xx_hal_tim.o
                0x0000000008001d80                HAL_TIM_Base_Init
 .text.HAL_TIM_Base_MspInit
                0x0000000008001e1e       0x14 ./Drivers/STM32F4xx_HAL_Driver/Src/stm32f4xx_hal_tim.o
                0x0000000008001e1e                HAL_TIM_Base_MspInit
 *fill*         0x0000000008001e32        0x2 
 .text.HAL_TIM_Base_Start_IT
                0x0000000008001e34       0xe0 ./Drivers/STM32F4xx_HAL_Driver/Src/stm32f4xx_hal_tim.o
                0x0000000008001e34                HAL_TIM_Base_Start_IT
 .text.HAL_TIM_IRQHandler
                0x0000000008001f14      0x210 ./Drivers/STM32F4xx_HAL_Driver/Src/stm32f4xx_hal_tim.o
                0x0000000008001f14                HAL_TIM_IRQHandler
 .text.HAL_TIM_OC_DelayElapsedCallback
                0x0000000008002124       0x14 ./Drivers/STM32F4xx_HAL_Driver/Src/stm32f4xx_hal_tim.o
                0x0000000008002124                HAL_TIM_OC_DelayElapsedCallback
 .text.HAL_TIM_IC_CaptureCallback
                0x0000000008002138       0x14 ./Drivers/STM32F4xx_HAL_Driver/Src/stm32f4xx_hal_tim.o
                0x0000000008002138                HAL_TIM_IC_CaptureCallback
 .text.HAL_TIM_PWM_PulseFinishedCallback
                0x000000000800214c       0x14 ./Drivers/STM32F4xx_HAL_Driver/Src/stm32f4xx_hal_tim.o
                0x000000000800214c                HAL_TIM_PWM_PulseFinishedCallback
 .text.HAL_TIM_TriggerCallback
                0x0000000008002160       0x14 ./Drivers/STM32F4xx_HAL_Driver/Src/stm32f4xx_hal_tim.o
                0x0000000008002160                HAL_TIM_TriggerCallback
 .text.TIM_Base_SetConfig
                0x0000000008002174      0x140 ./Drivers/STM32F4xx_HAL_Driver/Src/stm32f4xx_hal_tim.o
                0x0000000008002174                TIM_Base_SetConfig
 .text.HAL_TIMEx_CommutCallback
                0x00000000080022b4       0x14 ./Drivers/STM32F4xx_HAL_Driver/Src/stm32f4xx_hal_tim_ex.o
                0x00000000080022b4                HAL_TIMEx_CommutCallback
 .text.HAL_TIMEx_BreakCallback
                0x00000000080022c8       0x14 ./Drivers/STM32F4xx_HAL_Driver/Src/stm32f4xx_hal_tim_ex.o
                0x00000000080022c8                HAL_TIMEx_BreakCallback
 .text.vListInitialise
                0x00000000080022dc       0x40 ./common/ThirdParty/FreeRTOS/list.o
                0x00000000080022dc                vListInitialise
 .text.vListInitialiseItem
                0x000000000800231c       0x1a ./common/ThirdParty/FreeRTOS/list.o
                0x000000000800231c                vListInitialiseItem
 .text.vListInsertEnd
                0x0000000008002336       0x48 ./common/ThirdParty/FreeRTOS/list.o
                0x0000000008002336                vListInsertEnd
 .text.uxListRemove
                0x000000000800237e       0x54 ./common/ThirdParty/FreeRTOS/list.o
                0x000000000800237e                uxListRemove
 .text.xTaskCreate
                0x00000000080023d2       0x82 ./common/ThirdParty/FreeRTOS/tasks.o
                0x00000000080023d2                xTaskCreate
 .text.prvInitialiseNewTask
                0x0000000008002454      0x12c ./common/ThirdParty/FreeRTOS/tasks.o
 .text.prvAddNewTaskToReadyList
                0x0000000008002580      0x118 ./common/ThirdParty/FreeRTOS/tasks.o
 .text.uxTaskPriorityGet
                0x0000000008002698       0x34 ./common/ThirdParty/FreeRTOS/tasks.o
                0x0000000008002698                uxTaskPriorityGet
 .text.vTaskPrioritySet
                0x00000000080026cc      0x180 ./common/ThirdParty/FreeRTOS/tasks.o
                0x00000000080026cc                vTaskPrioritySet
 .text.vTaskStartScheduler
                0x000000000800284c       0xb8 ./common/ThirdParty/FreeRTOS/tasks.o
                0x000000000800284c                vTaskStartScheduler
 .text.vTaskSuspendAll
                0x0000000008002904       0x1c ./common/ThirdParty/FreeRTOS/tasks.o
                0x0000000008002904                vTaskSuspendAll
 .text.xTaskResumeAll
                0x0000000008002920      0x140 ./common/ThirdParty/FreeRTOS/tasks.o
                0x0000000008002920                xTaskResumeAll
 .text.xTaskGetTickCountFromISR
                0x0000000008002a60       0x24 ./common/ThirdParty/FreeRTOS/tasks.o
                0x0000000008002a60                xTaskGetTickCountFromISR
 .text.prvSearchForNameWithinSingleList
                0x0000000008002a84       0xdc ./common/ThirdParty/FreeRTOS/tasks.o
 .text.xTaskGetHandle
                0x0000000008002b60       0xcc ./common/ThirdParty/FreeRTOS/tasks.o
                0x0000000008002b60                xTaskGetHandle
 .text.xTaskIncrementTick
                0x0000000008002c2c      0x178 ./common/ThirdParty/FreeRTOS/tasks.o
                0x0000000008002c2c                xTaskIncrementTick
 .text.vTaskSwitchContext
                0x0000000008002da4       0xd4 ./common/ThirdParty/FreeRTOS/tasks.o
                0x0000000008002da4                vTaskSwitchContext
 .text.prvIdleTask
                0x0000000008002e78       0x30 ./common/ThirdParty/FreeRTOS/tasks.o
 .text.prvInitialiseTaskLists
                0x0000000008002ea8       0x80 ./common/ThirdParty/FreeRTOS/tasks.o
 .text.prvCheckTasksWaitingTermination
                0x0000000008002f28       0x5c ./common/ThirdParty/FreeRTOS/tasks.o
 .text.prvDeleteTCB
                0x0000000008002f84       0x20 ./common/ThirdParty/FreeRTOS/tasks.o
 .text.prvResetNextTaskUnblockTime
                0x0000000008002fa4       0x38 ./common/ThirdParty/FreeRTOS/tasks.o
 .text.xTaskGetCurrentTaskHandle
                0x0000000008002fdc       0x20 ./common/ThirdParty/FreeRTOS/tasks.o
                0x0000000008002fdc                xTaskGetCurrentTaskHandle
 .text.pxPortInitialiseStack
                0x0000000008002ffc       0x68 ./common/ThirdParty/FreeRTOS/portable/GCC/ARM_CM4F/port.o
                0x0000000008002ffc                pxPortInitialiseStack
 .text.prvTaskExitError
                0x0000000008003064       0x58 ./common/ThirdParty/FreeRTOS/portable/GCC/ARM_CM4F/port.o
 *fill*         0x00000000080030bc        0x4 
 .text.SVC_Handler
                0x00000000080030c0       0x28 ./common/ThirdParty/FreeRTOS/portable/GCC/ARM_CM4F/port.o
                0x00000000080030c0                SVC_Handler
 .text.prvPortStartFirstTask
                0x00000000080030e8       0x2c ./common/ThirdParty/FreeRTOS/portable/GCC/ARM_CM4F/port.o
 .text.xPortStartScheduler
                0x0000000008003114      0x144 ./common/ThirdParty/FreeRTOS/portable/GCC/ARM_CM4F/port.o
                0x0000000008003114                xPortStartScheduler
 .text.vInitPrioGroupValue
                0x0000000008003258       0xfc ./common/ThirdParty/FreeRTOS/portable/GCC/ARM_CM4F/port.o
                0x0000000008003258                vInitPrioGroupValue
 .text.vPortEnterCritical
                0x0000000008003354       0x60 ./common/ThirdParty/FreeRTOS/portable/GCC/ARM_CM4F/port.o
                0x0000000008003354                vPortEnterCritical
 .text.vPortExitCritical
                0x00000000080033b4       0x54 ./common/ThirdParty/FreeRTOS/portable/GCC/ARM_CM4F/port.o
                0x00000000080033b4                vPortExitCritical
 *fill*         0x0000000008003408        0x8 
 .text.PendSV_Handler
                0x0000000008003410       0x68 ./common/ThirdParty/FreeRTOS/portable/GCC/ARM_CM4F/port.o
                0x0000000008003410                PendSV_Handler
 .text.SysTick_Handler
                0x0000000008003478       0x54 ./common/ThirdParty/FreeRTOS/portable/GCC/ARM_CM4F/port.o
                0x0000000008003478                SysTick_Handler
 .text.vPortSetupTimerInterrupt
                0x00000000080034cc       0x48 ./common/ThirdParty/FreeRTOS/portable/GCC/ARM_CM4F/port.o
                0x00000000080034cc                vPortSetupTimerInterrupt
 .text.vPortEnableVFP
                0x0000000008003514       0x18 ./common/ThirdParty/FreeRTOS/portable/GCC/ARM_CM4F/port.o
 .text.vPortValidateInterruptPriority
                0x000000000800352c       0x80 ./common/ThirdParty/FreeRTOS/portable/GCC/ARM_CM4F/port.o
                0x000000000800352c                vPortValidateInterruptPriority
 .text.pvPortMalloc
                0x00000000080035ac      0x15c ./common/ThirdParty/FreeRTOS/portable/MemMang/heap_2.o
                0x00000000080035ac                pvPortMalloc
 .text.vPortFree
                0x0000000008003708       0x74 ./common/ThirdParty/FreeRTOS/portable/MemMang/heap_2.o
                0x0000000008003708                vPortFree
 .text.prvHeapInit
                0x000000000800377c       0x54 ./common/ThirdParty/FreeRTOS/portable/MemMang/heap_2.o
 .text._cbSendSystemDesc
                0x00000000080037d0       0x1c ./common/ThirdParty/SEGGER/Config/SEGGER_SYSVIEW_Config_FreeRTOS.o
 .text.SEGGER_SYSVIEW_Conf
                0x00000000080037ec       0x2c ./common/ThirdParty/SEGGER/Config/SEGGER_SYSVIEW_Config_FreeRTOS.o
                0x00000000080037ec                SEGGER_SYSVIEW_Conf
 .text._cbSendTaskList
                0x0000000008003818       0x90 ./common/ThirdParty/SEGGER/OS/SEGGER_SYSVIEW_FreeRTOS.o
 .text._cbGetTime
                0x00000000080038a8       0x78 ./common/ThirdParty/SEGGER/OS/SEGGER_SYSVIEW_FreeRTOS.o
 .text.SYSVIEW_AddTask
                0x0000000008003920       0xd0 ./common/ThirdParty/SEGGER/OS/SEGGER_SYSVIEW_FreeRTOS.o
                0x0000000008003920                SYSVIEW_AddTask
 .text.SYSVIEW_UpdateTask
                0x00000000080039f0       0xe0 ./common/ThirdParty/SEGGER/OS/SEGGER_SYSVIEW_FreeRTOS.o
                0x00000000080039f0                SYSVIEW_UpdateTask
 .text.SYSVIEW_SendTaskInfo
                0x0000000008003ad0       0x42 ./common/ThirdParty/SEGGER/OS/SEGGER_SYSVIEW_FreeRTOS.o
                0x0000000008003ad0                SYSVIEW_SendTaskInfo
 *fill*         0x0000000008003b12        0x2 
 .text.__NVIC_EnableIRQ
                0x0000000008003b14       0x3c ./common/ThirdParty/SEGGER/Rec/segger_uart.o
 .text.__NVIC_SetPriority
                0x0000000008003b50       0x54 ./common/ThirdParty/SEGGER/Rec/segger_uart.o
 .text._StartSysView
                0x0000000008003ba4       0x1e ./common/ThirdParty/SEGGER/Rec/segger_uart.o
 *fill*         0x0000000008003bc2        0x2 
 .text._cbOnUARTRx
                0x0000000008003bc4       0x40 ./common/ThirdParty/SEGGER/Rec/segger_uart.o
 .text._cbOnUARTTx
                0x0000000008003c04       0x64 ./common/ThirdParty/SEGGER/Rec/segger_uart.o
 .text.SEGGER_UART_init
                0x0000000008003c68       0x24 ./common/ThirdParty/SEGGER/Rec/segger_uart.o
                0x0000000008003c68                SEGGER_UART_init
 .text.USART2_IRQHandler
                0x0000000008003c8c       0x94 ./common/ThirdParty/SEGGER/Rec/segger_uart.o
                0x0000000008003c8c                USART2_IRQHandler
 .text.HIF_UART_EnableTXEInterrupt
                0x0000000008003d20       0x20 ./common/ThirdParty/SEGGER/Rec/segger_uart.o
                0x0000000008003d20                HIF_UART_EnableTXEInterrupt
 .text.HIF_UART_Init
                0x0000000008003d40       0xf4 ./common/ThirdParty/SEGGER/Rec/segger_uart.o
                0x0000000008003d40                HIF_UART_Init
 .text._DoInit  0x0000000008003e34       0xb0 ./common/ThirdParty/SEGGER/SEGGER/SEGGER_RTT.o
 .text._WriteBlocking
                0x0000000008003ee4       0xba ./common/ThirdParty/SEGGER/SEGGER/SEGGER_RTT.o
 .text._WriteNoCheck
                0x0000000008003f9e       0x90 ./common/ThirdParty/SEGGER/SEGGER/SEGGER_RTT.o
 .text._GetAvailWriteSpace
                0x000000000800402e       0x46 ./common/ThirdParty/SEGGER/SEGGER/SEGGER_RTT.o
 .text.SEGGER_RTT_ReadUpBufferNoLock
                0x0000000008004074      0x10c ./common/ThirdParty/SEGGER/SEGGER/SEGGER_RTT.o
                0x0000000008004074                SEGGER_RTT_ReadUpBufferNoLock
 .text.SEGGER_RTT_ReadNoLock
                0x0000000008004180      0x10c ./common/ThirdParty/SEGGER/SEGGER/SEGGER_RTT.o
                0x0000000008004180                SEGGER_RTT_ReadNoLock
 .text.SEGGER_RTT_WriteDownBufferNoLock
                0x000000000800428c       0xa0 ./common/ThirdParty/SEGGER/SEGGER/SEGGER_RTT.o
                0x000000000800428c                SEGGER_RTT_WriteDownBufferNoLock
 .text.SEGGER_RTT_WriteDownBuffer
                0x000000000800432c       0x4c ./common/ThirdParty/SEGGER/SEGGER/SEGGER_RTT.o
                0x000000000800432c                SEGGER_RTT_WriteDownBuffer
 .text.SEGGER_RTT_AllocUpBuffer
                0x0000000008004378      0x108 ./common/ThirdParty/SEGGER/SEGGER/SEGGER_RTT.o
                0x0000000008004378                SEGGER_RTT_AllocUpBuffer
 .text.SEGGER_RTT_ConfigDownBuffer
                0x0000000008004480       0x98 ./common/ThirdParty/SEGGER/SEGGER/SEGGER_RTT.o
                0x0000000008004480                SEGGER_RTT_ConfigDownBuffer
 .text._EncodeStr
                0x0000000008004518       0xa0 ./common/ThirdParty/SEGGER/SEGGER/SEGGER_SYSVIEW.o
 .text._PreparePacket
                0x00000000080045b8       0x18 ./common/ThirdParty/SEGGER/SEGGER/SEGGER_SYSVIEW.o
 .text._HandleIncomingPacket
                0x00000000080045d0       0xe4 ./common/ThirdParty/SEGGER/SEGGER/SEGGER_SYSVIEW.o
 .text._TrySendOverflowPacket
                0x00000000080046b4       0xe8 ./common/ThirdParty/SEGGER/SEGGER/SEGGER_SYSVIEW.o
 .text._SendPacket
                0x000000000800479c      0x1d0 ./common/ThirdParty/SEGGER/SEGGER/SEGGER_SYSVIEW.o
 .text.SEGGER_SYSVIEW_Init
                0x000000000800496c       0x88 ./common/ThirdParty/SEGGER/SEGGER/SEGGER_SYSVIEW.o
                0x000000000800496c                SEGGER_SYSVIEW_Init
 .text.SEGGER_SYSVIEW_SetRAMBase
                0x00000000080049f4       0x20 ./common/ThirdParty/SEGGER/SEGGER/SEGGER_SYSVIEW.o
                0x00000000080049f4                SEGGER_SYSVIEW_SetRAMBase
 .text.SEGGER_SYSVIEW_RecordVoid
                0x0000000008004a14       0x3c ./common/ThirdParty/SEGGER/SEGGER/SEGGER_SYSVIEW.o
                0x0000000008004a14                SEGGER_SYSVIEW_RecordVoid
 .text.SEGGER_SYSVIEW_RecordU32
                0x0000000008004a50       0x78 ./common/ThirdParty/SEGGER/SEGGER/SEGGER_SYSVIEW.o
                0x0000000008004a50                SEGGER_SYSVIEW_RecordU32
 .text.SEGGER_SYSVIEW_RecordU32x2
                0x0000000008004ac8       0xb4 ./common/ThirdParty/SEGGER/SEGGER/SEGGER_SYSVIEW.o
                0x0000000008004ac8                SEGGER_SYSVIEW_RecordU32x2
 .text.SEGGER_SYSVIEW_Start
                0x0000000008004b7c      0x178 ./common/ThirdParty/SEGGER/SEGGER/SEGGER_SYSVIEW.o
                0x0000000008004b7c                SEGGER_SYSVIEW_Start
 .text.SEGGER_SYSVIEW_Stop
                0x0000000008004cf4       0x4c ./common/ThirdParty/SEGGER/SEGGER/SEGGER_SYSVIEW.o
                0x0000000008004cf4                SEGGER_SYSVIEW_Stop
 .text.SEGGER_SYSVIEW_GetSysDesc
                0x0000000008004d40      0x134 ./common/ThirdParty/SEGGER/SEGGER/SEGGER_SYSVIEW.o
                0x0000000008004d40                SEGGER_SYSVIEW_GetSysDesc
 .text.SEGGER_SYSVIEW_SendTaskInfo
                0x0000000008004e74      0x1c8 ./common/ThirdParty/SEGGER/SEGGER/SEGGER_SYSVIEW.o
                0x0000000008004e74                SEGGER_SYSVIEW_SendTaskInfo
 .text.SEGGER_SYSVIEW_SendTaskList
                0x000000000800503c       0x28 ./common/ThirdParty/SEGGER/SEGGER/SEGGER_SYSVIEW.o
                0x000000000800503c                SEGGER_SYSVIEW_SendTaskList
 .text.SEGGER_SYSVIEW_SendSysDesc
                0x0000000008005064       0x48 ./common/ThirdParty/SEGGER/SEGGER/SEGGER_SYSVIEW.o
                0x0000000008005064                SEGGER_SYSVIEW_SendSysDesc
 .text.SEGGER_SYSVIEW_RecordSystime
                0x00000000080050ac       0x64 ./common/ThirdParty/SEGGER/SEGGER/SEGGER_SYSVIEW.o
                0x00000000080050ac                SEGGER_SYSVIEW_RecordSystime
 .text.SEGGER_SYSVIEW_RecordEnterISR
                0x0000000008005110       0x84 ./common/ThirdParty/SEGGER/SEGGER/SEGGER_SYSVIEW.o
                0x0000000008005110                SEGGER_SYSVIEW_RecordEnterISR
 .text.SEGGER_SYSVIEW_RecordExitISR
                0x0000000008005194       0x38 ./common/ThirdParty/SEGGER/SEGGER/SEGGER_SYSVIEW.o
                0x0000000008005194                SEGGER_SYSVIEW_RecordExitISR
 .text.SEGGER_SYSVIEW_RecordExitISRToScheduler
                0x00000000080051cc       0x38 ./common/ThirdParty/SEGGER/SEGGER/SEGGER_SYSVIEW.o
                0x00000000080051cc                SEGGER_SYSVIEW_RecordExitISRToScheduler
 .text.SEGGER_SYSVIEW_OnIdle
                0x0000000008005204       0x38 ./common/ThirdParty/SEGGER/SEGGER/SEGGER_SYSVIEW.o
                0x0000000008005204                SEGGER_SYSVIEW_OnIdle
 .text.SEGGER_SYSVIEW_OnTaskCreate
                0x000000000800523c       0x84 ./common/ThirdParty/SEGGER/SEGGER/SEGGER_SYSVIEW.o
                0x000000000800523c                SEGGER_SYSVIEW_OnTaskCreate
 .text.SEGGER_SYSVIEW_OnTaskStartExec
                0x00000000080052c0       0x84 ./common/ThirdParty/SEGGER/SEGGER/SEGGER_SYSVIEW.o
                0x00000000080052c0                SEGGER_SYSVIEW_OnTaskStartExec
 .text.SEGGER_SYSVIEW_OnTaskStartReady
                0x0000000008005344       0x84 ./common/ThirdParty/SEGGER/SEGGER/SEGGER_SYSVIEW.o
                0x0000000008005344                SEGGER_SYSVIEW_OnTaskStartReady
 .text.SEGGER_SYSVIEW_ShrinkId
                0x00000000080053c8       0x20 ./common/ThirdParty/SEGGER/SEGGER/SEGGER_SYSVIEW.o
                0x00000000080053c8                SEGGER_SYSVIEW_ShrinkId
 .text.SEGGER_SYSVIEW_SendModule
                0x00000000080053e8      0x100 ./common/ThirdParty/SEGGER/SEGGER/SEGGER_SYSVIEW.o
                0x00000000080053e8                SEGGER_SYSVIEW_SendModule
 .text.SEGGER_SYSVIEW_SendModuleDescription
                0x00000000080054e8       0x3c ./common/ThirdParty/SEGGER/SEGGER/SEGGER_SYSVIEW.o
                0x00000000080054e8                SEGGER_SYSVIEW_SendModuleDescription
 .text.SEGGER_SYSVIEW_SendNumModules
                0x0000000008005524       0x7c ./common/ThirdParty/SEGGER/SEGGER/SEGGER_SYSVIEW.o
                0x0000000008005524                SEGGER_SYSVIEW_SendNumModules
 .text.SEGGER_SYSVIEW_Warn
                0x00000000080055a0       0xb8 ./common/ThirdParty/SEGGER/SEGGER/SEGGER_SYSVIEW.o
                0x00000000080055a0                SEGGER_SYSVIEW_Warn
 .text.SEGGER_SYSVIEW_IsStarted
                0x0000000008005658       0x5c ./common/ThirdParty/SEGGER/SEGGER/SEGGER_SYSVIEW.o
                0x0000000008005658                SEGGER_SYSVIEW_IsStarted
 .text.__libc_init_array
                0x00000000080056b4       0x48 c:/st/stm32cubeide_1.4.0/stm32cubeide/plugins/com.st.stm32cube.ide.mcu.externaltools.gnu-tools-for-stm32.9-2020-q2-update.win32_2.0.0.202105311346/tools/bin/../lib/gcc/arm-none-eabi/9.3.1/../../../../arm-none-eabi/lib/thumb/v7e-m+fp/hard\libc_nano.a(lib_a-init.o)
                0x00000000080056b4                __libc_init_array
 .text.memcmp   0x00000000080056fc       0x1c c:/st/stm32cubeide_1.4.0/stm32cubeide/plugins/com.st.stm32cube.ide.mcu.externaltools.gnu-tools-for-stm32.9-2020-q2-update.win32_2.0.0.202105311346/tools/bin/../lib/gcc/arm-none-eabi/9.3.1/../../../../arm-none-eabi/lib/thumb/v7e-m+fp/hard\libc_nano.a(lib_a-memcmp.o)
                0x00000000080056fc                memcmp
 .text.memcpy   0x0000000008005718       0x1c c:/st/stm32cubeide_1.4.0/stm32cubeide/plugins/com.st.stm32cube.ide.mcu.externaltools.gnu-tools-for-stm32.9-2020-q2-update.win32_2.0.0.202105311346/tools/bin/../lib/gcc/arm-none-eabi/9.3.1/../../../../arm-none-eabi/lib/thumb/v7e-m+fp/hard\libc_nano.a(lib_a-memcpy-stub.o)
                0x0000000008005718                memcpy
 .text.memset   0x0000000008005734       0x10 c:/st/stm32cubeide_1.4.0/stm32cubeide/plugins/com.st.stm32cube.ide.mcu.externaltools.gnu-tools-for-stm32.9-2020-q2-update.win32_2.0.0.202105311346/tools/bin/../lib/gcc/arm-none-eabi/9.3.1/../../../../arm-none-eabi/lib/thumb/v7e-m+fp/hard\libc_nano.a(lib_a-memset.o)
                0x0000000008005734                memset
 *(.glue_7)
 .glue_7        0x0000000008005744        0x0 linker stubs
 *(.glue_7t)
 .glue_7t       0x0000000008005744        0x0 linker stubs
 *(.eh_frame)
 .eh_frame      0x0000000008005744        0x0 c:/st/stm32cubeide_1.4.0/stm32cubeide/plugins/com.st.stm32cube.ide.mcu.externaltools.gnu-tools-for-stm32.9-2020-q2-update.win32_2.0.0.202105311346/tools/bin/../lib/gcc/arm-none-eabi/9.3.1/thumb/v7e-m+fp/hard/crtbegin.o
 *(.init)
 .init          0x0000000008005744        0x4 c:/st/stm32cubeide_1.4.0/stm32cubeide/plugins/com.st.stm32cube.ide.mcu.externaltools.gnu-tools-for-stm32.9-2020-q2-update.win32_2.0.0.202105311346/tools/bin/../lib/gcc/arm-none-eabi/9.3.1/thumb/v7e-m+fp/hard/crti.o
                0x0000000008005744                _init
 .init          0x0000000008005748        0x8 c:/st/stm32cubeide_1.4.0/stm32cubeide/plugins/com.st.stm32cube.ide.mcu.externaltools.gnu-tools-for-stm32.9-2020-q2-update.win32_2.0.0.202105311346/tools/bin/../lib/gcc/arm-none-eabi/9.3.1/thumb/v7e-m+fp/hard/crtn.o
 *(.fini)
 .fini          0x0000000008005750        0x4 c:/st/stm32cubeide_1.4.0/stm32cubeide/plugins/com.st.stm32cube.ide.mcu.externaltools.gnu-tools-for-stm32.9-2020-q2-update.win32_2.0.0.202105311346/tools/bin/../lib/gcc/arm-none-eabi/9.3.1/thumb/v7e-m+fp/hard/crti.o
                0x0000000008005750                _fini
 .fini          0x0000000008005754        0x8 c:/st/stm32cubeide_1.4.0/stm32cubeide/plugins/com.st.stm32cube.ide.mcu.externaltools.gnu-tools-for-stm32.9-2020-q2-update.win32_2.0.0.202105311346/tools/bin/../lib/gcc/arm-none-eabi/9.3.1/thumb/v7e-m+fp/hard/crtn.o
                0x000000000800575c                . = ALIGN (0x4)
                0x000000000800575c                _etext = .

.vfp11_veneer   0x000000000800575c        0x0
 .vfp11_veneer  0x000000000800575c        0x0 linker stubs

.v4_bx          0x000000000800575c        0x0
 .v4_bx         0x000000000800575c        0x0 linker stubs

.iplt           0x000000000800575c        0x0
 .iplt          0x000000000800575c        0x0 c:/st/stm32cubeide_1.4.0/stm32cubeide/plugins/com.st.stm32cube.ide.mcu.externaltools.gnu-tools-for-stm32.9-2020-q2-update.win32_2.0.0.202105311346/tools/bin/../lib/gcc/arm-none-eabi/9.3.1/thumb/v7e-m+fp/hard/crtbegin.o

.rodata         0x000000000800575c      0x110
                0x000000000800575c                . = ALIGN (0x4)
 *(.rodata)
 .rodata        0x000000000800575c        0xf ./Core/Src/main.o
 *fill*         0x000000000800576b        0x1 
 .rodata        0x000000000800576c        0x5 ./common/ThirdParty/FreeRTOS/tasks.o
 *fill*         0x0000000008005771        0x3 
 .rodata        0x0000000008005774       0x4d ./common/ThirdParty/SEGGER/Config/SEGGER_SYSVIEW_Config_FreeRTOS.o
 *fill*         0x00000000080057c1        0x3 
 .rodata        0x00000000080057c4       0x58 ./common/ThirdParty/SEGGER/OS/SEGGER_SYSVIEW_FreeRTOS.o
 .rodata        0x000000000800581c       0x17 ./common/ThirdParty/SEGGER/SEGGER/SEGGER_RTT.o
 *fill*         0x0000000008005833        0x1 
 .rodata        0x0000000008005834        0x8 ./common/ThirdParty/SEGGER/SEGGER/SEGGER_SYSVIEW.o
 *(.rodata*)
 .rodata.AHBPrescTable
                0x000000000800583c       0x10 ./Core/Src/system_stm32f4xx.o
                0x000000000800583c                AHBPrescTable
 .rodata.APBPrescTable
                0x000000000800584c        0x8 ./Core/Src/system_stm32f4xx.o
                0x000000000800584c                APBPrescTable
 .rodata.SYSVIEW_X_OS_TraceAPI
                0x0000000008005854        0x8 ./common/ThirdParty/SEGGER/OS/SEGGER_SYSVIEW_FreeRTOS.o
                0x0000000008005854                SYSVIEW_X_OS_TraceAPI
 .rodata._abHelloMsg
                0x000000000800585c        0x4 ./common/ThirdParty/SEGGER/Rec/segger_uart.o
 .rodata._abSync
                0x0000000008005860        0xa ./common/ThirdParty/SEGGER/SEGGER/SEGGER_SYSVIEW.o
                0x000000000800586c                . = ALIGN (0x4)
 *fill*         0x000000000800586a        0x2 

.ARM.extab      0x000000000800586c        0x0
                0x000000000800586c                . = ALIGN (0x4)
 *(.ARM.extab* .gnu.linkonce.armextab.*)
                0x000000000800586c                . = ALIGN (0x4)

.ARM            0x000000000800586c        0x8
                0x000000000800586c                . = ALIGN (0x4)
                0x000000000800586c                __exidx_start = .
 *(.ARM.exidx*)
 .ARM.exidx     0x000000000800586c        0x8 c:/st/stm32cubeide_1.4.0/stm32cubeide/plugins/com.st.stm32cube.ide.mcu.externaltools.gnu-tools-for-stm32.9-2020-q2-update.win32_2.0.0.202105311346/tools/bin/../lib/gcc/arm-none-eabi/9.3.1/thumb/v7e-m+fp/hard\libgcc.a(_udivmoddi4.o)
                0x0000000008005874                __exidx_end = .
                0x0000000008005874                . = ALIGN (0x4)

.rel.dyn        0x0000000008005874        0x0
 .rel.iplt      0x0000000008005874        0x0 c:/st/stm32cubeide_1.4.0/stm32cubeide/plugins/com.st.stm32cube.ide.mcu.externaltools.gnu-tools-for-stm32.9-2020-q2-update.win32_2.0.0.202105311346/tools/bin/../lib/gcc/arm-none-eabi/9.3.1/thumb/v7e-m+fp/hard/crtbegin.o

.preinit_array  0x0000000008005874        0x0
                0x0000000008005874                . = ALIGN (0x4)
                0x0000000008005874                PROVIDE (__preinit_array_start = .)
 *(.preinit_array*)
                0x0000000008005874                PROVIDE (__preinit_array_end = .)
                0x0000000008005874                . = ALIGN (0x4)

.init_array     0x0000000008005874        0x4
                0x0000000008005874                . = ALIGN (0x4)
                0x0000000008005874                PROVIDE (__init_array_start = .)
 *(SORT_BY_NAME(.init_array.*))
 *(.init_array*)
 .init_array    0x0000000008005874        0x4 c:/st/stm32cubeide_1.4.0/stm32cubeide/plugins/com.st.stm32cube.ide.mcu.externaltools.gnu-tools-for-stm32.9-2020-q2-update.win32_2.0.0.202105311346/tools/bin/../lib/gcc/arm-none-eabi/9.3.1/thumb/v7e-m+fp/hard/crtbegin.o
                0x0000000008005878                PROVIDE (__init_array_end = .)
                0x0000000008005878                . = ALIGN (0x4)

.fini_array     0x0000000008005878        0x4
                0x0000000008005878                . = ALIGN (0x4)
                [!provide]                        PROVIDE (__fini_array_start = .)
 *(SORT_BY_NAME(.fini_array.*))
 *(.fini_array*)
 .fini_array    0x0000000008005878        0x4 c:/st/stm32cubeide_1.4.0/stm32cubeide/plugins/com.st.stm32cube.ide.mcu.externaltools.gnu-tools-for-stm32.9-2020-q2-update.win32_2.0.0.202105311346/tools/bin/../lib/gcc/arm-none-eabi/9.3.1/thumb/v7e-m+fp/hard/crtbegin.o
                [!provide]                        PROVIDE (__fini_array_end = .)
                0x000000000800587c                . = ALIGN (0x4)
                0x000000000800587c                _sidata = LOADADDR (.data)

.data           0x0000000020000000       0x20 load address 0x000000000800587c
                0x0000000020000000                . = ALIGN (0x4)
                0x0000000020000000                _sdata = .
 *(.data)
 *(.data*)
 .data.SystemCoreClock
                0x0000000020000000        0x4 ./Core/Src/system_stm32f4xx.o
                0x0000000020000000                SystemCoreClock
 .data.uwTickPrio
                0x0000000020000004        0x4 ./Drivers/STM32F4xx_HAL_Driver/Src/stm32f4xx_hal.o
                0x0000000020000004                uwTickPrio
 .data.uwTickFreq
                0x0000000020000008        0x1 ./Drivers/STM32F4xx_HAL_Driver/Src/stm32f4xx_hal.o
                0x0000000020000008                uwTickFreq
 *fill*         0x0000000020000009        0x3 
 .data.uxTopUsedPriority
                0x000000002000000c        0x4 ./common/ThirdParty/FreeRTOS/tasks.o
                0x000000002000000c                uxTopUsedPriority
 .data.uxCriticalNesting
                0x0000000020000010        0x4 ./common/ThirdParty/FreeRTOS/portable/GCC/ARM_CM4F/port.o
 .data.xFreeBytesRemaining
                0x0000000020000014        0x4 ./common/ThirdParty/FreeRTOS/portable/MemMang/heap_2.o
 .data._SVInfo  0x0000000020000018        0x8 ./common/ThirdParty/SEGGER/Rec/segger_uart.o
 *(.RamFunc)
 *(.RamFunc*)
                0x0000000020000020                . = ALIGN (0x4)
                0x0000000020000020                _edata = .

.igot.plt       0x0000000020000020        0x0 load address 0x000000000800589c
 .igot.plt      0x0000000020000020        0x0 c:/st/stm32cubeide_1.4.0/stm32cubeide/plugins/com.st.stm32cube.ide.mcu.externaltools.gnu-tools-for-stm32.9-2020-q2-update.win32_2.0.0.202105311346/tools/bin/../lib/gcc/arm-none-eabi/9.3.1/thumb/v7e-m+fp/hard/crtbegin.o
                0x0000000020000020                . = ALIGN (0x4)

.bss            0x0000000020000020    0x1440c load address 0x000000000800589c
                0x0000000020000020                _sbss = .
                0x0000000020000020                __bss_start__ = _sbss
 *(.bss)
 .bss           0x0000000020000020       0x1c c:/st/stm32cubeide_1.4.0/stm32cubeide/plugins/com.st.stm32cube.ide.mcu.externaltools.gnu-tools-for-stm32.9-2020-q2-update.win32_2.0.0.202105311346/tools/bin/../lib/gcc/arm-none-eabi/9.3.1/thumb/v7e-m+fp/hard/crtbegin.o
 *(.bss*)
 .bss.status_button
                0x000000002000003c        0x4 ./Core/Src/main.o
                0x000000002000003c                status_button
 .bss.pxCurrentTCB
                0x0000000020000040        0x4 ./common/ThirdParty/FreeRTOS/tasks.o
                0x0000000020000040                pxCurrentTCB
 .bss.pxReadyTasksLists
                0x0000000020000044       0x64 ./common/ThirdParty/FreeRTOS/tasks.o
 .bss.xDelayedTaskList1
                0x00000000200000a8       0x14 ./common/ThirdParty/FreeRTOS/tasks.o
 .bss.xDelayedTaskList2
                0x00000000200000bc       0x14 ./common/ThirdParty/FreeRTOS/tasks.o
 .bss.pxDelayedTaskList
                0x00000000200000d0        0x4 ./common/ThirdParty/FreeRTOS/tasks.o
 .bss.pxOverflowDelayedTaskList
                0x00000000200000d4        0x4 ./common/ThirdParty/FreeRTOS/tasks.o
 .bss.xPendingReadyList
                0x00000000200000d8       0x14 ./common/ThirdParty/FreeRTOS/tasks.o
 .bss.xTasksWaitingTermination
                0x00000000200000ec       0x14 ./common/ThirdParty/FreeRTOS/tasks.o
 .bss.uxDeletedTasksWaitingCleanUp
                0x0000000020000100        0x4 ./common/ThirdParty/FreeRTOS/tasks.o
 .bss.xSuspendedTaskList
                0x0000000020000104       0x14 ./common/ThirdParty/FreeRTOS/tasks.o
 .bss.uxCurrentNumberOfTasks
                0x0000000020000118        0x4 ./common/ThirdParty/FreeRTOS/tasks.o
 .bss.xTickCount
                0x000000002000011c        0x4 ./common/ThirdParty/FreeRTOS/tasks.o
 .bss.uxTopReadyPriority
                0x0000000020000120        0x4 ./common/ThirdParty/FreeRTOS/tasks.o
 .bss.xSchedulerRunning
                0x0000000020000124        0x4 ./common/ThirdParty/FreeRTOS/tasks.o
 .bss.xPendedTicks
                0x0000000020000128        0x4 ./common/ThirdParty/FreeRTOS/tasks.o
 .bss.xYieldPending
                0x000000002000012c        0x4 ./common/ThirdParty/FreeRTOS/tasks.o
 .bss.xNumOfOverflows
                0x0000000020000130        0x4 ./common/ThirdParty/FreeRTOS/tasks.o
 .bss.uxTaskNumber
                0x0000000020000134        0x4 ./common/ThirdParty/FreeRTOS/tasks.o
 .bss.xNextTaskUnblockTime
                0x0000000020000138        0x4 ./common/ThirdParty/FreeRTOS/tasks.o
 .bss.xIdleTaskHandle
                0x000000002000013c        0x4 ./common/ThirdParty/FreeRTOS/tasks.o
 .bss.uxSchedulerSuspended
                0x0000000020000140        0x4 ./common/ThirdParty/FreeRTOS/tasks.o
 .bss.ucMaxSysCallPriority
                0x0000000020000144        0x1 ./common/ThirdParty/FreeRTOS/portable/GCC/ARM_CM4F/port.o
 *fill*         0x0000000020000145        0x3 
 .bss.ulMaxPRIGROUPValue
                0x0000000020000148        0x4 ./common/ThirdParty/FreeRTOS/portable/GCC/ARM_CM4F/port.o
 .bss.ucHeap    0x000000002000014c    0x12c00 ./common/ThirdParty/FreeRTOS/portable/MemMang/heap_2.o
 .bss.xStart    0x0000000020012d4c        0x8 ./common/ThirdParty/FreeRTOS/portable/MemMang/heap_2.o
 .bss.xEnd      0x0000000020012d54        0x8 ./common/ThirdParty/FreeRTOS/portable/MemMang/heap_2.o
 .bss.xHeapHasBeenInitialised.7016
                0x0000000020012d5c        0x4 ./common/ThirdParty/FreeRTOS/portable/MemMang/heap_2.o
 .bss._aTasks   0x0000000020012d60       0xa0 ./common/ThirdParty/SEGGER/OS/SEGGER_SYSVIEW_FreeRTOS.o
 .bss._NumTasks
                0x0000000020012e00        0x4 ./common/ThirdParty/SEGGER/OS/SEGGER_SYSVIEW_FreeRTOS.o
 .bss._cbOnRx   0x0000000020012e04        0x4 ./common/ThirdParty/SEGGER/Rec/segger_uart.o
 .bss._cbOnTx   0x0000000020012e08        0x4 ./common/ThirdParty/SEGGER/Rec/segger_uart.o
 .bss._acUpBuffer
                0x0000000020012e0c      0x400 ./common/ThirdParty/SEGGER/SEGGER/SEGGER_RTT.o
 .bss._acDownBuffer
                0x000000002001320c       0x10 ./common/ThirdParty/SEGGER/SEGGER/SEGGER_RTT.o
 .bss._UpBuffer
                0x000000002001321c     0x1000 ./common/ThirdParty/SEGGER/SEGGER/SEGGER_SYSVIEW.o
 .bss._DownBuffer
                0x000000002001421c        0x8 ./common/ThirdParty/SEGGER/SEGGER/SEGGER_SYSVIEW.o
 .bss._SYSVIEW_Globals
                0x0000000020014224       0x28 ./common/ThirdParty/SEGGER/SEGGER/SEGGER_SYSVIEW.o
 .bss._pFirstModule
                0x000000002001424c        0x4 ./common/ThirdParty/SEGGER/SEGGER/SEGGER_SYSVIEW.o
 .bss._NumModules
                0x0000000020014250        0x1 ./common/ThirdParty/SEGGER/SEGGER/SEGGER_SYSVIEW.o
 *fill*         0x0000000020014251        0x3 
 .bss._aPacket  0x0000000020014254       0xe3 ./common/ThirdParty/SEGGER/SEGGER/SEGGER_SYSVIEW.o
 *(COMMON)
 *fill*         0x0000000020014337        0x1 
 COMMON         0x0000000020014338       0x48 ./Core/Src/stm32f4xx_hal_timebase_tim.o
                0x0000000020014338                htim6
 COMMON         0x0000000020014380        0x4 ./Drivers/STM32F4xx_HAL_Driver/Src/stm32f4xx_hal.o
                0x0000000020014380                uwTick
 COMMON         0x0000000020014384       0xa8 ./common/ThirdParty/SEGGER/SEGGER/SEGGER_RTT.o
                0x0000000020014384                _SEGGER_RTT
                0x000000002001442c                . = ALIGN (0x4)
                0x000000002001442c                _ebss = .
                0x000000002001442c                __bss_end__ = _ebss

._user_heap_stack
                0x000000002001442c      0x604 load address 0x000000000800589c
                0x0000000020014430                . = ALIGN (0x8)
 *fill*         0x000000002001442c        0x4 
                [!provide]                        PROVIDE (end = .)
                [!provide]                        PROVIDE (_end = .)
                0x0000000020014630                . = (. + _Min_Heap_Size)
 *fill*         0x0000000020014430      0x200 
                0x0000000020014a30                . = (. + _Min_Stack_Size)
 *fill*         0x0000000020014630      0x400 
                0x0000000020014a30                . = ALIGN (0x8)

/DISCARD/
 libc.a(*)
 libm.a(*)
 libgcc.a(*)

.ARM.attributes
                0x0000000000000000       0x30
 *(.ARM.attributes)
 .ARM.attributes
                0x0000000000000000       0x1e c:/st/stm32cubeide_1.4.0/stm32cubeide/plugins/com.st.stm32cube.ide.mcu.externaltools.gnu-tools-for-stm32.9-2020-q2-update.win32_2.0.0.202105311346/tools/bin/../lib/gcc/arm-none-eabi/9.3.1/thumb/v7e-m+fp/hard/crti.o
 .ARM.attributes
                0x000000000000001e       0x34 c:/st/stm32cubeide_1.4.0/stm32cubeide/plugins/com.st.stm32cube.ide.mcu.externaltools.gnu-tools-for-stm32.9-2020-q2-update.win32_2.0.0.202105311346/tools/bin/../lib/gcc/arm-none-eabi/9.3.1/thumb/v7e-m+fp/hard/crtbegin.o
 .ARM.attributes
                0x0000000000000052       0x34 ./Core/Src/main.o
 .ARM.attributes
                0x0000000000000086       0x34 ./Core/Src/stm32f4xx_hal_msp.o
 .ARM.attributes
                0x00000000000000ba       0x34 ./Core/Src/stm32f4xx_hal_timebase_tim.o
 .ARM.attributes
                0x00000000000000ee       0x34 ./Core/Src/stm32f4xx_it.o
 .ARM.attributes
                0x0000000000000122       0x34 ./Core/Src/system_stm32f4xx.o
 .ARM.attributes
                0x0000000000000156       0x21 ./Core/Startup/startup_stm32f446retx.o
 .ARM.attributes
                0x0000000000000177       0x34 ./Drivers/STM32F4xx_HAL_Driver/Src/stm32f4xx_hal.o
 .ARM.attributes
                0x00000000000001ab       0x34 ./Drivers/STM32F4xx_HAL_Driver/Src/stm32f4xx_hal_cortex.o
 .ARM.attributes
                0x00000000000001df       0x34 ./Drivers/STM32F4xx_HAL_Driver/Src/stm32f4xx_hal_gpio.o
 .ARM.attributes
                0x0000000000000213       0x34 ./Drivers/STM32F4xx_HAL_Driver/Src/stm32f4xx_hal_pwr_ex.o
 .ARM.attributes
                0x0000000000000247       0x34 ./Drivers/STM32F4xx_HAL_Driver/Src/stm32f4xx_hal_rcc.o
 .ARM.attributes
                0x000000000000027b       0x34 ./Drivers/STM32F4xx_HAL_Driver/Src/stm32f4xx_hal_rcc_ex.o
 .ARM.attributes
                0x00000000000002af       0x34 ./Drivers/STM32F4xx_HAL_Driver/Src/stm32f4xx_hal_tim.o
 .ARM.attributes
                0x00000000000002e3       0x34 ./Drivers/STM32F4xx_HAL_Driver/Src/stm32f4xx_hal_tim_ex.o
 .ARM.attributes
                0x0000000000000317       0x34 ./common/ThirdParty/FreeRTOS/list.o
 .ARM.attributes
                0x000000000000034b       0x34 ./common/ThirdParty/FreeRTOS/tasks.o
 .ARM.attributes
                0x000000000000037f       0x34 ./common/ThirdParty/FreeRTOS/portable/GCC/ARM_CM4F/port.o
 .ARM.attributes
                0x00000000000003b3       0x34 ./common/ThirdParty/FreeRTOS/portable/MemMang/heap_2.o
 .ARM.attributes
                0x00000000000003e7       0x34 ./common/ThirdParty/SEGGER/Config/SEGGER_SYSVIEW_Config_FreeRTOS.o
 .ARM.attributes
                0x000000000000041b       0x34 ./common/ThirdParty/SEGGER/OS/SEGGER_SYSVIEW_FreeRTOS.o
 .ARM.attributes
                0x000000000000044f       0x34 ./common/ThirdParty/SEGGER/Rec/segger_uart.o
 .ARM.attributes
                0x0000000000000483       0x34 ./common/ThirdParty/SEGGER/SEGGER/SEGGER_RTT.o
 .ARM.attributes
                0x00000000000004b7       0x20 ./common/ThirdParty/SEGGER/SEGGER/SEGGER_RTT_ASM_ARMv7M.o
 .ARM.attributes
                0x00000000000004d7       0x34 ./common/ThirdParty/SEGGER/SEGGER/SEGGER_SYSVIEW.o
 .ARM.attributes
                0x000000000000050b       0x34 c:/st/stm32cubeide_1.4.0/stm32cubeide/plugins/com.st.stm32cube.ide.mcu.externaltools.gnu-tools-for-stm32.9-2020-q2-update.win32_2.0.0.202105311346/tools/bin/../lib/gcc/arm-none-eabi/9.3.1/../../../../arm-none-eabi/lib/thumb/v7e-m+fp/hard\libc_nano.a(lib_a-init.o)
 .ARM.attributes
                0x000000000000053f       0x34 c:/st/stm32cubeide_1.4.0/stm32cubeide/plugins/com.st.stm32cube.ide.mcu.externaltools.gnu-tools-for-stm32.9-2020-q2-update.win32_2.0.0.202105311346/tools/bin/../lib/gcc/arm-none-eabi/9.3.1/../../../../arm-none-eabi/lib/thumb/v7e-m+fp/hard\libc_nano.a(lib_a-memcmp.o)
 .ARM.attributes
                0x0000000000000573       0x34 c:/st/stm32cubeide_1.4.0/stm32cubeide/plugins/com.st.stm32cube.ide.mcu.externaltools.gnu-tools-for-stm32.9-2020-q2-update.win32_2.0.0.202105311346/tools/bin/../lib/gcc/arm-none-eabi/9.3.1/../../../../arm-none-eabi/lib/thumb/v7e-m+fp/hard\libc_nano.a(lib_a-memcpy-stub.o)
 .ARM.attributes
                0x00000000000005a7       0x34 c:/st/stm32cubeide_1.4.0/stm32cubeide/plugins/com.st.stm32cube.ide.mcu.externaltools.gnu-tools-for-stm32.9-2020-q2-update.win32_2.0.0.202105311346/tools/bin/../lib/gcc/arm-none-eabi/9.3.1/../../../../arm-none-eabi/lib/thumb/v7e-m+fp/hard\libc_nano.a(lib_a-memset.o)
 .ARM.attributes
                0x00000000000005db       0x17 c:/st/stm32cubeide_1.4.0/stm32cubeide/plugins/com.st.stm32cube.ide.mcu.externaltools.gnu-tools-for-stm32.9-2020-q2-update.win32_2.0.0.202105311346/tools/bin/../lib/gcc/arm-none-eabi/9.3.1/../../../../arm-none-eabi/lib/thumb/v7e-m+fp/hard\libc_nano.a(lib_a-strlen.o)
 .ARM.attributes
                0x00000000000005f2       0x1e c:/st/stm32cubeide_1.4.0/stm32cubeide/plugins/com.st.stm32cube.ide.mcu.externaltools.gnu-tools-for-stm32.9-2020-q2-update.win32_2.0.0.202105311346/tools/bin/../lib/gcc/arm-none-eabi/9.3.1/thumb/v7e-m+fp/hard\libgcc.a(_aeabi_uldivmod.o)
 .ARM.attributes
                0x0000000000000610       0x34 c:/st/stm32cubeide_1.4.0/stm32cubeide/plugins/com.st.stm32cube.ide.mcu.externaltools.gnu-tools-for-stm32.9-2020-q2-update.win32_2.0.0.202105311346/tools/bin/../lib/gcc/arm-none-eabi/9.3.1/thumb/v7e-m+fp/hard\libgcc.a(_udivmoddi4.o)
 .ARM.attributes
                0x0000000000000644       0x1e c:/st/stm32cubeide_1.4.0/stm32cubeide/plugins/com.st.stm32cube.ide.mcu.externaltools.gnu-tools-for-stm32.9-2020-q2-update.win32_2.0.0.202105311346/tools/bin/../lib/gcc/arm-none-eabi/9.3.1/thumb/v7e-m+fp/hard\libgcc.a(_dvmd_tls.o)
 .ARM.attributes
                0x0000000000000662       0x1e c:/st/stm32cubeide_1.4.0/stm32cubeide/plugins/com.st.stm32cube.ide.mcu.externaltools.gnu-tools-for-stm32.9-2020-q2-update.win32_2.0.0.202105311346/tools/bin/../lib/gcc/arm-none-eabi/9.3.1/thumb/v7e-m+fp/hard/crtn.o
OUTPUT(007Task_Priority.elf elf32-littlearm)
LOAD linker stubs
LOAD c:/st/stm32cubeide_1.4.0/stm32cubeide/plugins/com.st.stm32cube.ide.mcu.externaltools.gnu-tools-for-stm32.9-2020-q2-update.win32_2.0.0.202105311346/tools/bin/../lib/gcc/arm-none-eabi/9.3.1/../../../../arm-none-eabi/lib/thumb/v7e-m+fp/hard\libc.a
LOAD c:/st/stm32cubeide_1.4.0/stm32cubeide/plugins/com.st.stm32cube.ide.mcu.externaltools.gnu-tools-for-stm32.9-2020-q2-update.win32_2.0.0.202105311346/tools/bin/../lib/gcc/arm-none-eabi/9.3.1/../../../../arm-none-eabi/lib/thumb/v7e-m+fp/hard\libm.a
LOAD c:/st/stm32cubeide_1.4.0/stm32cubeide/plugins/com.st.stm32cube.ide.mcu.externaltools.gnu-tools-for-stm32.9-2020-q2-update.win32_2.0.0.202105311346/tools/bin/../lib/gcc/arm-none-eabi/9.3.1/thumb/v7e-m+fp/hard\libgcc.a

.debug_info     0x0000000000000000    0x17d47
 .debug_info    0x0000000000000000     0x1a19 ./Core/Src/main.o
 .debug_info    0x0000000000001a19      0x3eb ./Core/Src/stm32f4xx_hal_msp.o
 .debug_info    0x0000000000001e04      0xcc2 ./Core/Src/stm32f4xx_hal_timebase_tim.o
 .debug_info    0x0000000000002ac6      0x7f5 ./Core/Src/stm32f4xx_it.o
 .debug_info    0x00000000000032bb      0x5dc ./Core/Src/system_stm32f4xx.o
 .debug_info    0x0000000000003897       0x22 ./Core/Startup/startup_stm32f446retx.o
 .debug_info    0x00000000000038b9      0xa08 ./Drivers/STM32F4xx_HAL_Driver/Src/stm32f4xx_hal.o
 .debug_info    0x00000000000042c1      0xef5 ./Drivers/STM32F4xx_HAL_Driver/Src/stm32f4xx_hal_cortex.o
 .debug_info    0x00000000000051b6      0x892 ./Drivers/STM32F4xx_HAL_Driver/Src/stm32f4xx_hal_gpio.o
 .debug_info    0x0000000000005a48      0x7ca ./Drivers/STM32F4xx_HAL_Driver/Src/stm32f4xx_hal_pwr_ex.o
 .debug_info    0x0000000000006212      0x9db ./Drivers/STM32F4xx_HAL_Driver/Src/stm32f4xx_hal_rcc.o
 .debug_info    0x0000000000006bed      0xa86 ./Drivers/STM32F4xx_HAL_Driver/Src/stm32f4xx_hal_rcc_ex.o
 .debug_info    0x0000000000007673     0x2a90 ./Drivers/STM32F4xx_HAL_Driver/Src/stm32f4xx_hal_tim.o
 .debug_info    0x000000000000a103     0x1522 ./Drivers/STM32F4xx_HAL_Driver/Src/stm32f4xx_hal_tim_ex.o
 .debug_info    0x000000000000b625      0xb9a ./common/ThirdParty/FreeRTOS/list.o
 .debug_info    0x000000000000c1bf     0x2ac9 ./common/ThirdParty/FreeRTOS/tasks.o
 .debug_info    0x000000000000ec88      0x5b1 ./common/ThirdParty/FreeRTOS/portable/GCC/ARM_CM4F/port.o
 .debug_info    0x000000000000f239      0xbff ./common/ThirdParty/FreeRTOS/portable/MemMang/heap_2.o
 .debug_info    0x000000000000fe38      0x131 ./common/ThirdParty/SEGGER/Config/SEGGER_SYSVIEW_Config_FreeRTOS.o
 .debug_info    0x000000000000ff69      0xc58 ./common/ThirdParty/SEGGER/OS/SEGGER_SYSVIEW_FreeRTOS.o
 .debug_info    0x0000000000010bc1     0x13b8 ./common/ThirdParty/SEGGER/Rec/segger_uart.o
 .debug_info    0x0000000000011f79     0x1dc1 ./common/ThirdParty/SEGGER/SEGGER/SEGGER_RTT.o
 .debug_info    0x0000000000013d3a       0x26 ./common/ThirdParty/SEGGER/SEGGER/SEGGER_RTT_ASM_ARMv7M.o
 .debug_info    0x0000000000013d60     0x3fe7 ./common/ThirdParty/SEGGER/SEGGER/SEGGER_SYSVIEW.o

.debug_abbrev   0x0000000000000000     0x31c6
 .debug_abbrev  0x0000000000000000      0x353 ./Core/Src/main.o
 .debug_abbrev  0x0000000000000353      0x11d ./Core/Src/stm32f4xx_hal_msp.o
 .debug_abbrev  0x0000000000000470      0x1bf ./Core/Src/stm32f4xx_hal_timebase_tim.o
 .debug_abbrev  0x000000000000062f      0x176 ./Core/Src/stm32f4xx_it.o
 .debug_abbrev  0x00000000000007a5      0x145 ./Core/Src/system_stm32f4xx.o
 .debug_abbrev  0x00000000000008ea       0x12 ./Core/Startup/startup_stm32f446retx.o
 .debug_abbrev  0x00000000000008fc      0x1ed ./Drivers/STM32F4xx_HAL_Driver/Src/stm32f4xx_hal.o
 .debug_abbrev  0x0000000000000ae9      0x33c ./Drivers/STM32F4xx_HAL_Driver/Src/stm32f4xx_hal_cortex.o
 .debug_abbrev  0x0000000000000e25      0x1f1 ./Drivers/STM32F4xx_HAL_Driver/Src/stm32f4xx_hal_gpio.o
 .debug_abbrev  0x0000000000001016      0x1da ./Drivers/STM32F4xx_HAL_Driver/Src/stm32f4xx_hal_pwr_ex.o
 .debug_abbrev  0x00000000000011f0      0x275 ./Drivers/STM32F4xx_HAL_Driver/Src/stm32f4xx_hal_rcc.o
 .debug_abbrev  0x0000000000001465      0x1e2 ./Drivers/STM32F4xx_HAL_Driver/Src/stm32f4xx_hal_rcc_ex.o
 .debug_abbrev  0x0000000000001647      0x25e ./Drivers/STM32F4xx_HAL_Driver/Src/stm32f4xx_hal_tim.o
 .debug_abbrev  0x00000000000018a5      0x266 ./Drivers/STM32F4xx_HAL_Driver/Src/stm32f4xx_hal_tim_ex.o
 .debug_abbrev  0x0000000000001b0b      0x1f7 ./common/ThirdParty/FreeRTOS/list.o
 .debug_abbrev  0x0000000000001d02      0x3a9 ./common/ThirdParty/FreeRTOS/tasks.o
 .debug_abbrev  0x00000000000020ab      0x231 ./common/ThirdParty/FreeRTOS/portable/GCC/ARM_CM4F/port.o
 .debug_abbrev  0x00000000000022dc      0x2b0 ./common/ThirdParty/FreeRTOS/portable/MemMang/heap_2.o
 .debug_abbrev  0x000000000000258c       0xc1 ./common/ThirdParty/SEGGER/Config/SEGGER_SYSVIEW_Config_FreeRTOS.o
 .debug_abbrev  0x000000000000264d      0x219 ./common/ThirdParty/SEGGER/OS/SEGGER_SYSVIEW_FreeRTOS.o
 .debug_abbrev  0x0000000000002866      0x2e0 ./common/ThirdParty/SEGGER/Rec/segger_uart.o
 .debug_abbrev  0x0000000000002b46      0x2e1 ./common/ThirdParty/SEGGER/SEGGER/SEGGER_RTT.o
 .debug_abbrev  0x0000000000002e27       0x14 ./common/ThirdParty/SEGGER/SEGGER/SEGGER_RTT_ASM_ARMv7M.o
 .debug_abbrev  0x0000000000002e3b      0x38b ./common/ThirdParty/SEGGER/SEGGER/SEGGER_SYSVIEW.o

.debug_aranges  0x0000000000000000     0x1210
 .debug_aranges
                0x0000000000000000       0x60 ./Core/Src/main.o
 .debug_aranges
                0x0000000000000060       0x20 ./Core/Src/stm32f4xx_hal_msp.o
 .debug_aranges
                0x0000000000000080       0x30 ./Core/Src/stm32f4xx_hal_timebase_tim.o
 .debug_aranges
                0x00000000000000b0       0x58 ./Core/Src/stm32f4xx_it.o
 .debug_aranges
                0x0000000000000108       0x28 ./Core/Src/system_stm32f4xx.o
 .debug_aranges
                0x0000000000000130       0x28 ./Core/Startup/startup_stm32f446retx.o
 .debug_aranges
                0x0000000000000158       0xf0 ./Drivers/STM32F4xx_HAL_Driver/Src/stm32f4xx_hal.o
 .debug_aranges
                0x0000000000000248      0x118 ./Drivers/STM32F4xx_HAL_Driver/Src/stm32f4xx_hal_cortex.o
 .debug_aranges
                0x0000000000000360       0x58 ./Drivers/STM32F4xx_HAL_Driver/Src/stm32f4xx_hal_gpio.o
 .debug_aranges
                0x00000000000003b8       0x60 ./Drivers/STM32F4xx_HAL_Driver/Src/stm32f4xx_hal_pwr_ex.o
 .debug_aranges
                0x0000000000000418       0x88 ./Drivers/STM32F4xx_HAL_Driver/Src/stm32f4xx_hal_rcc.o
 .debug_aranges
                0x00000000000004a0       0x78 ./Drivers/STM32F4xx_HAL_Driver/Src/stm32f4xx_hal_rcc_ex.o
 .debug_aranges
                0x0000000000000518      0x3d0 ./Drivers/STM32F4xx_HAL_Driver/Src/stm32f4xx_hal_tim.o
 .debug_aranges
                0x00000000000008e8      0x168 ./Drivers/STM32F4xx_HAL_Driver/Src/stm32f4xx_hal_tim_ex.o
 .debug_aranges
                0x0000000000000a50       0x40 ./common/ThirdParty/FreeRTOS/list.o
 .debug_aranges
                0x0000000000000a90      0x208 ./common/ThirdParty/FreeRTOS/tasks.o
 .debug_aranges
                0x0000000000000c98       0x88 ./common/ThirdParty/FreeRTOS/portable/GCC/ARM_CM4F/port.o
 .debug_aranges
                0x0000000000000d20       0x40 ./common/ThirdParty/FreeRTOS/portable/MemMang/heap_2.o
 .debug_aranges
                0x0000000000000d60       0x28 ./common/ThirdParty/SEGGER/Config/SEGGER_SYSVIEW_Config_FreeRTOS.o
 .debug_aranges
                0x0000000000000d88       0x48 ./common/ThirdParty/SEGGER/OS/SEGGER_SYSVIEW_FreeRTOS.o
 .debug_aranges
                0x0000000000000dd0       0x68 ./common/ThirdParty/SEGGER/Rec/segger_uart.o
 .debug_aranges
                0x0000000000000e38      0x138 ./common/ThirdParty/SEGGER/SEGGER/SEGGER_RTT.o
 .debug_aranges
                0x0000000000000f70       0x20 ./common/ThirdParty/SEGGER/SEGGER/SEGGER_RTT_ASM_ARMv7M.o
 .debug_aranges
                0x0000000000000f90      0x280 ./common/ThirdParty/SEGGER/SEGGER/SEGGER_SYSVIEW.o

.debug_ranges   0x0000000000000000     0x1088
 .debug_ranges  0x0000000000000000       0x50 ./Core/Src/main.o
 .debug_ranges  0x0000000000000050       0x10 ./Core/Src/stm32f4xx_hal_msp.o
 .debug_ranges  0x0000000000000060       0x20 ./Core/Src/stm32f4xx_hal_timebase_tim.o
 .debug_ranges  0x0000000000000080       0x48 ./Core/Src/stm32f4xx_it.o
 .debug_ranges  0x00000000000000c8       0x18 ./Core/Src/system_stm32f4xx.o
 .debug_ranges  0x00000000000000e0       0x20 ./Core/Startup/startup_stm32f446retx.o
 .debug_ranges  0x0000000000000100       0xe0 ./Drivers/STM32F4xx_HAL_Driver/Src/stm32f4xx_hal.o
 .debug_ranges  0x00000000000001e0      0x108 ./Drivers/STM32F4xx_HAL_Driver/Src/stm32f4xx_hal_cortex.o
 .debug_ranges  0x00000000000002e8       0x48 ./Drivers/STM32F4xx_HAL_Driver/Src/stm32f4xx_hal_gpio.o
 .debug_ranges  0x0000000000000330       0x50 ./Drivers/STM32F4xx_HAL_Driver/Src/stm32f4xx_hal_pwr_ex.o
 .debug_ranges  0x0000000000000380       0x78 ./Drivers/STM32F4xx_HAL_Driver/Src/stm32f4xx_hal_rcc.o
 .debug_ranges  0x00000000000003f8       0x68 ./Drivers/STM32F4xx_HAL_Driver/Src/stm32f4xx_hal_rcc_ex.o
 .debug_ranges  0x0000000000000460      0x3c0 ./Drivers/STM32F4xx_HAL_Driver/Src/stm32f4xx_hal_tim.o
 .debug_ranges  0x0000000000000820      0x158 ./Drivers/STM32F4xx_HAL_Driver/Src/stm32f4xx_hal_tim_ex.o
 .debug_ranges  0x0000000000000978       0x30 ./common/ThirdParty/FreeRTOS/list.o
 .debug_ranges  0x00000000000009a8      0x1f8 ./common/ThirdParty/FreeRTOS/tasks.o
 .debug_ranges  0x0000000000000ba0       0x78 ./common/ThirdParty/FreeRTOS/portable/GCC/ARM_CM4F/port.o
 .debug_ranges  0x0000000000000c18       0x30 ./common/ThirdParty/FreeRTOS/portable/MemMang/heap_2.o
 .debug_ranges  0x0000000000000c48       0x18 ./common/ThirdParty/SEGGER/Config/SEGGER_SYSVIEW_Config_FreeRTOS.o
 .debug_ranges  0x0000000000000c60       0x38 ./common/ThirdParty/SEGGER/OS/SEGGER_SYSVIEW_FreeRTOS.o
 .debug_ranges  0x0000000000000c98       0x58 ./common/ThirdParty/SEGGER/Rec/segger_uart.o
 .debug_ranges  0x0000000000000cf0      0x128 ./common/ThirdParty/SEGGER/SEGGER/SEGGER_RTT.o
 .debug_ranges  0x0000000000000e18      0x270 ./common/ThirdParty/SEGGER/SEGGER/SEGGER_SYSVIEW.o

.debug_macro    0x0000000000000000    0x2472a
 .debug_macro   0x0000000000000000      0x401 ./Core/Src/main.o
 .debug_macro   0x0000000000000401      0xaa8 ./Core/Src/main.o
 .debug_macro   0x0000000000000ea9      0x295 ./Core/Src/main.o
 .debug_macro   0x000000000000113e       0x2e ./Core/Src/main.o
 .debug_macro   0x000000000000116c       0x28 ./Core/Src/main.o
 .debug_macro   0x0000000000001194       0x22 ./Core/Src/main.o
 .debug_macro   0x00000000000011b6       0x8e ./Core/Src/main.o
 .debug_macro   0x0000000000001244       0x51 ./Core/Src/main.o
 .debug_macro   0x0000000000001295      0x103 ./Core/Src/main.o
 .debug_macro   0x0000000000001398       0x6a ./Core/Src/main.o
 .debug_macro   0x0000000000001402      0x1df ./Core/Src/main.o
 .debug_macro   0x00000000000015e1       0x1c ./Core/Src/main.o
 .debug_macro   0x00000000000015fd       0x22 ./Core/Src/main.o
 .debug_macro   0x000000000000161f       0xdf ./Core/Src/main.o
 .debug_macro   0x00000000000016fe     0x102d ./Core/Src/main.o
 .debug_macro   0x000000000000272b      0x11f ./Core/Src/main.o
 .debug_macro   0x000000000000284a    0x1672d ./Core/Src/main.o
 .debug_macro   0x0000000000018f77       0x43 ./Core/Src/main.o
 .debug_macro   0x0000000000018fba     0x3659 ./Core/Src/main.o
 .debug_macro   0x000000000001c613      0x174 ./Core/Src/main.o
 .debug_macro   0x000000000001c787       0x5c ./Core/Src/main.o
 .debug_macro   0x000000000001c7e3      0xc90 ./Core/Src/main.o
 .debug_macro   0x000000000001d473      0x9fe ./Core/Src/main.o
 .debug_macro   0x000000000001de71      0x117 ./Core/Src/main.o
 .debug_macro   0x000000000001df88      0x1a0 ./Core/Src/main.o
 .debug_macro   0x000000000001e128       0x82 ./Core/Src/main.o
 .debug_macro   0x000000000001e1aa      0x16d ./Core/Src/main.o
 .debug_macro   0x000000000001e317      0x287 ./Core/Src/main.o
 .debug_macro   0x000000000001e59e       0x5f ./Core/Src/main.o
 .debug_macro   0x000000000001e5fd      0x236 ./Core/Src/main.o
 .debug_macro   0x000000000001e833      0x132 ./Core/Src/main.o
 .debug_macro   0x000000000001e965      0x29c ./Core/Src/main.o
 .debug_macro   0x000000000001ec01       0x2e ./Core/Src/main.o
 .debug_macro   0x000000000001ec2f      0x11a ./Core/Src/main.o
 .debug_macro   0x000000000001ed49       0xe8 ./Core/Src/main.o
 .debug_macro   0x000000000001ee31       0x89 ./Core/Src/main.o
 .debug_macro   0x000000000001eeba      0x8d1 ./Core/Src/main.o
 .debug_macro   0x000000000001f78b       0x4d ./Core/Src/main.o
 .debug_macro   0x000000000001f7d8      0x126 ./Core/Src/main.o
 .debug_macro   0x000000000001f8fe       0x8e ./Core/Src/main.o
 .debug_macro   0x000000000001f98c       0x52 ./Core/Src/main.o
 .debug_macro   0x000000000001f9de       0x18 ./Core/Src/main.o
 .debug_macro   0x000000000001f9f6       0x3c ./Core/Src/main.o
 .debug_macro   0x000000000001fa32       0x34 ./Core/Src/main.o
 .debug_macro   0x000000000001fa66       0x16 ./Core/Src/main.o
 .debug_macro   0x000000000001fa7c       0x35 ./Core/Src/main.o
 .debug_macro   0x000000000001fab1      0x333 ./Core/Src/main.o
 .debug_macro   0x000000000001fde4       0x10 ./Core/Src/main.o
 .debug_macro   0x000000000001fdf4       0x16 ./Core/Src/main.o
 .debug_macro   0x000000000001fe0a       0x43 ./Core/Src/main.o
 .debug_macro   0x000000000001fe4d       0x34 ./Core/Src/main.o
 .debug_macro   0x000000000001fe81       0x10 ./Core/Src/main.o
 .debug_macro   0x000000000001fe91       0x58 ./Core/Src/main.o
 .debug_macro   0x000000000001fee9       0x71 ./Core/Src/main.o
 .debug_macro   0x000000000001ff5a       0x1c ./Core/Src/main.o
 .debug_macro   0x000000000001ff76      0x12a ./Core/Src/main.o
 .debug_macro   0x00000000000200a0       0x10 ./Core/Src/main.o
 .debug_macro   0x00000000000200b0       0x1c ./Core/Src/main.o
 .debug_macro   0x00000000000200cc       0x52 ./Core/Src/main.o
 .debug_macro   0x000000000002011e       0x22 ./Core/Src/main.o
 .debug_macro   0x0000000000020140       0x10 ./Core/Src/main.o
 .debug_macro   0x0000000000020150       0x40 ./Core/Src/main.o
 .debug_macro   0x0000000000020190       0xd5 ./Core/Src/main.o
 .debug_macro   0x0000000000020265       0x1c ./Core/Src/main.o
 .debug_macro   0x0000000000020281       0x3d ./Core/Src/main.o
 .debug_macro   0x00000000000202be       0x16 ./Core/Src/main.o
 .debug_macro   0x00000000000202d4      0x145 ./Core/Src/main.o
 .debug_macro   0x0000000000020419      0x11b ./Core/Src/main.o
 .debug_macro   0x0000000000020534       0x4c ./Core/Src/main.o
 .debug_macro   0x0000000000020580       0x46 ./Core/Src/main.o
 .debug_macro   0x00000000000205c6       0x64 ./Core/Src/main.o
 .debug_macro   0x000000000002062a       0x16 ./Core/Src/main.o
 .debug_macro   0x0000000000020640       0x49 ./Core/Src/main.o
 .debug_macro   0x0000000000020689       0xbc ./Core/Src/main.o
 .debug_macro   0x0000000000020745      0x204 ./Core/Src/main.o
 .debug_macro   0x0000000000020949      0x450 ./Core/Src/main.o
 .debug_macro   0x0000000000020d99      0x15a ./Core/Src/main.o
 .debug_macro   0x0000000000020ef3       0xea ./Core/Src/main.o
 .debug_macro   0x0000000000020fdd       0x1c ./Core/Src/main.o
 .debug_macro   0x0000000000020ff9       0x26 ./Core/Src/main.o
 .debug_macro   0x000000000002101f      0x3c9 ./Core/Src/main.o
 .debug_macro   0x00000000000213e8       0xb5 ./Core/Src/main.o
 .debug_macro   0x000000000002149d      0x120 ./Core/Src/main.o
 .debug_macro   0x00000000000215bd      0x284 ./Core/Src/stm32f4xx_hal_msp.o
 .debug_macro   0x0000000000021841       0x58 ./Core/Src/stm32f4xx_hal_msp.o
 .debug_macro   0x0000000000021899      0x1c4 ./Core/Src/stm32f4xx_hal_timebase_tim.o
 .debug_macro   0x0000000000021a5d      0x1dd ./Core/Src/stm32f4xx_it.o
 .debug_macro   0x0000000000021c3a      0x1c4 ./Core/Src/system_stm32f4xx.o
 .debug_macro   0x0000000000021dfe      0x224 ./Drivers/STM32F4xx_HAL_Driver/Src/stm32f4xx_hal.o
 .debug_macro   0x0000000000022022      0x1c4 ./Drivers/STM32F4xx_HAL_Driver/Src/stm32f4xx_hal_cortex.o
 .debug_macro   0x00000000000221e6      0x1ca ./Drivers/STM32F4xx_HAL_Driver/Src/stm32f4xx_hal_gpio.o
 .debug_macro   0x00000000000223b0      0x1dc ./Drivers/STM32F4xx_HAL_Driver/Src/stm32f4xx_hal_pwr_ex.o
 .debug_macro   0x000000000002258c      0x1e8 ./Drivers/STM32F4xx_HAL_Driver/Src/stm32f4xx_hal_rcc.o
 .debug_macro   0x0000000000022774      0x1c4 ./Drivers/STM32F4xx_HAL_Driver/Src/stm32f4xx_hal_rcc_ex.o
 .debug_macro   0x0000000000022938      0x1c5 ./Drivers/STM32F4xx_HAL_Driver/Src/stm32f4xx_hal_tim.o
 .debug_macro   0x0000000000022afd      0x1c4 ./Drivers/STM32F4xx_HAL_Driver/Src/stm32f4xx_hal_tim_ex.o
 .debug_macro   0x0000000000022cc1      0x1f4 ./common/ThirdParty/FreeRTOS/list.o
 .debug_macro   0x0000000000022eb5      0x2e1 ./common/ThirdParty/FreeRTOS/tasks.o
 .debug_macro   0x0000000000023196       0x10 ./common/ThirdParty/FreeRTOS/tasks.o
 .debug_macro   0x00000000000231a6      0x1f7 ./common/ThirdParty/FreeRTOS/portable/GCC/ARM_CM4F/port.o
 .debug_macro   0x000000000002339d      0x215 ./common/ThirdParty/FreeRTOS/portable/MemMang/heap_2.o
 .debug_macro   0x00000000000235b2      0x137 ./common/ThirdParty/SEGGER/Config/SEGGER_SYSVIEW_Config_FreeRTOS.o
 .debug_macro   0x00000000000236e9      0x203 ./common/ThirdParty/SEGGER/OS/SEGGER_SYSVIEW_FreeRTOS.o
 .debug_macro   0x00000000000238ec      0x428 ./common/ThirdParty/SEGGER/Rec/segger_uart.o
 .debug_macro   0x0000000000023d14       0x3a ./common/ThirdParty/SEGGER/Rec/segger_uart.o
 .debug_macro   0x0000000000023d4e      0x138 ./common/ThirdParty/SEGGER/Rec/segger_uart.o
 .debug_macro   0x0000000000023e86       0xd9 ./common/ThirdParty/SEGGER/Rec/segger_uart.o
 .debug_macro   0x0000000000023f5f       0x56 ./common/ThirdParty/SEGGER/Rec/segger_uart.o
 .debug_macro   0x0000000000023fb5      0x1bd ./common/ThirdParty/SEGGER/SEGGER/SEGGER_RTT.o
 .debug_macro   0x0000000000024172       0x34 ./common/ThirdParty/SEGGER/SEGGER/SEGGER_RTT.o
 .debug_macro   0x00000000000241a6      0x212 ./common/ThirdParty/SEGGER/SEGGER/SEGGER_SYSVIEW.o
 .debug_macro   0x00000000000243b8      0x204 ./common/ThirdParty/SEGGER/SEGGER/SEGGER_SYSVIEW.o
 .debug_macro   0x00000000000245bc      0x16e ./common/ThirdParty/SEGGER/SEGGER/SEGGER_SYSVIEW.o

.debug_line     0x0000000000000000    0x1932c
 .debug_line    0x0000000000000000     0x1279 ./Core/Src/main.o
 .debug_line    0x0000000000001279      0xeab ./Core/Src/stm32f4xx_hal_msp.o
 .debug_line    0x0000000000002124      0xa47 ./Core/Src/stm32f4xx_hal_timebase_tim.o
 .debug_line    0x0000000000002b6b      0xa9d ./Core/Src/stm32f4xx_it.o
 .debug_line    0x0000000000003608      0xa69 ./Core/Src/system_stm32f4xx.o
 .debug_line    0x0000000000004071       0x88 ./Core/Startup/startup_stm32f446retx.o
 .debug_line    0x00000000000040f9      0xccf ./Drivers/STM32F4xx_HAL_Driver/Src/stm32f4xx_hal.o
 .debug_line    0x0000000000004dc8      0xf7e ./Drivers/STM32F4xx_HAL_Driver/Src/stm32f4xx_hal_cortex.o
 .debug_line    0x0000000000005d46      0xe33 ./Drivers/STM32F4xx_HAL_Driver/Src/stm32f4xx_hal_gpio.o
 .debug_line    0x0000000000006b79      0xbfe ./Drivers/STM32F4xx_HAL_Driver/Src/stm32f4xx_hal_pwr_ex.o
 .debug_line    0x0000000000007777     0x1057 ./Drivers/STM32F4xx_HAL_Driver/Src/stm32f4xx_hal_rcc.o
 .debug_line    0x00000000000087ce     0x16dd ./Drivers/STM32F4xx_HAL_Driver/Src/stm32f4xx_hal_rcc_ex.o
 .debug_line    0x0000000000009eab     0x38fb ./Drivers/STM32F4xx_HAL_Driver/Src/stm32f4xx_hal_tim.o
 .debug_line    0x000000000000d7a6     0x1c9c ./Drivers/STM32F4xx_HAL_Driver/Src/stm32f4xx_hal_tim_ex.o
 .debug_line    0x000000000000f442      0xc0e ./common/ThirdParty/FreeRTOS/list.o
 .debug_line    0x0000000000010050     0x22ab ./common/ThirdParty/FreeRTOS/tasks.o
 .debug_line    0x00000000000122fb      0xcc4 ./common/ThirdParty/FreeRTOS/portable/GCC/ARM_CM4F/port.o
 .debug_line    0x0000000000012fbf      0xcb1 ./common/ThirdParty/FreeRTOS/portable/MemMang/heap_2.o
 .debug_line    0x0000000000013c70      0x931 ./common/ThirdParty/SEGGER/Config/SEGGER_SYSVIEW_Config_FreeRTOS.o
 .debug_line    0x00000000000145a1      0xc28 ./common/ThirdParty/SEGGER/OS/SEGGER_SYSVIEW_FreeRTOS.o
 .debug_line    0x00000000000151c9     0x1008 ./common/ThirdParty/SEGGER/Rec/segger_uart.o
 .debug_line    0x00000000000161d1      0xf92 ./common/ThirdParty/SEGGER/SEGGER/SEGGER_RTT.o
 .debug_line    0x0000000000017163      0x13b ./common/ThirdParty/SEGGER/SEGGER/SEGGER_RTT_ASM_ARMv7M.o
 .debug_line    0x000000000001729e     0x208e ./common/ThirdParty/SEGGER/SEGGER/SEGGER_SYSVIEW.o

.debug_str      0x0000000000000000    0xdc6e1
 .debug_str     0x0000000000000000    0xd4482 ./Core/Src/main.o
                                      0xd48ea (size before relaxing)
 .debug_str     0x00000000000d4482       0x2c ./Core/Src/stm32f4xx_hal_msp.o
                                      0xce0f6 (size before relaxing)
 .debug_str     0x00000000000d44ae       0xaa ./Core/Src/stm32f4xx_hal_timebase_tim.o
                                      0xc78da (size before relaxing)
 .debug_str     0x00000000000d4558       0xbb ./Core/Src/stm32f4xx_it.o
                                      0xc7462 (size before relaxing)
 .debug_str     0x00000000000d4613       0xaf ./Core/Src/system_stm32f4xx.o
                                      0xc6e0c (size before relaxing)
 .debug_str     0x00000000000d46c2       0x36 ./Core/Startup/startup_stm32f446retx.o
                                         0xe4 (size before relaxing)
 .debug_str     0x00000000000d46f8      0x542 ./Drivers/STM32F4xx_HAL_Driver/Src/stm32f4xx_hal.o
                                      0xc792f (size before relaxing)
 .debug_str     0x00000000000d4c3a      0x389 ./Drivers/STM32F4xx_HAL_Driver/Src/stm32f4xx_hal_cortex.o
                                      0xc76f9 (size before relaxing)
 .debug_str     0x00000000000d4fc3      0x15f ./Drivers/STM32F4xx_HAL_Driver/Src/stm32f4xx_hal_gpio.o
                                      0xc6fb3 (size before relaxing)
 .debug_str     0x00000000000d5122      0x135 ./Drivers/STM32F4xx_HAL_Driver/Src/stm32f4xx_hal_pwr_ex.o
                                      0xc7004 (size before relaxing)
 .debug_str     0x00000000000d5257      0x24f ./Drivers/STM32F4xx_HAL_Driver/Src/stm32f4xx_hal_rcc.o
                                      0xc7213 (size before relaxing)
 .debug_str     0x00000000000d54a6      0x31c ./Drivers/STM32F4xx_HAL_Driver/Src/stm32f4xx_hal_rcc_ex.o
                                      0xc7270 (size before relaxing)
 .debug_str     0x00000000000d57c2      0xe4d ./Drivers/STM32F4xx_HAL_Driver/Src/stm32f4xx_hal_tim.o
                                      0xc810f (size before relaxing)
 .debug_str     0x00000000000d660f      0x538 ./Drivers/STM32F4xx_HAL_Driver/Src/stm32f4xx_hal_tim_ex.o
                                      0xc78c0 (size before relaxing)
 .debug_str     0x00000000000d6b47      0x31d ./common/ThirdParty/FreeRTOS/list.o
                                       0xee1b (size before relaxing)
 .debug_str     0x00000000000d6e64     0x1ef7 ./common/ThirdParty/FreeRTOS/tasks.o
                                      0x11f46 (size before relaxing)
 .debug_str     0x00000000000d8d5b      0x896 ./common/ThirdParty/FreeRTOS/portable/GCC/ARM_CM4F/port.o
                                       0xd4ed (size before relaxing)
 .debug_str     0x00000000000d95f1      0x3f7 ./common/ThirdParty/FreeRTOS/portable/MemMang/heap_2.o
                                      0x102cf (size before relaxing)
 .debug_str     0x00000000000d99e8      0x209 ./common/ThirdParty/SEGGER/Config/SEGGER_SYSVIEW_Config_FreeRTOS.o
                                       0xb398 (size before relaxing)
 .debug_str     0x00000000000d9bf1      0x190 ./common/ThirdParty/SEGGER/OS/SEGGER_SYSVIEW_FreeRTOS.o
                                       0xfff4 (size before relaxing)
 .debug_str     0x00000000000d9d81     0x1128 ./common/ThirdParty/SEGGER/Rec/segger_uart.o
                                      0xcd068 (size before relaxing)
 .debug_str     0x00000000000daea9      0x775 ./common/ThirdParty/SEGGER/SEGGER/SEGGER_RTT.o
                                       0x7d5c (size before relaxing)
 .debug_str     0x00000000000db61e       0xcf ./common/ThirdParty/SEGGER/SEGGER/SEGGER_RTT_ASM_ARMv7M.o
                                        0x18b (size before relaxing)
 .debug_str     0x00000000000db6ed      0xff4 ./common/ThirdParty/SEGGER/SEGGER/SEGGER_SYSVIEW.o
                                       0x9d39 (size before relaxing)

.comment        0x0000000000000000       0x53
 .comment       0x0000000000000000       0x53 ./Core/Src/main.o
                                         0x54 (size before relaxing)
 .comment       0x0000000000000053       0x54 ./Core/Src/stm32f4xx_hal_msp.o
 .comment       0x0000000000000053       0x54 ./Core/Src/stm32f4xx_hal_timebase_tim.o
 .comment       0x0000000000000053       0x54 ./Core/Src/stm32f4xx_it.o
 .comment       0x0000000000000053       0x54 ./Core/Src/system_stm32f4xx.o
 .comment       0x0000000000000053       0x54 ./Drivers/STM32F4xx_HAL_Driver/Src/stm32f4xx_hal.o
 .comment       0x0000000000000053       0x54 ./Drivers/STM32F4xx_HAL_Driver/Src/stm32f4xx_hal_cortex.o
 .comment       0x0000000000000053       0x54 ./Drivers/STM32F4xx_HAL_Driver/Src/stm32f4xx_hal_gpio.o
 .comment       0x0000000000000053       0x54 ./Drivers/STM32F4xx_HAL_Driver/Src/stm32f4xx_hal_pwr_ex.o
 .comment       0x0000000000000053       0x54 ./Drivers/STM32F4xx_HAL_Driver/Src/stm32f4xx_hal_rcc.o
 .comment       0x0000000000000053       0x54 ./Drivers/STM32F4xx_HAL_Driver/Src/stm32f4xx_hal_rcc_ex.o
 .comment       0x0000000000000053       0x54 ./Drivers/STM32F4xx_HAL_Driver/Src/stm32f4xx_hal_tim.o
 .comment       0x0000000000000053       0x54 ./Drivers/STM32F4xx_HAL_Driver/Src/stm32f4xx_hal_tim_ex.o
 .comment       0x0000000000000053       0x54 ./common/ThirdParty/FreeRTOS/list.o
 .comment       0x0000000000000053       0x54 ./common/ThirdParty/FreeRTOS/tasks.o
 .comment       0x0000000000000053       0x54 ./common/ThirdParty/FreeRTOS/portable/GCC/ARM_CM4F/port.o
 .comment       0x0000000000000053       0x54 ./common/ThirdParty/FreeRTOS/portable/MemMang/heap_2.o
 .comment       0x0000000000000053       0x54 ./common/ThirdParty/SEGGER/Config/SEGGER_SYSVIEW_Config_FreeRTOS.o
 .comment       0x0000000000000053       0x54 ./common/ThirdParty/SEGGER/OS/SEGGER_SYSVIEW_FreeRTOS.o
 .comment       0x0000000000000053       0x54 ./common/ThirdParty/SEGGER/Rec/segger_uart.o
 .comment       0x0000000000000053       0x54 ./common/ThirdParty/SEGGER/SEGGER/SEGGER_RTT.o
 .comment       0x0000000000000053       0x54 ./common/ThirdParty/SEGGER/SEGGER/SEGGER_SYSVIEW.o

.debug_frame    0x0000000000000000     0x4a98
 .debug_frame   0x0000000000000000      0x134 ./Core/Src/main.o
 .debug_frame   0x0000000000000134       0x34 ./Core/Src/stm32f4xx_hal_msp.o
 .debug_frame   0x0000000000000168       0x74 ./Core/Src/stm32f4xx_hal_timebase_tim.o
 .debug_frame   0x00000000000001dc       0xe0 ./Core/Src/stm32f4xx_it.o
 .debug_frame   0x00000000000002bc       0x58 ./Core/Src/system_stm32f4xx.o
 .debug_frame   0x0000000000000314      0x374 ./Drivers/STM32F4xx_HAL_Driver/Src/stm32f4xx_hal.o
 .debug_frame   0x0000000000000688      0x498 ./Drivers/STM32F4xx_HAL_Driver/Src/stm32f4xx_hal_cortex.o
 .debug_frame   0x0000000000000b20      0x14c ./Drivers/STM32F4xx_HAL_Driver/Src/stm32f4xx_hal_gpio.o
 .debug_frame   0x0000000000000c6c      0x14c ./Drivers/STM32F4xx_HAL_Driver/Src/stm32f4xx_hal_pwr_ex.o
 .debug_frame   0x0000000000000db8      0x1f0 ./Drivers/STM32F4xx_HAL_Driver/Src/stm32f4xx_hal_rcc.o
 .debug_frame   0x0000000000000fa8      0x1e8 ./Drivers/STM32F4xx_HAL_Driver/Src/stm32f4xx_hal_rcc_ex.o
 .debug_frame   0x0000000000001190     0x11bc ./Drivers/STM32F4xx_HAL_Driver/Src/stm32f4xx_hal_tim.o
 .debug_frame   0x000000000000234c      0x638 ./Drivers/STM32F4xx_HAL_Driver/Src/stm32f4xx_hal_tim_ex.o
 .debug_frame   0x0000000000002984       0xd8 ./common/ThirdParty/FreeRTOS/list.o
 .debug_frame   0x0000000000002a5c      0x8fc ./common/ThirdParty/FreeRTOS/tasks.o
 .debug_frame   0x0000000000003358      0x1d0 ./common/ThirdParty/FreeRTOS/portable/GCC/ARM_CM4F/port.o
 .debug_frame   0x0000000000003528       0xc0 ./common/ThirdParty/FreeRTOS/portable/MemMang/heap_2.o
 .debug_frame   0x00000000000035e8       0x48 ./common/ThirdParty/SEGGER/Config/SEGGER_SYSVIEW_Config_FreeRTOS.o
 .debug_frame   0x0000000000003630       0xfc ./common/ThirdParty/SEGGER/OS/SEGGER_SYSVIEW_FreeRTOS.o
 .debug_frame   0x000000000000372c      0x178 ./common/ThirdParty/SEGGER/Rec/segger_uart.o
 .debug_frame   0x00000000000038a4      0x530 ./common/ThirdParty/SEGGER/SEGGER/SEGGER_RTT.o
 .debug_frame   0x0000000000003dd4      0xbc4 ./common/ThirdParty/SEGGER/SEGGER/SEGGER_SYSVIEW.o
 .debug_frame   0x0000000000004998       0x2c c:/st/stm32cubeide_1.4.0/stm32cubeide/plugins/com.st.stm32cube.ide.mcu.externaltools.gnu-tools-for-stm32.9-2020-q2-update.win32_2.0.0.202105311346/tools/bin/../lib/gcc/arm-none-eabi/9.3.1/../../../../arm-none-eabi/lib/thumb/v7e-m+fp/hard\libc_nano.a(lib_a-init.o)
 .debug_frame   0x00000000000049c4       0x2c c:/st/stm32cubeide_1.4.0/stm32cubeide/plugins/com.st.stm32cube.ide.mcu.externaltools.gnu-tools-for-stm32.9-2020-q2-update.win32_2.0.0.202105311346/tools/bin/../lib/gcc/arm-none-eabi/9.3.1/../../../../arm-none-eabi/lib/thumb/v7e-m+fp/hard\libc_nano.a(lib_a-memcmp.o)
 .debug_frame   0x00000000000049f0       0x28 c:/st/stm32cubeide_1.4.0/stm32cubeide/plugins/com.st.stm32cube.ide.mcu.externaltools.gnu-tools-for-stm32.9-2020-q2-update.win32_2.0.0.202105311346/tools/bin/../lib/gcc/arm-none-eabi/9.3.1/../../../../arm-none-eabi/lib/thumb/v7e-m+fp/hard\libc_nano.a(lib_a-memcpy-stub.o)
 .debug_frame   0x0000000000004a18       0x20 c:/st/stm32cubeide_1.4.0/stm32cubeide/plugins/com.st.stm32cube.ide.mcu.externaltools.gnu-tools-for-stm32.9-2020-q2-update.win32_2.0.0.202105311346/tools/bin/../lib/gcc/arm-none-eabi/9.3.1/../../../../arm-none-eabi/lib/thumb/v7e-m+fp/hard\libc_nano.a(lib_a-memset.o)
 .debug_frame   0x0000000000004a38       0x2c c:/st/stm32cubeide_1.4.0/stm32cubeide/plugins/com.st.stm32cube.ide.mcu.externaltools.gnu-tools-for-stm32.9-2020-q2-update.win32_2.0.0.202105311346/tools/bin/../lib/gcc/arm-none-eabi/9.3.1/thumb/v7e-m+fp/hard\libgcc.a(_aeabi_uldivmod.o)
 .debug_frame   0x0000000000004a64       0x34 c:/st/stm32cubeide_1.4.0/stm32cubeide/plugins/com.st.stm32cube.ide.mcu.externaltools.gnu-tools-for-stm32.9-2020-q2-update.win32_2.0.0.202105311346/tools/bin/../lib/gcc/arm-none-eabi/9.3.1/thumb/v7e-m+fp/hard\libgcc.a(_udivmoddi4.o)